Archive member included to satisfy reference by file (symbol)

/Applications/microchip/xc32/v4.10/bin/bin/../../lib/gcc/pic32c/8.3.1/../../../../pic32c/lib/thumb/v7e-m+fp/hard/libpic32c.a(data_init.o)
                              build/default/debug/_ext/1171490990/startup_xc32.o (__pic32c_data_initialization)
/Applications/microchip/xc32/v4.10/bin/bin/../../lib/gcc/pic32c/8.3.1/../../../../pic32c/lib/thumb/v7e-m+fp/hard/libm-emfloat.a(floatasmops_arm.o)
                              /var/folders/sf/sp08cv152rlf5c23w55hcqy40000gp/T//ccumYmLn.o (__aeabi_dmul)
/Applications/microchip/xc32/v4.10/bin/bin/../../lib/gcc/pic32c/8.3.1/../../../../pic32c/lib/thumb/v7e-m+fp/hard/libg-musl.a(__libc_start_main.o)
                              build/default/debug/_ext/1171490990/startup_xc32.o (__libc_init_array)
/Applications/microchip/xc32/v4.10/bin/bin/../../lib/gcc/pic32c/8.3.1/../../../../pic32c/lib/thumb/v7e-m+fp/hard/libg-musl.a(assert.o)
                              /var/folders/sf/sp08cv152rlf5c23w55hcqy40000gp/T//ccumYmLn.o (__assert_fail)
/Applications/microchip/xc32/v4.10/bin/bin/../../lib/gcc/pic32c/8.3.1/../../../../pic32c/lib/thumb/v7e-m+fp/hard/libg-musl.a(abort.o)
                              /Applications/microchip/xc32/v4.10/bin/bin/../../lib/gcc/pic32c/8.3.1/../../../../pic32c/lib/thumb/v7e-m+fp/hard/libg-musl.a(assert.o) (abort)
/Applications/microchip/xc32/v4.10/bin/bin/../../lib/gcc/pic32c/8.3.1/../../../../pic32c/lib/thumb/v7e-m+fp/hard/libg-musl.a(libc.o)
                              /Applications/microchip/xc32/v4.10/bin/bin/../../lib/gcc/pic32c/8.3.1/../../../../pic32c/lib/thumb/v7e-m+fp/hard/libg-musl.a(__libc_start_main.o) (__progname_full)
/Applications/microchip/xc32/v4.10/bin/bin/../../lib/gcc/pic32c/8.3.1/../../../../pic32c/lib/thumb/v7e-m+fp/hard/libg-musl.a(__sio_sprintf_doux.o)
                              (_sprintf_cdnopuxX)
/Applications/microchip/xc32/v4.10/bin/bin/../../lib/gcc/pic32c/8.3.1/../../../../pic32c/lib/thumb/v7e-m+fp/hard/libg-musl.a(fprintf.o)
                              /Applications/microchip/xc32/v4.10/bin/bin/../../lib/gcc/pic32c/8.3.1/../../../../pic32c/lib/thumb/v7e-m+fp/hard/libg-musl.a(assert.o) (fprintf)
/Applications/microchip/xc32/v4.10/bin/bin/../../lib/gcc/pic32c/8.3.1/../../../../pic32c/lib/thumb/v7e-m+fp/hard/libg-musl.a(__fmt_d.o)
                              /Applications/microchip/xc32/v4.10/bin/bin/../../lib/gcc/pic32c/8.3.1/../../../../pic32c/lib/thumb/v7e-m+fp/hard/libg-musl.a(__sio_sprintf_doux.o) (__fmt_d_needed)
/Applications/microchip/xc32/v4.10/bin/bin/../../lib/gcc/pic32c/8.3.1/../../../../pic32c/lib/thumb/v7e-m+fp/hard/libg-musl.a(__fmt_o.o)
                              /Applications/microchip/xc32/v4.10/bin/bin/../../lib/gcc/pic32c/8.3.1/../../../../pic32c/lib/thumb/v7e-m+fp/hard/libg-musl.a(__sio_sprintf_doux.o) (__fmt_o_needed)
/Applications/microchip/xc32/v4.10/bin/bin/../../lib/gcc/pic32c/8.3.1/../../../../pic32c/lib/thumb/v7e-m+fp/hard/libg-musl.a(__fmt_s.o)
                              /Applications/microchip/xc32/v4.10/bin/bin/../../lib/gcc/pic32c/8.3.1/../../../../pic32c/lib/thumb/v7e-m+fp/hard/libg-musl.a(__sio_sprintf_doux.o) (__fmt_s_needed)
/Applications/microchip/xc32/v4.10/bin/bin/../../lib/gcc/pic32c/8.3.1/../../../../pic32c/lib/thumb/v7e-m+fp/hard/libg-musl.a(__fmt_u.o)
                              /Applications/microchip/xc32/v4.10/bin/bin/../../lib/gcc/pic32c/8.3.1/../../../../pic32c/lib/thumb/v7e-m+fp/hard/libg-musl.a(__fmt_d.o) (__cvt_u)
/Applications/microchip/xc32/v4.10/bin/bin/../../lib/gcc/pic32c/8.3.1/../../../../pic32c/lib/thumb/v7e-m+fp/hard/libg-musl.a(__fmt_x.o)
                              /Applications/microchip/xc32/v4.10/bin/bin/../../lib/gcc/pic32c/8.3.1/../../../../pic32c/lib/thumb/v7e-m+fp/hard/libg-musl.a(__sio_sprintf_doux.o) (__fmt_x_needed)
/Applications/microchip/xc32/v4.10/bin/bin/../../lib/gcc/pic32c/8.3.1/../../../../pic32c/lib/thumb/v7e-m+fp/hard/libg-musl.a(__printf_core.o)
                              /Applications/microchip/xc32/v4.10/bin/bin/../../lib/gcc/pic32c/8.3.1/../../../../pic32c/lib/thumb/v7e-m+fp/hard/libg-musl.a(__fmt_d.o) (__pad)
/Applications/microchip/xc32/v4.10/bin/bin/../../lib/gcc/pic32c/8.3.1/../../../../pic32c/lib/thumb/v7e-m+fp/hard/libg-musl.a(fflush.o)
                              /Applications/microchip/xc32/v4.10/bin/bin/../../lib/gcc/pic32c/8.3.1/../../../../pic32c/lib/thumb/v7e-m+fp/hard/libg-musl.a(assert.o) (fflush)
/Applications/microchip/xc32/v4.10/bin/bin/../../lib/gcc/pic32c/8.3.1/../../../../pic32c/lib/thumb/v7e-m+fp/hard/libg-musl.a(stderr.o)
                              /Applications/microchip/xc32/v4.10/bin/bin/../../lib/gcc/pic32c/8.3.1/../../../../pic32c/lib/thumb/v7e-m+fp/hard/libg-musl.a(assert.o) (_stderr)
/Applications/microchip/xc32/v4.10/bin/bin/../../lib/gcc/pic32c/8.3.1/../../../../pic32c/lib/thumb/v7e-m+fp/hard/libg-musl.a(vfprintf.o)
[...]
Memory Configuration

Name             Origin             Length             Attributes
rom              0x00000000         0x00100000         xrl
ram              0x20000000         0x00040000         xw !r
tcm              0x03000000         0x00000000         xw
bkupram          0x47000000         0x00002000
config_00804000  0x00804000         0x00000004
config_00804008  0x00804008         0x00000004
config_00804004  0x00804004         0x00000004
*default*        0x00000000         0xffffffff

Linker script and memory map

LOAD /Applications/microchip/xc32/v4.10/bin/bin/../../lib/gcc/pic32c/8.3.1/thumb/v7e-m+fp/hard/crti.o
LOAD /Applications/microchip/xc32/v4.10/bin/bin/../../lib/gcc/pic32c/8.3.1/thumb/v7e-m+fp/hard/crtbegin.o
LOAD build/default/debug/_ext/1434821282/bsp.o
LOAD build/default/debug/_ext/1984496892/plib_clock.o
LOAD build/default/debug/_ext/1865131932/plib_cmcc.o
LOAD build/default/debug/_ext/1986646378/plib_evsys.o
LOAD build/default/debug/_ext/1865468468/plib_nvic.o
LOAD build/default/debug/_ext/1593096446/plib_nvmctrl.o
LOAD build/default/debug/_ext/1865521619/plib_port.o
LOAD build/default/debug/_ext/60180175/plib_rtc_timer.o
LOAD build/default/debug/_ext/17022449/plib_sercom6_spi_master.o
LOAD build/default/debug/_ext/1827571544/plib_systick.o
LOAD build/default/debug/_ext/163028504/xc32_monitor.o
LOAD build/default/debug/_ext/1171490990/initialization.o
LOAD build/default/debug/_ext/1171490990/interrupts.o
LOAD build/default/debug/_ext/1171490990/exceptions.o
LOAD build/default/debug/_ext/1171490990/startup_xc32.o
LOAD build/default/debug/_ext/1171490990/libc_syscalls.o
LOAD build/default/debug/_ext/1360937237/main.o
LOAD /var/folders/sf/sp08cv152rlf5c23w55hcqy40000gp/T//ccumYmLn.o
                0x00000001                __MPLAB_BUILD = 0x1
                0x00100000                __rom_end = (ORIGIN (rom) + LENGTH (rom))
                0x20040000                __ram_end = (ORIGIN (ram) + LENGTH (ram))

.config_00804000
 *(.config_00804000)

.config_00804008
 *(.config_00804008)

.config_00804004
 *(.config_00804004)

.vectors        0x00000000      0x264
                0x00000000                . = ALIGN (0x4)
                0x00000000                _sfixed = .
 *(.vectors .vectors.* .vectors_default .vectors_default.*)
 .vectors.exception_table
                0x00000000      0x264 build/default/debug/_ext/1171490990/interrupts.o
                0x00000000                exception_table
 *(.isr_vector)
 *(.reset*)
 *(.after_vectors)

.text           0x00000264       0x20
                0x00000264                . = ALIGN (0x4)
 *(.glue_7t)
 .glue_7t       0x00000264        0x0 linker stubs
 *(.glue_7)
 .glue_7        0x00000264        0x0 linker stubs
 *(.gnu.linkonce.r.*)
 *(.ARM.extab* .gnu.linkonce.armextab.*)
                0x00000264                . = ALIGN (0x4)
 *(.init)
 .init          0x00000264        0x4 /Applications/microchip/xc32/v4.10/bin/bin/../../lib/gcc/pic32c/8.3.1/thumb/v7e-m+fp/hard/crti.o
                0x00000264                _init
 .init          0x00000268        0x8 /Applications/microchip/xc32/v4.10/bin/bin/../../lib/gcc/pic32c/8.3.1/thumb/v7e-m+fp/hard/crtn.o
                0x00000270                . = ALIGN (0x4)
                0x00000270                __preinit_array_start = .
 *(.preinit_array)
                0x00000270                __preinit_array_end = .
                0x00000270                . = ALIGN (0x4)
                0x00000270                __init_array_start = .
 *(SORT_BY_NAME(.init_array.*))
 *(.init_array)
 .init_array    0x00000270        0x4 /Applications/microchip/xc32/v4.10/bin/bin/../../lib/gcc/pic32c/8.3.1/thumb/v7e-m+fp/hard/crtbegin.o
                0x00000274                __init_array_end = .
                0x00000274                . = ALIGN (0x4)
 *crtbegin.o(.ctors)
 *(EXCLUDE_FILE(*crtend.o) .ctors)
 *(SORT_BY_NAME(.ctors.*))
 *crtend.o(.ctors)
                0x00000274                . = ALIGN (0x4)
 *(.fini)
 .fini          0x00000274        0x4 /Applications/microchip/xc32/v4.10/bin/bin/../../lib/gcc/pic32c/8.3.1/thumb/v7e-m+fp/hard/crti.o
                0x00000274                _fini
 .fini          0x00000278        0x8 /Applications/microchip/xc32/v4.10/bin/bin/../../lib/gcc/pic32c/8.3.1/thumb/v7e-m+fp/hard/crtn.o
                0x00000280                . = ALIGN (0x4)
                0x00000280                __fini_array_start = .
 *(.fini_array)
 .fini_array    0x00000280        0x4 /Applications/microchip/xc32/v4.10/bin/bin/../../lib/gcc/pic32c/8.3.1/thumb/v7e-m+fp/hard/crtbegin.o
 *(SORT_BY_NAME(.fini_array.*))
                0x00000284                __fini_array_end = .
 *crtbegin.o(.dtors)
 *(EXCLUDE_FILE(*crtend.o) .dtors)
 *(SORT_BY_NAME(.dtors.*))
 *crtend.o(.dtors)
                0x00000284                . = ALIGN (0x4)
                0x00000284                _efixed = .
                [!provide]                PROVIDE (__exidx_start = .)

.ARM.exidx      0x00000284        0x8
 *(.ARM.exidx* .gnu.linkonce.armexidx.*)
 .ARM.exidx     0x00000284        0x8 /Applications/microchip/xc32/v4.10/bin/bin/../../lib/gcc/pic32c/8.3.1/thumb/v7e-m+fp/hard/libgcc.a(_udivmoddi4.o)
                [!provide]                PROVIDE (__exidx_end = .)
                0x0000028c                . = ALIGN (0x4)
                0x0000028c                _etext = .

.bss            0x20000000       0x3c
                0x20000000                . = ALIGN (0x4)
                0x20000000                __bss_start__ = .
                0x20000000                _sbss = .
                0x20000000                _szero = .
 *(COMMON)
 COMMON         0x20000000       0x3c /var/folders/sf/sp08cv152rlf5c23w55hcqy40000gp/T//ccumYmLn.o
                0x20000000                LoRa
                0x2000003c                . = ALIGN (0x4)
                0x2000003c                __bss_end__ = .
                0x2000003c                _ebss = .
                0x2000003c                _ezero = .
                0x2000003c                . = ALIGN (0x4)
                0x2000003c                _end = .
                0x2003ffff                _ram_end_ = ((ORIGIN (ram) + LENGTH (ram)) - 0x1)

.bkupram_bss
 *(.bkupram_bss .bkupram_bss.*)
 *(.pbss .pbss.*)
                0x00000001                __ICD2RAM = 0x1
                0x00000001                __MPLAB_DEBUG = 0x1
                0x00000001                __DEBUG = 0x1
                0x00000200                _min_heap_size = 0x200
START GROUP
LOAD /Applications/microchip/xc32/v4.10/bin/bin/../../lib/gcc/pic32c/8.3.1/../../../../pic32c/lib/thumb/v7e-m+fp/hard/libpic32c.a
LOAD /Applications/microchip/xc32/v4.10/bin/bin/../../lib/gcc/pic32c/8.3.1/../../../../pic32c/lib/thumb/v7e-m+fp/hard/libm-emfloat.a
LOAD /Applications/microchip/xc32/v4.10/bin/bin/../../lib/gcc/pic32c/8.3.1/../../../../pic32c/lib/thumb/v7e-m+fp/hard/libg-musl.a
LOAD /Applications/microchip/xc32/v4.10/bin/bin/../../lib/gcc/pic32c/8.3.1/../../../../pic32c/lib/thumb/v7e-m+fp/hard/libc-musl.a
LOAD /Applications/microchip/xc32/v4.10/bin/bin/../../lib/gcc/pic32c/8.3.1/../../../../pic32c/lib/thumb/v7e-m+fp/hard/libm-emfloat.a
LOAD /Applications/microchip/xc32/v4.10/bin/bin/../../lib/gcc/pic32c/8.3.1/thumb/v7e-m+fp/hard/libgcc.a
END GROUP
LOAD /Applications/microchip/xc32/v4.10/bin/bin/../../lib/gcc/pic32c/8.3.1/thumb/v7e-m+fp/hard/crtend.o
LOAD /Applications/microchip/xc32/v4.10/bin/bin/../../lib/gcc/pic32c/8.3.1/thumb/v7e-m+fp/hard/crtn.o
OUTPUT(dist/default/debug/weather-station-proto-research-same54-xplained.X.debug.elf elf32-littlearm)
LOAD stack
LOAD data_init

.ARM.attributes
                0x00000000       0x32
 .ARM.attributes
                0x00000000       0x1e /Applications/microchip/xc32/v4.10/bin/bin/../../lib/gcc/pic32c/8.3.1/thumb/v7e-m+fp/hard/crti.o
 .ARM.attributes
                0x0000001e       0x34 /Applications/microchip/xc32/v4.10/bin/bin/../../lib/gcc/pic32c/8.3.1/thumb/v7e-m+fp/hard/crtbegin.o
 .ARM.attributes
                0x00000052       0x34 build/default/debug/_ext/1434821282/bsp.o
 .ARM.attributes
                0x00000086       0x34 build/default/debug/_ext/1984496892/plib_clock.o
 .ARM.attributes
                0x000000ba       0x34 build/default/debug/_ext/1986646378/plib_evsys.o
 .ARM.attributes
                0x000000ee       0x34 build/default/debug/_ext/1865468468/plib_nvic.o
 .ARM.attributes
                0x00000122       0x34 build/default/debug/_ext/1593096446/plib_nvmctrl.o
 .ARM.attributes
                0x00000156       0x34 build/default/debug/_ext/1865521619/plib_port.o
 .ARM.attributes
                0x0000018a       0x34 build/default/debug/_ext/60180175/plib_rtc_timer.o
 .ARM.attributes
                0x000001be       0x34 build/default/debug/_ext/17022449/plib_sercom6_spi_master.o
 .ARM.attributes
                0x000001f2       0x34 build/default/debug/_ext/1827571544/plib_systick.o
 .ARM.attributes
                0x00000226       0x34 build/default/debug/_ext/163028504/xc32_monitor.o
 .ARM.attributes
                0x0000025a       0x34 build/default/debug/_ext/1171490990/initialization.o
 .ARM.attributes
                0x0000028e       0x34 build/default/debug/_ext/1171490990/interrupts.o
 .ARM.attributes
                0x000002c2       0x34 build/default/debug/_ext/1171490990/exceptions.o
 .ARM.attributes
                0x000002f6       0x34 build/default/debug/_ext/1171490990/startup_xc32.o
 .ARM.attributes
                0x0000032a       0x34 build/default/debug/_ext/1171490990/libc_syscalls.o
 .ARM.attributes
                0x0000035e       0x34 build/default/debug/_ext/1360937237/main.o
 .ARM.attributes
                0x00000392       0x34 /var/folders/sf/sp08cv152rlf5c23w55hcqy40000gp/T//ccumYmLn.o
 .ARM.attributes
                0x000003c6       0x34 /Applications/microchip/xc32/v4.10/bin/bin/../../lib/gcc/pic32c/8.3.1/../../../../pic32c/lib/thumb/v7e-m+fp/hard/libpic32c.a(data_init.o)
 .ARM.attributes
                0x000003fa       0x20 /Applications/microchip/xc32/v4.10/bin/bin/../../lib/gcc/pic32c/8.3.1/../../../../pic32c/lib/thumb/v7e-m+fp/hard/libm-emfloat.a(floatasmops_arm.o)
 .ARM.attributes
                0x0000041a       0x36 /Applications/microchip/xc32/v4.10/bin/bin/../../lib/gcc/pic32c/8.3.1/../../../../pic32c/lib/thumb/v7e-m+fp/hard/libg-musl.a(__libc_start_main.o)
 .ARM.attributes
                0x00000450       0x36 /Applications/microchip/xc32/v4.10/bin/bin/../../lib/gcc/pic32c/8.3.1/../../../../pic32c/lib/thumb/v7e-m+fp/hard/libg-musl.a(assert.o)
 .ARM.attributes
                0x00000486       0x36 /Applications/microchip/xc32/v4.10/bin/bin/../../lib/gcc/pic32c/8.3.1/../../../../pic32c/lib/thumb/v7e-m+fp/hard/libg-musl.a(abort.o)
 .ARM.attributes
                0x000004bc       0x34 /Applications/microchip/xc32/v4.10/bin/bin/../../lib/gcc/pic32c/8.3.1/../../../../pic32c/lib/thumb/v7e-m+fp/hard/libg-musl.a(libc.o)
 .ARM.attributes
                0x000004f0       0x36 /Applications/microchip/xc32/v4.10/bin/bin/../../lib/gcc/pic32c/8.3.1/../../../../pic32c/lib/thumb/v7e-m+fp/hard/libg-musl.a(fprintf.o)
 .ARM.attributes
                0x00000526       0x36 /Applications/microchip/xc32/v4.10/bin/bin/../../lib/gcc/pic32c/8.3.1/../../../../pic32c/lib/thumb/v7e-m+fp/hard/libg-musl.a(__fmt_d.o)
 .ARM.attributes
                0x0000055c       0x36 /Applications/microchip/xc32/v4.10/bin/bin/../../lib/gcc/pic32c/8.3.1/../../../../pic32c/lib/thumb/v7e-m+fp/hard/libg-musl.a(__fmt_o.o)
 .ARM.attributes
                0x00000592       0x36 /Applications/microchip/xc32/v4.10/bin/bin/../../lib/gcc/pic32c/8.3.1/../../../../pic32c/lib/thumb/v7e-m+fp/hard/libg-musl.a(__fmt_s.o)
 .ARM.attributes
                0x000005c8       0x36 /Applications/microchip/xc32/v4.10/bin/bin/../../lib/gcc/pic32c/8.3.1/../../../../pic32c/lib/thumb/v7e-m+fp/hard/libg-musl.a(__fmt_u.o)
 .ARM.attributes
                0x000005fe       0x36 /Applications/microchip/xc32/v4.10/bin/bin/../../lib/gcc/pic32c/8.3.1/../../../../pic32c/lib/thumb/v7e-m+fp/hard/libg-musl.a(__fmt_x.o)
 .ARM.attributes
                0x00000634       0x36 /Applications/microchip/xc32/v4.10/bin/bin/../../lib/gcc/pic32c/8.3.1/../../../../pic32c/lib/thumb/v7e-m+fp/hard/libg-musl.a(__printf_core.o)
 .ARM.attributes
                0x0000066a       0x36 /Applications/microchip/xc32/v4.10/bin/bin/../../lib/gcc/pic32c/8.3.1/../../../../pic32c/lib/thumb/v7e-m+fp/hard/libg-musl.a(fflush.o)
 .ARM.attributes
                0x000006a0       0x36 /Applications/microchip/xc32/v4.10/bin/bin/../../lib/gcc/pic32c/8.3.1/../../../../pic32c/lib/thumb/v7e-m+fp/hard/libg-musl.a(stderr.o)
 .ARM.attributes
                0x000006d6       0x36 /Applications/microchip/xc32/v4.10/bin/bin/../../lib/gcc/pic32c/8.3.1/../../../../pic32c/lib/thumb/v7e-m+fp/hard/libg-musl.a(vfprintf.o)
 .ARM.attributes
                0x0000070c       0x36 /Applications/microchip/xc32/v4.10/bin/bin/../../lib/gcc/pic32c/8.3.1/../../../../pic32c/lib/thumb/v7e-m+fp/hard/libg-musl.a(atoi.o)
 .ARM.attributes
                0x00000742       0x36 /Applications/microchip/xc32/v4.10/bin/bin/../../lib/gcc/pic32c/8.3.1/../../../../pic32c/lib/thumb/v7e-m+fp/hard/libg-musl.a(memcpy.o)
 .ARM.attributes
                0x00000778       0x36 /Applications/microchip/xc32/v4.10/bin/bin/../../lib/gcc/pic32c/8.3.1/../../../../pic32c/lib/thumb/v7e-m+fp/hard/libg-musl.a(memset.o)
 .ARM.attributes
                0x000007ae       0x36 /Applications/microchip/xc32/v4.10/bin/bin/../../lib/gcc/pic32c/8.3.1/../../../../pic32c/lib/thumb/v7e-m+fp/hard/libg-musl.a(strlen.o)
 .ARM.attributes
                0x000007e4       0x36 /Applications/microchip/xc32/v4.10/bin/bin/../../lib/gcc/pic32c/8.3.1/../../../../pic32c/lib/thumb/v7e-m+fp/hard/libg-musl.a(tolower.o)
 .ARM.attributes
                0x0000081a       0x36 /Applications/microchip/xc32/v4.10/bin/bin/../../lib/gcc/pic32c/8.3.1/../../../../pic32c/lib/thumb/v7e-m+fp/hard/libg-musl.a(toupper.o)
 .ARM.attributes
                0x00000850       0x34 /Applications/microchip/xc32/v4.10/bin/bin/../../lib/gcc/pic32c/8.3.1/../../../../pic32c/lib/thumb/v7e-m+fp/hard/libg-musl.a(__environ.o)
 .ARM.attributes
                0x00000884       0x34 /Applications/microchip/xc32/v4.10/bin/bin/../../lib/gcc/pic32c/8.3.1/../../../../pic32c/lib/thumb/v7e-m+fp/hard/libg-musl.a(__errno_location.o)
 .ARM.attributes
                0x000008b8       0x36 /Applications/microchip/xc32/v4.10/bin/bin/../../lib/gcc/pic32c/8.3.1/../../../../pic32c/lib/thumb/v7e-m+fp/hard/libg-musl.a(_Exit.o)
 .ARM.attributes
                0x000008ee       0x36 /Applications/microchip/xc32/v4.10/bin/bin/../../lib/gcc/pic32c/8.3.1/../../../../pic32c/lib/thumb/v7e-m+fp/hard/libg-musl.a(__pop_float.o)
 .ARM.attributes
                0x00000924       0x36 /Applications/microchip/xc32/v4.10/bin/bin/../../lib/gcc/pic32c/8.3.1/../../../../pic32c/lib/thumb/v7e-m+fp/hard/libg-musl.a(__pop_int.o)
 .ARM.attributes
                0x0000095a       0x36 /Applications/microchip/xc32/v4.10/bin/bin/../../lib/gcc/pic32c/8.3.1/../../../../pic32c/lib/thumb/v7e-m+fp/hard/libg-musl.a(__pop_ptr.o)
 .ARM.attributes
                0x00000990       0x36 /Applications/microchip/xc32/v4.10/bin/bin/../../lib/gcc/pic32c/8.3.1/../../../../pic32c/lib/thumb/v7e-m+fp/hard/libg-musl.a(__fmt_a.o)
 .ARM.attributes
                0x000009c6       0x36 /Applications/microchip/xc32/v4.10/bin/bin/../../lib/gcc/pic32c/8.3.1/../../../../pic32c/lib/thumb/v7e-m+fp/hard/libg-musl.a(__fmt_fp.o)
 .ARM.attributes
                0x000009fc       0x36 /Applications/microchip/xc32/v4.10/bin/bin/../../lib/gcc/pic32c/8.3.1/../../../../pic32c/lib/thumb/v7e-m+fp/hard/libg-musl.a(__init_stdio.o)
 .ARM.attributes
                0x00000a32       0x36 /Applications/microchip/xc32/v4.10/bin/bin/../../lib/gcc/pic32c/8.3.1/../../../../pic32c/lib/thumb/v7e-m+fp/hard/libg-musl.a(__out.o)
 .ARM.attributes
                0x00000a68       0x36 /Applications/microchip/xc32/v4.10/bin/bin/../../lib/gcc/pic32c/8.3.1/../../../../pic32c/lib/thumb/v7e-m+fp/hard/libg-musl.a(strcpy.o)
 .ARM.attributes
                0x00000a9e       0x36 /Applications/microchip/xc32/v4.10/bin/bin/../../lib/gcc/pic32c/8.3.1/../../../../pic32c/lib/thumb/v7e-m+fp/hard/libg-musl.a(stpcpy.o)
 .ARM.attributes
                0x00000ad4       0x36 /Applications/microchip/xc32/v4.10/bin/bin/../../lib/gcc/pic32c/8.3.1/../../../../pic32c/lib/thumb/v7e-m+fp/hard/libc-musl.a(sprintf.o)
 .ARM.attributes
                0x00000b0a       0x36 /Applications/microchip/xc32/v4.10/bin/bin/../../lib/gcc/pic32c/8.3.1/../../../../pic32c/lib/thumb/v7e-m+fp/hard/libc-musl.a(vsprintf.o)
 .ARM.attributes
                0x00000b40       0x36 /Applications/microchip/xc32/v4.10/bin/bin/../../lib/gcc/pic32c/8.3.1/../../../../pic32c/lib/thumb/v7e-m+fp/hard/libc-musl.a(vsnprintf.o)
 .ARM.attributes
                0x00000b76       0x34 /Applications/microchip/xc32/v4.10/bin/bin/../../lib/gcc/pic32c/8.3.1/../../../../pic32c/lib/thumb/v7e-m+fp/hard/libm-emfloat.a(lib_a-_FLOOR.o)
 .ARM.attributes
                0x00000baa       0x34 /Applications/microchip/xc32/v4.10/bin/bin/../../lib/gcc/pic32c/8.3.1/../../../../pic32c/lib/thumb/v7e-m+fp/hard/libm-emfloat.a(lib_a-_FMA.o)
 .ARM.attributes
                0x00000bde       0x1e /Applications/microchip/xc32/v4.10/bin/bin/../../lib/gcc/pic32c/8.3.1/thumb/v7e-m+fp/hard/libgcc.a(_aeabi_uldivmod.o)
 .ARM.attributes
                0x00000bfc       0x34 /Applications/microchip/xc32/v4.10/bin/bin/../../lib/gcc/pic32c/8.3.1/thumb/v7e-m+fp/hard/libgcc.a(_udivmoddi4.o)
 .ARM.attributes
                0x00000c30       0x1e /Applications/microchip/xc32/v4.10/bin/bin/../../lib/gcc/pic32c/8.3.1/thumb/v7e-m+fp/hard/libgcc.a(_dvmd_tls.o)
 .ARM.attributes
                0x00000c4e       0x1e /Applications/microchip/xc32/v4.10/bin/bin/../../lib/gcc/pic32c/8.3.1/thumb/v7e-m+fp/hard/crtn.o

.comment        0x00000000       0x2b
 .comment       0x00000000       0x2b /Applications/microchip/xc32/v4.10/bin/bin/../../lib/gcc/pic32c/8.3.1/thumb/v7e-m+fp/hard/crtbegin.o
                                 0x2c (size before relaxing)
 .comment       0x0000002b       0x2c build/default/debug/_ext/1434821282/bsp.o
 .comment       0x0000002b       0x2c build/default/debug/_ext/1984496892/plib_clock.o
 .comment       0x0000002b       0x2c build/default/debug/_ext/1986646378/plib_evsys.o
 .comment       0x0000002b       0x2c build/default/debug/_ext/1865468468/plib_nvic.o
 .comment       0x0000002b       0x2c build/default/debug/_ext/1593096446/plib_nvmctrl.o
 .comment       0x0000002b       0x2c build/default/debug/_ext/1865521619/plib_port.o
 .comment       0x0000002b       0x2c build/default/debug/_ext/60180175/plib_rtc_timer.o
 .comment       0x0000002b       0x2c build/default/debug/_ext/17022449/plib_sercom6_spi_master.o
 .comment       0x0000002b       0x2c build/default/debug/_ext/1827571544/plib_systick.o
 .comment       0x0000002b       0x2c build/default/debug/_ext/163028504/xc32_monitor.o
 .comment       0x0000002b       0x2c build/default/debug/_ext/1171490990/initialization.o
 .comment       0x0000002b       0x2c build/default/debug/_ext/1171490990/interrupts.o
 .comment       0x0000002b       0x2c build/default/debug/_ext/1171490990/exceptions.o
 .comment       0x0000002b       0x2c build/default/debug/_ext/1171490990/startup_xc32.o
 .comment       0x0000002b       0x2c build/default/debug/_ext/1171490990/libc_syscalls.o
 .comment       0x0000002b       0x2c build/default/debug/_ext/1360937237/main.o
 .comment       0x0000002b       0x2c /var/folders/sf/sp08cv152rlf5c23w55hcqy40000gp/T//ccumYmLn.o
 .comment       0x0000002b       0x2c /Applications/microchip/xc32/v4.10/bin/bin/../../lib/gcc/pic32c/8.3.1/../../../../pic32c/lib/thumb/v7e-m+fp/hard/libpic32c.a(data_init.o)
 .comment       0x0000002b       0x2c /Applications/microchip/xc32/v4.10/bin/bin/../../lib/gcc/pic32c/8.3.1/../../../../pic32c/lib/thumb/v7e-m+fp/hard/libg-musl.a(__libc_start_main.o)
 .comment       0x0000002b       0x2c /Applications/microchip/xc32/v4.10/bin/bin/../../lib/gcc/pic32c/8.3.1/../../../../pic32c/lib/thumb/v7e-m+fp/hard/libg-musl.a(assert.o)
 .comment       0x0000002b       0x2c /Applications/microchip/xc32/v4.10/bin/bin/../../lib/gcc/pic32c/8.3.1/../../../../pic32c/lib/thumb/v7e-m+fp/hard/libg-musl.a(abort.o)
 .comment       0x0000002b       0x2c /Applications/microchip/xc32/v4.10/bin/bin/../../lib/gcc/pic32c/8.3.1/../../../../pic32c/lib/thumb/v7e-m+fp/hard/libg-musl.a(libc.o)
 .comment       0x0000002b       0x2c /Applications/microchip/xc32/v4.10/bin/bin/../../lib/gcc/pic32c/8.3.1/../../../../pic32c/lib/thumb/v7e-m+fp/hard/libg-musl.a(fprintf.o)
 .comment       0x0000002b       0x2c /Applications/microchip/xc32/v4.10/bin/bin/../../lib/gcc/pic32c/8.3.1/../../../../pic32c/lib/thumb/v7e-m+fp/hard/libg-musl.a(__fmt_d.o)
 .comment       0x0000002b       0x2c /Applications/microchip/xc32/v4.10/bin/bin/../../lib/gcc/pic32c/8.3.1/../../../../pic32c/lib/thumb/v7e-m+fp/hard/libg-musl.a(__fmt_o.o)
 .comment       0x0000002b       0x2c /Applications/microchip/xc32/v4.10/bin/bin/../../lib/gcc/pic32c/8.3.1/../../../../pic32c/lib/thumb/v7e-m+fp/hard/libg-musl.a(__fmt_s.o)
 .comment       0x0000002b       0x2c /Applications/microchip/xc32/v4.10/bin/bin/../../lib/gcc/pic32c/8.3.1/../../../../pic32c/lib/thumb/v7e-m+fp/hard/libg-musl.a(__fmt_u.o)
 .comment       0x0000002b       0x2c /Applications/microchip/xc32/v4.10/bin/bin/../../lib/gcc/pic32c/8.3.1/../../../../pic32c/lib/thumb/v7e-m+fp/hard/libg-musl.a(__fmt_x.o)
 .comment       0x0000002b       0x2c /Applications/microchip/xc32/v4.10/bin/bin/../../lib/gcc/pic32c/8.3.1/../../../../pic32c/lib/thumb/v7e-m+fp/hard/libg-musl.a(__printf_core.o)
 .comment       0x0000002b       0x2c /Applications/microchip/xc32/v4.10/bin/bin/../../lib/gcc/pic32c/8.3.1/../../../../pic32c/lib/thumb/v7e-m+fp/hard/libg-musl.a(fflush.o)
 .comment       0x0000002b       0x2c /Applications/microchip/xc32/v4.10/bin/bin/../../lib/gcc/pic32c/8.3.1/../../../../pic32c/lib/thumb/v7e-m+fp/hard/libg-musl.a(stderr.o)
 .comment       0x0000002b       0x2c /Applications/microchip/xc32/v4.10/bin/bin/../../lib/gcc/pic32c/8.3.1/../../../../pic32c/lib/thumb/v7e-m+fp/hard/libg-musl.a(vfprintf.o)
 .comment       0x0000002b       0x2c /Applications/microchip/xc32/v4.10/bin/bin/../../lib/gcc/pic32c/8.3.1/../../../../pic32c/lib/thumb/v7e-m+fp/hard/libg-musl.a(atoi.o)
 .comment       0x0000002b       0x2c /Applications/microchip/xc32/v4.10/bin/bin/../../lib/gcc/pic32c/8.3.1/../../../../pic32c/lib/thumb/v7e-m+fp/hard/libg-musl.a(memcpy.o)
 .comment       0x0000002b       0x2c /Applications/microchip/xc32/v4.10/bin/bin/../../lib/gcc/pic32c/8.3.1/../../../../pic32c/lib/thumb/v7e-m+fp/hard/libg-musl.a(memset.o)
 .comment       0x0000002b       0x2c /Applications/microchip/xc32/v4.10/bin/bin/../../lib/gcc/pic32c/8.3.1/../../../../pic32c/lib/thumb/v7e-m+fp/hard/libg-musl.a(strlen.o)
 .comment       0x0000002b       0x2c /Applications/microchip/xc32/v4.10/bin/bin/../../lib/gcc/pic32c/8.3.1/../../../../pic32c/lib/thumb/v7e-m+fp/hard/libg-musl.a(tolower.o)
 .comment       0x0000002b       0x2c /Applications/microchip/xc32/v4.10/bin/bin/../../lib/gcc/pic32c/8.3.1/../../../../pic32c/lib/thumb/v7e-m+fp/hard/libg-musl.a(toupper.o)
 .comment       0x0000002b       0x2c /Applications/microchip/xc32/v4.10/bin/bin/../../lib/gcc/pic32c/8.3.1/../../../../pic32c/lib/thumb/v7e-m+fp/hard/libg-musl.a(__environ.o)
 .comment       0x0000002b       0x2c /Applications/microchip/xc32/v4.10/bin/bin/../../lib/gcc/pic32c/8.3.1/../../../../pic32c/lib/thumb/v7e-m+fp/hard/libg-musl.a(__errno_location.o)
 .comment       0x0000002b       0x2c /Applications/microchip/xc32/v4.10/bin/bin/../../lib/gcc/pic32c/8.3.1/../../../../pic32c/lib/thumb/v7e-m+fp/hard/libg-musl.a(_Exit.o)
 .comment       0x0000002b       0x2c /Applications/microchip/xc32/v4.10/bin/bin/../../lib/gcc/pic32c/8.3.1/../../../../pic32c/lib/thumb/v7e-m+fp/hard/libg-musl.a(__pop_float.o)
 .comment       0x0000002b       0x2c /Applications/microchip/xc32/v4.10/bin/bin/../../lib/gcc/pic32c/8.3.1/../../../../pic32c/lib/thumb/v7e-m+fp/hard/libg-musl.a(__pop_int.o)
 .comment       0x0000002b       0x2c /Applications/microchip/xc32/v4.10/bin/bin/../../lib/gcc/pic32c/8.3.1/../../../../pic32c/lib/thumb/v7e-m+fp/hard/libg-musl.a(__pop_ptr.o)
 .comment       0x0000002b       0x2c /Applications/microchip/xc32/v4.10/bin/bin/../../lib/gcc/pic32c/8.3.1/../../../../pic32c/lib/thumb/v7e-m+fp/hard/libg-musl.a(__fmt_a.o)
 .comment       0x0000002b       0x2c /Applications/microchip/xc32/v4.10/bin/bin/../../lib/gcc/pic32c/8.3.1/../../../../pic32c/lib/thumb/v7e-m+fp/hard/libg-musl.a(__fmt_fp.o)
 .comment       0x0000002b       0x2c /Applications/microchip/xc32/v4.10/bin/bin/../../lib/gcc/pic32c/8.3.1/../../../../pic32c/lib/thumb/v7e-m+fp/hard/libg-musl.a(__init_stdio.o)
 .comment       0x0000002b       0x2c /Applications/microchip/xc32/v4.10/bin/bin/../../lib/gcc/pic32c/8.3.1/../../../../pic32c/lib/thumb/v7e-m+fp/hard/libg-musl.a(__out.o)
 .comment       0x0000002b       0x2c /Applications/microchip/xc32/v4.10/bin/bin/../../lib/gcc/pic32c/8.3.1/../../../../pic32c/lib/thumb/v7e-m+fp/hard/libg-musl.a(strcpy.o)
 .comment       0x0000002b       0x2c /Applications/microchip/xc32/v4.10/bin/bin/../../lib/gcc/pic32c/8.3.1/../../../../pic32c/lib/thumb/v7e-m+fp/hard/libg-musl.a(stpcpy.o)
 .comment       0x0000002b       0x2c /Applications/microchip/xc32/v4.10/bin/bin/../../lib/gcc/pic32c/8.3.1/../../../../pic32c/lib/thumb/v7e-m+fp/hard/libc-musl.a(sprintf.o)
 .comment       0x0000002b       0x2c /Applications/microchip/xc32/v4.10/bin/bin/../../lib/gcc/pic32c/8.3.1/../../../../pic32c/lib/thumb/v7e-m+fp/hard/libc-musl.a(vsprintf.o)
 .comment       0x0000002b       0x2c /Applications/microchip/xc32/v4.10/bin/bin/../../lib/gcc/pic32c/8.3.1/../../../../pic32c/lib/thumb/v7e-m+fp/hard/libc-musl.a(vsnprintf.o)
 .comment       0x0000002b       0x2c /Applications/microchip/xc32/v4.10/bin/bin/../../lib/gcc/pic32c/8.3.1/../../../../pic32c/lib/thumb/v7e-m+fp/hard/libm-emfloat.a(lib_a-_FLOOR.o)
 .comment       0x0000002b       0x2c /Applications/microchip/xc32/v4.10/bin/bin/../../lib/gcc/pic32c/8.3.1/../../../../pic32c/lib/thumb/v7e-m+fp/hard/libm-emfloat.a(lib_a-_FMA.o)
 .comment       0x0000002b       0x2c /Applications/microchip/xc32/v4.10/bin/bin/../../lib/gcc/pic32c/8.3.1/thumb/v7e-m+fp/hard/libgcc.a(_udivmoddi4.o)

.debug_info     0x00000000    0x169db
 .debug_info    0x00000000      0x568 build/default/debug/_ext/1434821282/bsp.o
 .debug_info    0x00000568      0xb8a build/default/debug/_ext/1984496892/plib_clock.o
 .debug_info    0x000010f2      0x346 build/default/debug/_ext/1986646378/plib_evsys.o
 .debug_info    0x00001438     0x1582 build/default/debug/_ext/1865468468/plib_nvic.o
 .debug_info    0x000029ba      0xe85 build/default/debug/_ext/1593096446/plib_nvmctrl.o
 .debug_info    0x0000383f     0x10ed build/default/debug/_ext/1865521619/plib_port.o
 .debug_info    0x0000492c      0xffd build/default/debug/_ext/60180175/plib_rtc_timer.o
 .debug_info    0x00005929     0x14d0 build/default/debug/_ext/17022449/plib_sercom6_spi_master.o
 .debug_info    0x00006df9      0x6be build/default/debug/_ext/1827571544/plib_systick.o
 .debug_info    0x000074b7      0x350 build/default/debug/_ext/163028504/xc32_monitor.o
 .debug_info    0x00007807      0x42d build/default/debug/_ext/1171490990/initialization.o
 .debug_info    0x00007c34     0x1707 build/default/debug/_ext/1171490990/interrupts.o
 .debug_info    0x0000933b      0x408 build/default/debug/_ext/1171490990/exceptions.o
 .debug_info    0x00009743      0x8c1 build/default/debug/_ext/1171490990/startup_xc32.o
 .debug_info    0x0000a004      0x331 build/default/debug/_ext/1171490990/libc_syscalls.o
 .debug_info    0x0000a335      0x80e build/default/debug/_ext/1360937237/main.o
 .debug_info    0x0000ab43      0xfba /var/folders/sf/sp08cv152rlf5c23w55hcqy40000gp/T//ccumYmLn.o
 .debug_info    0x0000bafd      0x2ae /Applications/microchip/xc32/v4.10/bin/bin/../../lib/gcc/pic32c/8.3.1/../../../../pic32c/lib/thumb/v7e-m+fp/hard/libpic32c.a(data_init.o)
 .debug_info    0x0000bdab      0x627 /Applications/microchip/xc32/v4.10/bin/bin/../../lib/gcc/pic32c/8.3.1/../../../../pic32c/lib/thumb/v7e-m+fp/hard/libg-musl.a(__libc_start_main.o)
 .debug_info    0x0000c3d2      0x3a7 /Applications/microchip/xc32/v4.10/bin/bin/../../lib/gcc/pic32c/8.3.1/../../../../pic32c/lib/thumb/v7e-m+fp/hard/libg-musl.a(assert.o)
 .debug_info    0x0000c779      0x29e /Applications/microchip/xc32/v4.10/bin/bin/../../lib/gcc/pic32c/8.3.1/../../../../pic32c/lib/thumb/v7e-m+fp/hard/libg-musl.a(abort.o)
 .debug_info    0x0000ca17      0x539 /Applications/microchip/xc32/v4.10/bin/bin/../../lib/gcc/pic32c/8.3.1/../../../../pic32c/lib/thumb/v7e-m+fp/hard/libg-musl.a(libc.o)
 .debug_info    0x0000cf50      0x33f /Applications/microchip/xc32/v4.10/bin/bin/../../lib/gcc/pic32c/8.3.1/../../../../pic32c/lib/thumb/v7e-m+fp/hard/libg-musl.a(fprintf.o)
 .debug_info    0x0000d28f      0x5c6 /Applications/microchip/xc32/v4.10/bin/bin/../../lib/gcc/pic32c/8.3.1/../../../../pic32c/lib/thumb/v7e-m+fp/hard/libg-musl.a(__fmt_d.o)
 .debug_info    0x0000d855      0x597 /Applications/microchip/xc32/v4.10/bin/bin/../../lib/gcc/pic32c/8.3.1/../../../../pic32c/lib/thumb/v7e-m+fp/hard/libg-musl.a(__fmt_o.o)
 .debug_info    0x0000ddec      0x53b /Applications/microchip/xc32/v4.10/bin/bin/../../lib/gcc/pic32c/8.3.1/../../../../pic32c/lib/thumb/v7e-m+fp/hard/libg-musl.a(__fmt_s.o)
 .debug_info    0x0000e327      0x664 /Applications/microchip/xc32/v4.10/bin/bin/../../lib/gcc/pic32c/8.3.1/../../../../pic32c/lib/thumb/v7e-m+fp/hard/libg-musl.a(__fmt_u.o)
 .debug_info    0x0000e98b      0x5fd /Applications/microchip/xc32/v4.10/bin/bin/../../lib/gcc/pic32c/8.3.1/../../../../pic32c/lib/thumb/v7e-m+fp/hard/libg-musl.a(__fmt_x.o)
 .debug_info    0x0000ef88      0xd37 /Applications/microchip/xc32/v4.10/bin/bin/../../lib/gcc/pic32c/8.3.1/../../../../pic32c/lib/thumb/v7e-m+fp/hard/libg-musl.a(__printf_core.o)
 .debug_info    0x0000fcbf      0x5ab /Applications/microchip/xc32/v4.10/bin/bin/../../lib/gcc/pic32c/8.3.1/../../../../pic32c/lib/thumb/v7e-m+fp/hard/libg-musl.a(fflush.o)
 .debug_info    0x0001026a      0x487 /Applications/microchip/xc32/v4.10/bin/bin/../../lib/gcc/pic32c/8.3.1/../../../../pic32c/lib/thumb/v7e-m+fp/hard/libg-musl.a(stderr.o)
 .debug_info    0x000106f1      0x6c7 /Applications/microchip/xc32/v4.10/bin/bin/../../lib/gcc/pic32c/8.3.1/../../../../pic32c/lib/thumb/v7e-m+fp/hard/libg-musl.a(vfprintf.o)
 .debug_info    0x00010db8      0x2ff /Applications/microchip/xc32/v4.10/bin/bin/../../lib/gcc/pic32c/8.3.1/../../../../pic32c/lib/thumb/v7e-m+fp/hard/libg-musl.a(atoi.o)
 .debug_info    0x000110b7      0x2fb /Applications/microchip/xc32/v4.10/bin/bin/../../lib/gcc/pic32c/8.3.1/../../../../pic32c/lib/thumb/v7e-m+fp/hard/libg-musl.a(memcpy.o)
 .debug_info    0x000113b2      0x2b9 /Applications/microchip/xc32/v4.10/bin/bin/../../lib/gcc/pic32c/8.3.1/../../../../pic32c/lib/thumb/v7e-m+fp/hard/libg-musl.a(memset.o)
 .debug_info    0x0001166b      0x2aa /Applications/microchip/xc32/v4.10/bin/bin/../../lib/gcc/pic32c/8.3.1/../../../../pic32c/lib/thumb/v7e-m+fp/hard/libg-musl.a(strlen.o)
 .debug_info    0x00011915      0x357 /Applications/microchip/xc32/v4.10/bin/bin/../../lib/gcc/pic32c/8.3.1/../../../../pic32c/lib/thumb/v7e-m+fp/hard/libg-musl.a(tolower.o)
 .debug_info    0x00011c6c      0x357 /Applications/microchip/xc32/v4.10/bin/bin/../../lib/gcc/pic32c/8.3.1/../../../../pic32c/lib/thumb/v7e-m+fp/hard/libg-musl.a(toupper.o)
 .debug_info    0x00011fc3      0x2b3 /Applications/microchip/xc32/v4.10/bin/bin/../../lib/gcc/pic32c/8.3.1/../../../../pic32c/lib/thumb/v7e-m+fp/hard/libg-musl.a(__environ.o)
 .debug_info    0x00012276      0x277 /Applications/microchip/xc32/v4.10/bin/bin/../../lib/gcc/pic32c/8.3.1/../../../../pic32c/lib/thumb/v7e-m+fp/hard/libg-musl.a(__errno_location.o)
 .debug_info    0x000124ed      0x2b5 /Applications/microchip/xc32/v4.10/bin/bin/../../lib/gcc/pic32c/8.3.1/../../../../pic32c/lib/thumb/v7e-m+fp/hard/libg-musl.a(_Exit.o)
 .debug_info    0x000127a2      0x3e1 /Applications/microchip/xc32/v4.10/bin/bin/../../lib/gcc/pic32c/8.3.1/../../../../pic32c/lib/thumb/v7e-m+fp/hard/libg-musl.a(__pop_float.o)
 .debug_info    0x00012b83      0x405 /Applications/microchip/xc32/v4.10/bin/bin/../../lib/gcc/pic32c/8.3.1/../../../../pic32c/lib/thumb/v7e-m+fp/hard/libg-musl.a(__pop_int.o)
 .debug_info    0x00012f88      0x40b /Applications/microchip/xc32/v4.10/bin/bin/../../lib/gcc/pic32c/8.3.1/../../../../pic32c/lib/thumb/v7e-m+fp/hard/libg-musl.a(__pop_ptr.o)
 .debug_info    0x00013393      0x8fc /Applications/microchip/xc32/v4.10/bin/bin/../../lib/gcc/pic32c/8.3.1/../../../../pic32c/lib/thumb/v7e-m+fp/hard/libg-musl.a(__fmt_a.o)
 .debug_info    0x00013c8f      0x9e1 /Applications/microchip/xc32/v4.10/bin/bin/../../lib/gcc/pic32c/8.3.1/../../../../pic32c/lib/thumb/v7e-m+fp/hard/libg-musl.a(__fmt_fp.o)
 .debug_info    0x00014670      0x330 /Applications/microchip/xc32/v4.10/bin/bin/../../lib/gcc/pic32c/8.3.1/../../../../pic32c/lib/thumb/v7e-m+fp/hard/libg-musl.a(__init_stdio.o)
 .debug_info    0x000149a0      0x53c /Applications/microchip/xc32/v4.10/bin/bin/../../lib/gcc/pic32c/8.3.1/../../../../pic32c/lib/thumb/v7e-m+fp/hard/libg-musl.a(__out.o)
 .debug_info    0x00014edc      0x2b8 /Applications/microchip/xc32/v4.10/bin/bin/../../lib/gcc/pic32c/8.3.1/../../../../pic32c/lib/thumb/v7e-m+fp/hard/libg-musl.a(strcpy.o)
 .debug_info    0x00015194      0x2bc /Applications/microchip/xc32/v4.10/bin/bin/../../lib/gcc/pic32c/8.3.1/../../../../pic32c/lib/thumb/v7e-m+fp/hard/libg-musl.a(stpcpy.o)
 .debug_info    0x00015450      0x326 /Applications/microchip/xc32/v4.10/bin/bin/../../lib/gcc/pic32c/8.3.1/../../../../pic32c/lib/thumb/v7e-m+fp/hard/libc-musl.a(sprintf.o)
 .debug_info    0x00015776      0x320 /Applications/microchip/xc32/v4.10/bin/bin/../../lib/gcc/pic32c/8.3.1/../../../../pic32c/lib/thumb/v7e-m+fp/hard/libc-musl.a(vsprintf.o)
 .debug_info    0x00015a96      0x706 /Applications/microchip/xc32/v4.10/bin/bin/../../lib/gcc/pic32c/8.3.1/../../../../pic32c/lib/thumb/v7e-m+fp/hard/libc-musl.a(vsnprintf.o)
 .debug_info    0x0001619c       0x26 /Applications/microchip/xc32/v4.10/bin/bin/../../lib/gcc/pic32c/8.3.1/thumb/v7e-m+fp/hard/libgcc.a(_aeabi_uldivmod.o)
 .debug_info    0x000161c2      0x7f3 /Applications/microchip/xc32/v4.10/bin/bin/../../lib/gcc/pic32c/8.3.1/thumb/v7e-m+fp/hard/libgcc.a(_udivmoddi4.o)
 .debug_info    0x000169b5       0x26 /Applications/microchip/xc32/v4.10/bin/bin/../../lib/gcc/pic32c/8.3.1/thumb/v7e-m+fp/hard/libgcc.a(_dvmd_tls.o)

.debug_abbrev   0x00000000     0x393a
 .debug_abbrev  0x00000000       0xa8 build/default/debug/_ext/1434821282/bsp.o
 .debug_abbrev  0x000000a8      0x122 build/default/debug/_ext/1984496892/plib_clock.o
 .debug_abbrev  0x000001ca       0x3b build/default/debug/_ext/1986646378/plib_evsys.o
 .debug_abbrev  0x00000205      0x1f3 build/default/debug/_ext/1865468468/plib_nvic.o
 .debug_abbrev  0x000003f8      0x245 build/default/debug/_ext/1593096446/plib_nvmctrl.o
 .debug_abbrev  0x0000063d      0x1d6 build/default/debug/_ext/1865521619/plib_port.o
 .debug_abbrev  0x00000813      0x1e8 build/default/debug/_ext/60180175/plib_rtc_timer.o
 .debug_abbrev  0x000009fb      0x29a build/default/debug/_ext/17022449/plib_sercom6_spi_master.o
 .debug_abbrev  0x00000c95      0x108 build/default/debug/_ext/1827571544/plib_systick.o
 .debug_abbrev  0x00000d9d       0x96 build/default/debug/_ext/163028504/xc32_monitor.o
 .debug_abbrev  0x00000e33       0x8b build/default/debug/_ext/1171490990/initialization.o
 .debug_abbrev  0x00000ebe       0xb5 build/default/debug/_ext/1171490990/interrupts.o
 .debug_abbrev  0x00000f73       0x3e build/default/debug/_ext/1171490990/exceptions.o
 .debug_abbrev  0x00000fb1      0x1db build/default/debug/_ext/1171490990/startup_xc32.o
 .debug_abbrev  0x0000118c       0x4f build/default/debug/_ext/1171490990/libc_syscalls.o
 .debug_abbrev  0x000011db      0x189 build/default/debug/_ext/1360937237/main.o
 .debug_abbrev  0x00001364      0x2c3 /var/folders/sf/sp08cv152rlf5c23w55hcqy40000gp/T//ccumYmLn.o
 .debug_abbrev  0x00001627       0x2e /Applications/microchip/xc32/v4.10/bin/bin/../../lib/gcc/pic32c/8.3.1/../../../../pic32c/lib/thumb/v7e-m+fp/hard/libpic32c.a(data_init.o)
 .debug_abbrev  0x00001655      0x117 /Applications/microchip/xc32/v4.10/bin/bin/../../lib/gcc/pic32c/8.3.1/../../../../pic32c/lib/thumb/v7e-m+fp/hard/libg-musl.a(__libc_start_main.o)
 .debug_abbrev  0x0000176c       0xc7 /Applications/microchip/xc32/v4.10/bin/bin/../../lib/gcc/pic32c/8.3.1/../../../../pic32c/lib/thumb/v7e-m+fp/hard/libg-musl.a(assert.o)
 .debug_abbrev  0x00001833       0x69 /Applications/microchip/xc32/v4.10/bin/bin/../../lib/gcc/pic32c/8.3.1/../../../../pic32c/lib/thumb/v7e-m+fp/hard/libg-musl.a(abort.o)
 .debug_abbrev  0x0000189c       0xb8 /Applications/microchip/xc32/v4.10/bin/bin/../../lib/gcc/pic32c/8.3.1/../../../../pic32c/lib/thumb/v7e-m+fp/hard/libg-musl.a(libc.o)
 .debug_abbrev  0x00001954      0x113 /Applications/microchip/xc32/v4.10/bin/bin/../../lib/gcc/pic32c/8.3.1/../../../../pic32c/lib/thumb/v7e-m+fp/hard/libg-musl.a(fprintf.o)
 .debug_abbrev  0x00001a67      0x120 /Applications/microchip/xc32/v4.10/bin/bin/../../lib/gcc/pic32c/8.3.1/../../../../pic32c/lib/thumb/v7e-m+fp/hard/libg-musl.a(__fmt_d.o)
 .debug_abbrev  0x00001b87      0x120 /Applications/microchip/xc32/v4.10/bin/bin/../../lib/gcc/pic32c/8.3.1/../../../../pic32c/lib/thumb/v7e-m+fp/hard/libg-musl.a(__fmt_o.o)
 .debug_abbrev  0x00001ca7      0x10b /Applications/microchip/xc32/v4.10/bin/bin/../../lib/gcc/pic32c/8.3.1/../../../../pic32c/lib/thumb/v7e-m+fp/hard/libg-musl.a(__fmt_s.o)
 .debug_abbrev  0x00001db2      0x163 /Applications/microchip/xc32/v4.10/bin/bin/../../lib/gcc/pic32c/8.3.1/../../../../pic32c/lib/thumb/v7e-m+fp/hard/libg-musl.a(__fmt_u.o)
 .debug_abbrev  0x00001f15      0x10f /Applications/microchip/xc32/v4.10/bin/bin/../../lib/gcc/pic32c/8.3.1/../../../../pic32c/lib/thumb/v7e-m+fp/hard/libg-musl.a(__fmt_x.o)
 .debug_abbrev  0x00002024      0x2c5 /Applications/microchip/xc32/v4.10/bin/bin/../../lib/gcc/pic32c/8.3.1/../../../../pic32c/lib/thumb/v7e-m+fp/hard/libg-musl.a(__printf_core.o)
 .debug_abbrev  0x000022e9      0x1b3 /Applications/microchip/xc32/v4.10/bin/bin/../../lib/gcc/pic32c/8.3.1/../../../../pic32c/lib/thumb/v7e-m+fp/hard/libg-musl.a(fflush.o)
 .debug_abbrev  0x0000249c      0x135 /Applications/microchip/xc32/v4.10/bin/bin/../../lib/gcc/pic32c/8.3.1/../../../../pic32c/lib/thumb/v7e-m+fp/hard/libg-musl.a(stderr.o)
 .debug_abbrev  0x000025d1      0x16d /Applications/microchip/xc32/v4.10/bin/bin/../../lib/gcc/pic32c/8.3.1/../../../../pic32c/lib/thumb/v7e-m+fp/hard/libg-musl.a(vfprintf.o)
 .debug_abbrev  0x0000273e       0xbb /Applications/microchip/xc32/v4.10/bin/bin/../../lib/gcc/pic32c/8.3.1/../../../../pic32c/lib/thumb/v7e-m+fp/hard/libg-musl.a(atoi.o)
 .debug_abbrev  0x000027f9       0x9c /Applications/microchip/xc32/v4.10/bin/bin/../../lib/gcc/pic32c/8.3.1/../../../../pic32c/lib/thumb/v7e-m+fp/hard/libg-musl.a(memcpy.o)
 .debug_abbrev  0x00002895       0x97 /Applications/microchip/xc32/v4.10/bin/bin/../../lib/gcc/pic32c/8.3.1/../../../../pic32c/lib/thumb/v7e-m+fp/hard/libg-musl.a(memset.o)
 .debug_abbrev  0x0000292c       0x86 /Applications/microchip/xc32/v4.10/bin/bin/../../lib/gcc/pic32c/8.3.1/../../../../pic32c/lib/thumb/v7e-m+fp/hard/libg-musl.a(strlen.o)
 .debug_abbrev  0x000029b2       0xfd /Applications/microchip/xc32/v4.10/bin/bin/../../lib/gcc/pic32c/8.3.1/../../../../pic32c/lib/thumb/v7e-m+fp/hard/libg-musl.a(tolower.o)
 .debug_abbrev  0x00002aaf       0xfd /Applications/microchip/xc32/v4.10/bin/bin/../../lib/gcc/pic32c/8.3.1/../../../../pic32c/lib/thumb/v7e-m+fp/hard/libg-musl.a(toupper.o)
 .debug_abbrev  0x00002bac       0x57 /Applications/microchip/xc32/v4.10/bin/bin/../../lib/gcc/pic32c/8.3.1/../../../../pic32c/lib/thumb/v7e-m+fp/hard/libg-musl.a(__environ.o)
 .debug_abbrev  0x00002c03       0x2e /Applications/microchip/xc32/v4.10/bin/bin/../../lib/gcc/pic32c/8.3.1/../../../../pic32c/lib/thumb/v7e-m+fp/hard/libg-musl.a(__errno_location.o)
 .debug_abbrev  0x00002c31       0x7f /Applications/microchip/xc32/v4.10/bin/bin/../../lib/gcc/pic32c/8.3.1/../../../../pic32c/lib/thumb/v7e-m+fp/hard/libg-musl.a(_Exit.o)
 .debug_abbrev  0x00002cb0       0xbd /Applications/microchip/xc32/v4.10/bin/bin/../../lib/gcc/pic32c/8.3.1/../../../../pic32c/lib/thumb/v7e-m+fp/hard/libg-musl.a(__pop_float.o)
 .debug_abbrev  0x00002d6d       0xbd /Applications/microchip/xc32/v4.10/bin/bin/../../lib/gcc/pic32c/8.3.1/../../../../pic32c/lib/thumb/v7e-m+fp/hard/libg-musl.a(__pop_int.o)
 .debug_abbrev  0x00002e2a       0xce /Applications/microchip/xc32/v4.10/bin/bin/../../lib/gcc/pic32c/8.3.1/../../../../pic32c/lib/thumb/v7e-m+fp/hard/libg-musl.a(__pop_ptr.o)
 .debug_abbrev  0x00002ef8      0x194 /Applications/microchip/xc32/v4.10/bin/bin/../../lib/gcc/pic32c/8.3.1/../../../../pic32c/lib/thumb/v7e-m+fp/hard/libg-musl.a(__fmt_a.o)
 .debug_abbrev  0x0000308c      0x1b3 /Applications/microchip/xc32/v4.10/bin/bin/../../lib/gcc/pic32c/8.3.1/../../../../pic32c/lib/thumb/v7e-m+fp/hard/libg-musl.a(__fmt_fp.o)
 .debug_abbrev  0x0000323f       0x5a /Applications/microchip/xc32/v4.10/bin/bin/../../lib/gcc/pic32c/8.3.1/../../../../pic32c/lib/thumb/v7e-m+fp/hard/libg-musl.a(__init_stdio.o)
 .debug_abbrev  0x00003299      0x170 /Applications/microchip/xc32/v4.10/bin/bin/../../lib/gcc/pic32c/8.3.1/../../../../pic32c/lib/thumb/v7e-m+fp/hard/libg-musl.a(__out.o)
 .debug_abbrev  0x00003409       0x8e /Applications/microchip/xc32/v4.10/bin/bin/../../lib/gcc/pic32c/8.3.1/../../../../pic32c/lib/thumb/v7e-m+fp/hard/libg-musl.a(strcpy.o)
 .debug_abbrev  0x00003497       0x63 /Applications/microchip/xc32/v4.10/bin/bin/../../lib/gcc/pic32c/8.3.1/../../../../pic32c/lib/thumb/v7e-m+fp/hard/libg-musl.a(stpcpy.o)
 .debug_abbrev  0x000034fa       0xfb /Applications/microchip/xc32/v4.10/bin/bin/../../lib/gcc/pic32c/8.3.1/../../../../pic32c/lib/thumb/v7e-m+fp/hard/libc-musl.a(sprintf.o)
 .debug_abbrev  0x000035f5       0xc3 /Applications/microchip/xc32/v4.10/bin/bin/../../lib/gcc/pic32c/8.3.1/../../../../pic32c/lib/thumb/v7e-m+fp/hard/libc-musl.a(vsprintf.o)
 .debug_abbrev  0x000036b8      0x168 /Applications/microchip/xc32/v4.10/bin/bin/../../lib/gcc/pic32c/8.3.1/../../../../pic32c/lib/thumb/v7e-m+fp/hard/libc-musl.a(vsnprintf.o)
 .debug_abbrev  0x00003820       0x14 /Applications/microchip/xc32/v4.10/bin/bin/../../lib/gcc/pic32c/8.3.1/thumb/v7e-m+fp/hard/libgcc.a(_aeabi_uldivmod.o)
 .debug_abbrev  0x00003834       0xf2 /Applications/microchip/xc32/v4.10/bin/bin/../../lib/gcc/pic32c/8.3.1/thumb/v7e-m+fp/hard/libgcc.a(_udivmoddi4.o)
 .debug_abbrev  0x00003926       0x14 /Applications/microchip/xc32/v4.10/bin/bin/../../lib/gcc/pic32c/8.3.1/thumb/v7e-m+fp/hard/libgcc.a(_dvmd_tls.o)

.debug_aranges  0x00000000      0xa10
 .debug_aranges
                0x00000000       0x20 build/default/debug/_ext/1434821282/bsp.o
 .debug_aranges
                0x00000020       0x20 build/default/debug/_ext/1984496892/plib_clock.o
 .debug_aranges
                0x00000040       0x20 build/default/debug/_ext/1986646378/plib_evsys.o
 .debug_aranges
                0x00000060       0x38 build/default/debug/_ext/1865468468/plib_nvic.o
 .debug_aranges
                0x00000098       0xd8 build/default/debug/_ext/1593096446/plib_nvmctrl.o
 .debug_aranges
                0x00000170       0x70 build/default/debug/_ext/1865521619/plib_port.o
 .debug_aranges
                0x000001e0       0xb0 build/default/debug/_ext/60180175/plib_rtc_timer.o
 .debug_aranges
                0x00000290       0x60 build/default/debug/_ext/17022449/plib_sercom6_spi_master.o
 .debug_aranges
                0x000002f0       0x70 build/default/debug/_ext/1827571544/plib_systick.o
 .debug_aranges
                0x00000360       0x28 build/default/debug/_ext/163028504/xc32_monitor.o
 .debug_aranges
                0x00000388       0x20 build/default/debug/_ext/1171490990/initialization.o
 .debug_aranges
                0x000003a8       0x20 build/default/debug/_ext/1171490990/interrupts.o
 .debug_aranges
                0x000003c8       0x48 build/default/debug/_ext/1171490990/exceptions.o
 .debug_aranges
                0x00000410       0x28 build/default/debug/_ext/1171490990/startup_xc32.o
 .debug_aranges
                0x00000438       0x20 build/default/debug/_ext/1171490990/libc_syscalls.o
 .debug_aranges
                0x00000458       0x48 build/default/debug/_ext/1360937237/main.o
 .debug_aranges
                0x000004a0       0x20 /var/folders/sf/sp08cv152rlf5c23w55hcqy40000gp/T//ccumYmLn.o
 .debug_aranges
                0x000004c0       0x20 /Applications/microchip/xc32/v4.10/bin/bin/../../lib/gcc/pic32c/8.3.1/../../../../pic32c/lib/thumb/v7e-m+fp/hard/libpic32c.a(data_init.o)
 .debug_aranges
                0x000004e0       0x28 /Applications/microchip/xc32/v4.10/bin/bin/../../lib/gcc/pic32c/8.3.1/../../../../pic32c/lib/thumb/v7e-m+fp/hard/libg-musl.a(__libc_start_main.o)
 .debug_aranges
                0x00000508       0x20 /Applications/microchip/xc32/v4.10/bin/bin/../../lib/gcc/pic32c/8.3.1/../../../../pic32c/lib/thumb/v7e-m+fp/hard/libg-musl.a(assert.o)
 .debug_aranges
                0x00000528       0x20 /Applications/microchip/xc32/v4.10/bin/bin/../../lib/gcc/pic32c/8.3.1/../../../../pic32c/lib/thumb/v7e-m+fp/hard/libg-musl.a(abort.o)
 .debug_aranges
                0x00000548       0x18 /Applications/microchip/xc32/v4.10/bin/bin/../../lib/gcc/pic32c/8.3.1/../../../../pic32c/lib/thumb/v7e-m+fp/hard/libg-musl.a(libc.o)
 .debug_aranges
                0x00000560       0x20 /Applications/microchip/xc32/v4.10/bin/bin/../../lib/gcc/pic32c/8.3.1/../../../../pic32c/lib/thumb/v7e-m+fp/hard/libg-musl.a(fprintf.o)
 .debug_aranges
                0x00000580       0x20 /Applications/microchip/xc32/v4.10/bin/bin/../../lib/gcc/pic32c/8.3.1/../../../../pic32c/lib/thumb/v7e-m+fp/hard/libg-musl.a(__fmt_d.o)
 .debug_aranges
                0x000005a0       0x20 /Applications/microchip/xc32/v4.10/bin/bin/../../lib/gcc/pic32c/8.3.1/../../../../pic32c/lib/thumb/v7e-m+fp/hard/libg-musl.a(__fmt_o.o)
 .debug_aranges
                0x000005c0       0x20 /Applications/microchip/xc32/v4.10/bin/bin/../../lib/gcc/pic32c/8.3.1/../../../../pic32c/lib/thumb/v7e-m+fp/hard/libg-musl.a(__fmt_s.o)
 .debug_aranges
                0x000005e0       0x28 /Applications/microchip/xc32/v4.10/bin/bin/../../lib/gcc/pic32c/8.3.1/../../../../pic32c/lib/thumb/v7e-m+fp/hard/libg-musl.a(__fmt_u.o)
 .debug_aranges
                0x00000608       0x20 /Applications/microchip/xc32/v4.10/bin/bin/../../lib/gcc/pic32c/8.3.1/../../../../pic32c/lib/thumb/v7e-m+fp/hard/libg-musl.a(__fmt_x.o)
 .debug_aranges
                0x00000628       0x50 /Applications/microchip/xc32/v4.10/bin/bin/../../lib/gcc/pic32c/8.3.1/../../../../pic32c/lib/thumb/v7e-m+fp/hard/libg-musl.a(__printf_core.o)
 .debug_aranges
                0x00000678       0x30 /Applications/microchip/xc32/v4.10/bin/bin/../../lib/gcc/pic32c/8.3.1/../../../../pic32c/lib/thumb/v7e-m+fp/hard/libg-musl.a(fflush.o)
 .debug_aranges
                0x000006a8       0x30 /Applications/microchip/xc32/v4.10/bin/bin/../../lib/gcc/pic32c/8.3.1/../../../../pic32c/lib/thumb/v7e-m+fp/hard/libg-musl.a(stderr.o)
 .debug_aranges
                0x000006d8       0x28 /Applications/microchip/xc32/v4.10/bin/bin/../../lib/gcc/pic32c/8.3.1/../../../../pic32c/lib/thumb/v7e-m+fp/hard/libg-musl.a(vfprintf.o)
 .debug_aranges
                0x00000700       0x20 /Applications/microchip/xc32/v4.10/bin/bin/../../lib/gcc/pic32c/8.3.1/../../../../pic32c/lib/thumb/v7e-m+fp/hard/libg-musl.a(atoi.o)
 .debug_aranges
                0x00000720       0x20 /Applications/microchip/xc32/v4.10/bin/bin/../../lib/gcc/pic32c/8.3.1/../../../../pic32c/lib/thumb/v7e-m+fp/hard/libg-musl.a(memcpy.o)
 .debug_aranges
                0x00000740       0x20 /Applications/microchip/xc32/v4.10/bin/bin/../../lib/gcc/pic32c/8.3.1/../../../../pic32c/lib/thumb/v7e-m+fp/hard/libg-musl.a(memset.o)
 .debug_aranges
                0x00000760       0x20 /Applications/microchip/xc32/v4.10/bin/bin/../../lib/gcc/pic32c/8.3.1/../../../../pic32c/lib/thumb/v7e-m+fp/hard/libg-musl.a(strlen.o)
 .debug_aranges
                0x00000780       0x28 /Applications/microchip/xc32/v4.10/bin/bin/../../lib/gcc/pic32c/8.3.1/../../../../pic32c/lib/thumb/v7e-m+fp/hard/libg-musl.a(tolower.o)
 .debug_aranges
                0x000007a8       0x28 /Applications/microchip/xc32/v4.10/bin/bin/../../lib/gcc/pic32c/8.3.1/../../../../pic32c/lib/thumb/v7e-m+fp/hard/libg-musl.a(toupper.o)
 .debug_aranges
                0x000007d0       0x18 /Applications/microchip/xc32/v4.10/bin/bin/../../lib/gcc/pic32c/8.3.1/../../../../pic32c/lib/thumb/v7e-m+fp/hard/libg-musl.a(__environ.o)
 .debug_aranges
                0x000007e8       0x18 /Applications/microchip/xc32/v4.10/bin/bin/../../lib/gcc/pic32c/8.3.1/../../../../pic32c/lib/thumb/v7e-m+fp/hard/libg-musl.a(__errno_location.o)
 .debug_aranges
                0x00000800       0x20 /Applications/microchip/xc32/v4.10/bin/bin/../../lib/gcc/pic32c/8.3.1/../../../../pic32c/lib/thumb/v7e-m+fp/hard/libg-musl.a(_Exit.o)
 .debug_aranges
                0x00000820       0x20 /Applications/microchip/xc32/v4.10/bin/bin/../../lib/gcc/pic32c/8.3.1/../../../../pic32c/lib/thumb/v7e-m+fp/hard/libg-musl.a(__pop_float.o)
 .debug_aranges
                0x00000840       0x20 /Applications/microchip/xc32/v4.10/bin/bin/../../lib/gcc/pic32c/8.3.1/../../../../pic32c/lib/thumb/v7e-m+fp/hard/libg-musl.a(__pop_int.o)
 .debug_aranges
                0x00000860       0x20 /Applications/microchip/xc32/v4.10/bin/bin/../../lib/gcc/pic32c/8.3.1/../../../../pic32c/lib/thumb/v7e-m+fp/hard/libg-musl.a(__pop_ptr.o)
 .debug_aranges
                0x00000880       0x20 /Applications/microchip/xc32/v4.10/bin/bin/../../lib/gcc/pic32c/8.3.1/../../../../pic32c/lib/thumb/v7e-m+fp/hard/libg-musl.a(__fmt_a.o)
 .debug_aranges
                0x000008a0       0x20 /Applications/microchip/xc32/v4.10/bin/bin/../../lib/gcc/pic32c/8.3.1/../../../../pic32c/lib/thumb/v7e-m+fp/hard/libg-musl.a(__fmt_fp.o)
 .debug_aranges
                0x000008c0       0x28 /Applications/microchip/xc32/v4.10/bin/bin/../../lib/gcc/pic32c/8.3.1/../../../../pic32c/lib/thumb/v7e-m+fp/hard/libg-musl.a(__init_stdio.o)
 .debug_aranges
                0x000008e8       0x28 /Applications/microchip/xc32/v4.10/bin/bin/../../lib/gcc/pic32c/8.3.1/../../../../pic32c/lib/thumb/v7e-m+fp/hard/libg-musl.a(__out.o)
 .debug_aranges
                0x00000910       0x20 /Applications/microchip/xc32/v4.10/bin/bin/../../lib/gcc/pic32c/8.3.1/../../../../pic32c/lib/thumb/v7e-m+fp/hard/libg-musl.a(strcpy.o)
 .debug_aranges
                0x00000930       0x20 /Applications/microchip/xc32/v4.10/bin/bin/../../lib/gcc/pic32c/8.3.1/../../../../pic32c/lib/thumb/v7e-m+fp/hard/libg-musl.a(stpcpy.o)
 .debug_aranges
                0x00000950       0x20 /Applications/microchip/xc32/v4.10/bin/bin/../../lib/gcc/pic32c/8.3.1/../../../../pic32c/lib/thumb/v7e-m+fp/hard/libc-musl.a(sprintf.o)
 .debug_aranges
                0x00000970       0x20 /Applications/microchip/xc32/v4.10/bin/bin/../../lib/gcc/pic32c/8.3.1/../../../../pic32c/lib/thumb/v7e-m+fp/hard/libc-musl.a(vsprintf.o)
 .debug_aranges
                0x00000990       0x20 /Applications/microchip/xc32/v4.10/bin/bin/../../lib/gcc/pic32c/8.3.1/../../../../pic32c/lib/thumb/v7e-m+fp/hard/libc-musl.a(vsnprintf.o)
 .debug_aranges
                0x000009b0       0x20 /Applications/microchip/xc32/v4.10/bin/bin/../../lib/gcc/pic32c/8.3.1/thumb/v7e-m+fp/hard/libgcc.a(_aeabi_uldivmod.o)
 .debug_aranges
                0x000009d0       0x20 /Applications/microchip/xc32/v4.10/bin/bin/../../lib/gcc/pic32c/8.3.1/thumb/v7e-m+fp/hard/libgcc.a(_udivmoddi4.o)
 .debug_aranges
                0x000009f0       0x20 /Applications/microchip/xc32/v4.10/bin/bin/../../lib/gcc/pic32c/8.3.1/thumb/v7e-m+fp/hard/libgcc.a(_dvmd_tls.o)

.debug_ranges   0x00000000      0x750
 .debug_ranges  0x00000000       0x10 build/default/debug/_ext/1434821282/bsp.o
 .debug_ranges  0x00000010       0x10 build/default/debug/_ext/1984496892/plib_clock.o
 .debug_ranges  0x00000020       0x10 build/default/debug/_ext/1986646378/plib_evsys.o
 .debug_ranges  0x00000030       0x28 build/default/debug/_ext/1865468468/plib_nvic.o
 .debug_ranges  0x00000058       0xc8 build/default/debug/_ext/1593096446/plib_nvmctrl.o
 .debug_ranges  0x00000120       0x60 build/default/debug/_ext/1865521619/plib_port.o
 .debug_ranges  0x00000180       0xa0 build/default/debug/_ext/60180175/plib_rtc_timer.o
 .debug_ranges  0x00000220       0x50 build/default/debug/_ext/17022449/plib_sercom6_spi_master.o
 .debug_ranges  0x00000270       0x60 build/default/debug/_ext/1827571544/plib_systick.o
 .debug_ranges  0x000002d0       0x18 build/default/debug/_ext/163028504/xc32_monitor.o
 .debug_ranges  0x000002e8       0x10 build/default/debug/_ext/1171490990/initialization.o
 .debug_ranges  0x000002f8       0x10 build/default/debug/_ext/1171490990/interrupts.o
 .debug_ranges  0x00000308       0x38 build/default/debug/_ext/1171490990/exceptions.o
 .debug_ranges  0x00000340       0x18 build/default/debug/_ext/1171490990/startup_xc32.o
 .debug_ranges  0x00000358       0x10 build/default/debug/_ext/1171490990/libc_syscalls.o
 .debug_ranges  0x00000368       0x50 build/default/debug/_ext/1360937237/main.o
 .debug_ranges  0x000003b8       0x10 /Applications/microchip/xc32/v4.10/bin/bin/../../lib/gcc/pic32c/8.3.1/../../../../pic32c/lib/thumb/v7e-m+fp/hard/libpic32c.a(data_init.o)
 .debug_ranges  0x000003c8       0x40 /Applications/microchip/xc32/v4.10/bin/bin/../../lib/gcc/pic32c/8.3.1/../../../../pic32c/lib/thumb/v7e-m+fp/hard/libg-musl.a(__libc_start_main.o)
 .debug_ranges  0x00000408       0x10 /Applications/microchip/xc32/v4.10/bin/bin/../../lib/gcc/pic32c/8.3.1/../../../../pic32c/lib/thumb/v7e-m+fp/hard/libg-musl.a(assert.o)
 .debug_ranges  0x00000418       0x10 /Applications/microchip/xc32/v4.10/bin/bin/../../lib/gcc/pic32c/8.3.1/../../../../pic32c/lib/thumb/v7e-m+fp/hard/libg-musl.a(abort.o)
 .debug_ranges  0x00000428       0x10 /Applications/microchip/xc32/v4.10/bin/bin/../../lib/gcc/pic32c/8.3.1/../../../../pic32c/lib/thumb/v7e-m+fp/hard/libg-musl.a(fprintf.o)
 .debug_ranges  0x00000438       0x10 /Applications/microchip/xc32/v4.10/bin/bin/../../lib/gcc/pic32c/8.3.1/../../../../pic32c/lib/thumb/v7e-m+fp/hard/libg-musl.a(__fmt_d.o)
 .debug_ranges  0x00000448       0x10 /Applications/microchip/xc32/v4.10/bin/bin/../../lib/gcc/pic32c/8.3.1/../../../../pic32c/lib/thumb/v7e-m+fp/hard/libg-musl.a(__fmt_o.o)
 .debug_ranges  0x00000458       0x10 /Applications/microchip/xc32/v4.10/bin/bin/../../lib/gcc/pic32c/8.3.1/../../../../pic32c/lib/thumb/v7e-m+fp/hard/libg-musl.a(__fmt_s.o)
 .debug_ranges  0x00000468       0x18 /Applications/microchip/xc32/v4.10/bin/bin/../../lib/gcc/pic32c/8.3.1/../../../../pic32c/lib/thumb/v7e-m+fp/hard/libg-musl.a(__fmt_u.o)
 .debug_ranges  0x00000480       0x10 /Applications/microchip/xc32/v4.10/bin/bin/../../lib/gcc/pic32c/8.3.1/../../../../pic32c/lib/thumb/v7e-m+fp/hard/libg-musl.a(__fmt_x.o)
 .debug_ranges  0x00000490       0x68 /Applications/microchip/xc32/v4.10/bin/bin/../../lib/gcc/pic32c/8.3.1/../../../../pic32c/lib/thumb/v7e-m+fp/hard/libg-musl.a(__printf_core.o)
 .debug_ranges  0x000004f8       0x20 /Applications/microchip/xc32/v4.10/bin/bin/../../lib/gcc/pic32c/8.3.1/../../../../pic32c/lib/thumb/v7e-m+fp/hard/libg-musl.a(fflush.o)
 .debug_ranges  0x00000518       0x20 /Applications/microchip/xc32/v4.10/bin/bin/../../lib/gcc/pic32c/8.3.1/../../../../pic32c/lib/thumb/v7e-m+fp/hard/libg-musl.a(stderr.o)
 .debug_ranges  0x00000538       0x18 /Applications/microchip/xc32/v4.10/bin/bin/../../lib/gcc/pic32c/8.3.1/../../../../pic32c/lib/thumb/v7e-m+fp/hard/libg-musl.a(vfprintf.o)
 .debug_ranges  0x00000550       0x10 /Applications/microchip/xc32/v4.10/bin/bin/../../lib/gcc/pic32c/8.3.1/../../../../pic32c/lib/thumb/v7e-m+fp/hard/libg-musl.a(atoi.o)
 .debug_ranges  0x00000560       0x10 /Applications/microchip/xc32/v4.10/bin/bin/../../lib/gcc/pic32c/8.3.1/../../../../pic32c/lib/thumb/v7e-m+fp/hard/libg-musl.a(memcpy.o)
 .debug_ranges  0x00000570       0x10 /Applications/microchip/xc32/v4.10/bin/bin/../../lib/gcc/pic32c/8.3.1/../../../../pic32c/lib/thumb/v7e-m+fp/hard/libg-musl.a(memset.o)
 .debug_ranges  0x00000580       0x10 /Applications/microchip/xc32/v4.10/bin/bin/../../lib/gcc/pic32c/8.3.1/../../../../pic32c/lib/thumb/v7e-m+fp/hard/libg-musl.a(strlen.o)
 .debug_ranges  0x00000590       0x18 /Applications/microchip/xc32/v4.10/bin/bin/../../lib/gcc/pic32c/8.3.1/../../../../pic32c/lib/thumb/v7e-m+fp/hard/libg-musl.a(tolower.o)
 .debug_ranges  0x000005a8       0x18 /Applications/microchip/xc32/v4.10/bin/bin/../../lib/gcc/pic32c/8.3.1/../../../../pic32c/lib/thumb/v7e-m+fp/hard/libg-musl.a(toupper.o)
 .debug_ranges  0x000005c0       0x10 /Applications/microchip/xc32/v4.10/bin/bin/../../lib/gcc/pic32c/8.3.1/../../../../pic32c/lib/thumb/v7e-m+fp/hard/libg-musl.a(_Exit.o)
 .debug_ranges  0x000005d0       0x10 /Applications/microchip/xc32/v4.10/bin/bin/../../lib/gcc/pic32c/8.3.1/../../../../pic32c/lib/thumb/v7e-m+fp/hard/libg-musl.a(__pop_float.o)
 .debug_ranges  0x000005e0       0x10 /Applications/microchip/xc32/v4.10/bin/bin/../../lib/gcc/pic32c/8.3.1/../../../../pic32c/lib/thumb/v7e-m+fp/hard/libg-musl.a(__pop_int.o)
 .debug_ranges  0x000005f0       0x10 /Applications/microchip/xc32/v4.10/bin/bin/../../lib/gcc/pic32c/8.3.1/../../../../pic32c/lib/thumb/v7e-m+fp/hard/libg-musl.a(__pop_ptr.o)
 .debug_ranges  0x00000600       0x10 /Applications/microchip/xc32/v4.10/bin/bin/../../lib/gcc/pic32c/8.3.1/../../../../pic32c/lib/thumb/v7e-m+fp/hard/libg-musl.a(__fmt_a.o)
 .debug_ranges  0x00000610       0x10 /Applications/microchip/xc32/v4.10/bin/bin/../../lib/gcc/pic32c/8.3.1/../../../../pic32c/lib/thumb/v7e-m+fp/hard/libg-musl.a(__fmt_fp.o)
 .debug_ranges  0x00000620       0x18 /Applications/microchip/xc32/v4.10/bin/bin/../../lib/gcc/pic32c/8.3.1/../../../../pic32c/lib/thumb/v7e-m+fp/hard/libg-musl.a(__init_stdio.o)
 .debug_ranges  0x00000638       0x18 /Applications/microchip/xc32/v4.10/bin/bin/../../lib/gcc/pic32c/8.3.1/../../../../pic32c/lib/thumb/v7e-m+fp/hard/libg-musl.a(__out.o)
 .debug_ranges  0x00000650       0x10 /Applications/microchip/xc32/v4.10/bin/bin/../../lib/gcc/pic32c/8.3.1/../../../../pic32c/lib/thumb/v7e-m+fp/hard/libg-musl.a(strcpy.o)
 .debug_ranges  0x00000660       0x10 /Applications/microchip/xc32/v4.10/bin/bin/../../lib/gcc/pic32c/8.3.1/../../../../pic32c/lib/thumb/v7e-m+fp/hard/libg-musl.a(stpcpy.o)
 .debug_ranges  0x00000670       0x10 /Applications/microchip/xc32/v4.10/bin/bin/../../lib/gcc/pic32c/8.3.1/../../../../pic32c/lib/thumb/v7e-m+fp/hard/libc-musl.a(sprintf.o)
 .debug_ranges  0x00000680       0x10 /Applications/microchip/xc32/v4.10/bin/bin/../../lib/gcc/pic32c/8.3.1/../../../../pic32c/lib/thumb/v7e-m+fp/hard/libc-musl.a(vsprintf.o)
 .debug_ranges  0x00000690       0x10 /Applications/microchip/xc32/v4.10/bin/bin/../../lib/gcc/pic32c/8.3.1/../../../../pic32c/lib/thumb/v7e-m+fp/hard/libc-musl.a(vsnprintf.o)
 .debug_ranges  0x000006a0       0xb0 /Applications/microchip/xc32/v4.10/bin/bin/../../lib/gcc/pic32c/8.3.1/thumb/v7e-m+fp/hard/libgcc.a(_udivmoddi4.o)

.debug_line     0x00000000     0x75ef
 .debug_line    0x00000000       0xd5 build/default/debug/_ext/1434821282/bsp.o
 .debug_line    0x000000d5      0x254 build/default/debug/_ext/1984496892/plib_clock.o
 .debug_line    0x00000329       0x66 build/default/debug/_ext/1986646378/plib_evsys.o
 .debug_line    0x0000038f      0x3bd build/default/debug/_ext/1865468468/plib_nvic.o
 .debug_line    0x0000074c      0x5bf build/default/debug/_ext/1593096446/plib_nvmctrl.o
 .debug_line    0x00000d0b      0x2f6 build/default/debug/_ext/1865521619/plib_port.o
 .debug_line    0x00001001      0x412 build/default/debug/_ext/60180175/plib_rtc_timer.o
 .debug_line    0x00001413      0x6cd build/default/debug/_ext/17022449/plib_sercom6_spi_master.o
 .debug_line    0x00001ae0      0x308 build/default/debug/_ext/1827571544/plib_systick.o
 .debug_line    0x00001de8       0xc7 build/default/debug/_ext/163028504/xc32_monitor.o
 .debug_line    0x00001eaf      0x267 build/default/debug/_ext/1171490990/initialization.o
 .debug_line    0x00002116       0xb8 build/default/debug/_ext/1171490990/interrupts.o
 .debug_line    0x000021ce       0xcc build/default/debug/_ext/1171490990/exceptions.o
 .debug_line    0x0000229a      0x242 build/default/debug/_ext/1171490990/startup_xc32.o
 .debug_line    0x000024dc       0x5c build/default/debug/_ext/1171490990/libc_syscalls.o
 .debug_line    0x00002538      0x25b build/default/debug/_ext/1360937237/main.o
 .debug_line    0x00002793      0x56a /var/folders/sf/sp08cv152rlf5c23w55hcqy40000gp/T//ccumYmLn.o
 .debug_line    0x00002cfd      0x112 /Applications/microchip/xc32/v4.10/bin/bin/../../lib/gcc/pic32c/8.3.1/../../../../pic32c/lib/thumb/v7e-m+fp/hard/libpic32c.a(data_init.o)
 .debug_line    0x00002e0f      0x1db /Applications/microchip/xc32/v4.10/bin/bin/../../lib/gcc/pic32c/8.3.1/../../../../pic32c/lib/thumb/v7e-m+fp/hard/libg-musl.a(__libc_start_main.o)
 .debug_line    0x00002fea      0x1c0 /Applications/microchip/xc32/v4.10/bin/bin/../../lib/gcc/pic32c/8.3.1/../../../../pic32c/lib/thumb/v7e-m+fp/hard/libg-musl.a(assert.o)
 .debug_line    0x000031aa      0x127 /Applications/microchip/xc32/v4.10/bin/bin/../../lib/gcc/pic32c/8.3.1/../../../../pic32c/lib/thumb/v7e-m+fp/hard/libg-musl.a(abort.o)
 .debug_line    0x000032d1       0xbf /Applications/microchip/xc32/v4.10/bin/bin/../../lib/gcc/pic32c/8.3.1/../../../../pic32c/lib/thumb/v7e-m+fp/hard/libg-musl.a(libc.o)
 .debug_line    0x00003390      0x165 /Applications/microchip/xc32/v4.10/bin/bin/../../lib/gcc/pic32c/8.3.1/../../../../pic32c/lib/thumb/v7e-m+fp/hard/libg-musl.a(fprintf.o)
 .debug_line    0x000034f5      0x21c /Applications/microchip/xc32/v4.10/bin/bin/../../lib/gcc/pic32c/8.3.1/../../../../pic32c/lib/thumb/v7e-m+fp/hard/libg-musl.a(__fmt_d.o)
 .debug_line    0x00003711      0x1c6 /Applications/microchip/xc32/v4.10/bin/bin/../../lib/gcc/pic32c/8.3.1/../../../../pic32c/lib/thumb/v7e-m+fp/hard/libg-musl.a(__fmt_o.o)
 .debug_line    0x000038d7      0x209 /Applications/microchip/xc32/v4.10/bin/bin/../../lib/gcc/pic32c/8.3.1/../../../../pic32c/lib/thumb/v7e-m+fp/hard/libg-musl.a(__fmt_s.o)
 .debug_line    0x00003ae0      0x250 /Applications/microchip/xc32/v4.10/bin/bin/../../lib/gcc/pic32c/8.3.1/../../../../pic32c/lib/thumb/v7e-m+fp/hard/libg-musl.a(__fmt_u.o)
 .debug_line    0x00003d30      0x2fd /Applications/microchip/xc32/v4.10/bin/bin/../../lib/gcc/pic32c/8.3.1/../../../../pic32c/lib/thumb/v7e-m+fp/hard/libg-musl.a(__fmt_x.o)
 .debug_line    0x0000402d      0x699 /Applications/microchip/xc32/v4.10/bin/bin/../../lib/gcc/pic32c/8.3.1/../../../../pic32c/lib/thumb/v7e-m+fp/hard/libg-musl.a(__printf_core.o)
 .debug_line    0x000046c6      0x1ae /Applications/microchip/xc32/v4.10/bin/bin/../../lib/gcc/pic32c/8.3.1/../../../../pic32c/lib/thumb/v7e-m+fp/hard/libg-musl.a(fflush.o)
 .debug_line    0x00004874      0x195 /Applications/microchip/xc32/v4.10/bin/bin/../../lib/gcc/pic32c/8.3.1/../../../../pic32c/lib/thumb/v7e-m+fp/hard/libg-musl.a(stderr.o)
 .debug_line    0x00004a09      0x204 /Applications/microchip/xc32/v4.10/bin/bin/../../lib/gcc/pic32c/8.3.1/../../../../pic32c/lib/thumb/v7e-m+fp/hard/libg-musl.a(vfprintf.o)
 .debug_line    0x00004c0d      0x17b /Applications/microchip/xc32/v4.10/bin/bin/../../lib/gcc/pic32c/8.3.1/../../../../pic32c/lib/thumb/v7e-m+fp/hard/libg-musl.a(atoi.o)
 .debug_line    0x00004d88       0xf4 /Applications/microchip/xc32/v4.10/bin/bin/../../lib/gcc/pic32c/8.3.1/../../../../pic32c/lib/thumb/v7e-m+fp/hard/libg-musl.a(memcpy.o)
 .debug_line    0x00004e7c       0xec /Applications/microchip/xc32/v4.10/bin/bin/../../lib/gcc/pic32c/8.3.1/../../../../pic32c/lib/thumb/v7e-m+fp/hard/libg-musl.a(memset.o)
 .debug_line    0x00004f68       0xe8 /Applications/microchip/xc32/v4.10/bin/bin/../../lib/gcc/pic32c/8.3.1/../../../../pic32c/lib/thumb/v7e-m+fp/hard/libg-musl.a(strlen.o)
 .debug_line    0x00005050      0x16b /Applications/microchip/xc32/v4.10/bin/bin/../../lib/gcc/pic32c/8.3.1/../../../../pic32c/lib/thumb/v7e-m+fp/hard/libg-musl.a(tolower.o)
 .debug_line    0x000051bb      0x16b /Applications/microchip/xc32/v4.10/bin/bin/../../lib/gcc/pic32c/8.3.1/../../../../pic32c/lib/thumb/v7e-m+fp/hard/libg-musl.a(toupper.o)
 .debug_line    0x00005326      0x10f /Applications/microchip/xc32/v4.10/bin/bin/../../lib/gcc/pic32c/8.3.1/../../../../pic32c/lib/thumb/v7e-m+fp/hard/libg-musl.a(__environ.o)
 .debug_line    0x00005435       0xa4 /Applications/microchip/xc32/v4.10/bin/bin/../../lib/gcc/pic32c/8.3.1/../../../../pic32c/lib/thumb/v7e-m+fp/hard/libg-musl.a(__errno_location.o)
 .debug_line    0x000054d9       0xb2 /Applications/microchip/xc32/v4.10/bin/bin/../../lib/gcc/pic32c/8.3.1/../../../../pic32c/lib/thumb/v7e-m+fp/hard/libg-musl.a(_Exit.o)
 .debug_line    0x0000558b      0x179 /Applications/microchip/xc32/v4.10/bin/bin/../../lib/gcc/pic32c/8.3.1/../../../../pic32c/lib/thumb/v7e-m+fp/hard/libg-musl.a(__pop_float.o)
 .debug_line    0x00005704      0x20f /Applications/microchip/xc32/v4.10/bin/bin/../../lib/gcc/pic32c/8.3.1/../../../../pic32c/lib/thumb/v7e-m+fp/hard/libg-musl.a(__pop_int.o)
 .debug_line    0x00005913      0x1f4 /Applications/microchip/xc32/v4.10/bin/bin/../../lib/gcc/pic32c/8.3.1/../../../../pic32c/lib/thumb/v7e-m+fp/hard/libg-musl.a(__pop_ptr.o)
 .debug_line    0x00005b07      0x626 /Applications/microchip/xc32/v4.10/bin/bin/../../lib/gcc/pic32c/8.3.1/../../../../pic32c/lib/thumb/v7e-m+fp/hard/libg-musl.a(__fmt_a.o)
 .debug_line    0x0000612d      0x68b /Applications/microchip/xc32/v4.10/bin/bin/../../lib/gcc/pic32c/8.3.1/../../../../pic32c/lib/thumb/v7e-m+fp/hard/libg-musl.a(__fmt_fp.o)
 .debug_line    0x000067b8       0xd2 /Applications/microchip/xc32/v4.10/bin/bin/../../lib/gcc/pic32c/8.3.1/../../../../pic32c/lib/thumb/v7e-m+fp/hard/libg-musl.a(__init_stdio.o)
 .debug_line    0x0000688a      0x23d /Applications/microchip/xc32/v4.10/bin/bin/../../lib/gcc/pic32c/8.3.1/../../../../pic32c/lib/thumb/v7e-m+fp/hard/libg-musl.a(__out.o)
 .debug_line    0x00006ac7       0xb7 /Applications/microchip/xc32/v4.10/bin/bin/../../lib/gcc/pic32c/8.3.1/../../../../pic32c/lib/thumb/v7e-m+fp/hard/libg-musl.a(strcpy.o)
 .debug_line    0x00006b7e       0xcb /Applications/microchip/xc32/v4.10/bin/bin/../../lib/gcc/pic32c/8.3.1/../../../../pic32c/lib/thumb/v7e-m+fp/hard/libg-musl.a(stpcpy.o)
 .debug_line    0x00006c49      0x165 /Applications/microchip/xc32/v4.10/bin/bin/../../lib/gcc/pic32c/8.3.1/../../../../pic32c/lib/thumb/v7e-m+fp/hard/libc-musl.a(sprintf.o)
 .debug_line    0x00006dae      0x154 /Applications/microchip/xc32/v4.10/bin/bin/../../lib/gcc/pic32c/8.3.1/../../../../pic32c/lib/thumb/v7e-m+fp/hard/libc-musl.a(vsprintf.o)
 .debug_line    0x00006f02      0x244 /Applications/microchip/xc32/v4.10/bin/bin/../../lib/gcc/pic32c/8.3.1/../../../../pic32c/lib/thumb/v7e-m+fp/hard/libc-musl.a(vsnprintf.o)
 .debug_line    0x00007146       0x9e /Applications/microchip/xc32/v4.10/bin/bin/../../lib/gcc/pic32c/8.3.1/thumb/v7e-m+fp/hard/libgcc.a(_aeabi_uldivmod.o)
 .debug_line    0x000071e4      0x36d /Applications/microchip/xc32/v4.10/bin/bin/../../lib/gcc/pic32c/8.3.1/thumb/v7e-m+fp/hard/libgcc.a(_udivmoddi4.o)
 .debug_line    0x00007551       0x9e /Applications/microchip/xc32/v4.10/bin/bin/../../lib/gcc/pic32c/8.3.1/thumb/v7e-m+fp/hard/libgcc.a(_dvmd_tls.o)

.debug_str      0x00000000      0x78f
 .debug_str     0x00000000        0x0 build/default/debug/_ext/1434821282/bsp.o
 .debug_str     0x00000000       0x1e build/default/debug/_ext/1984496892/plib_clock.o
 .debug_str     0x0000001e        0x0 build/default/debug/_ext/1986646378/plib_evsys.o
 .debug_str     0x0000001e        0xa build/default/debug/_ext/1865468468/plib_nvic.o
 .debug_str     0x00000028       0x20 build/default/debug/_ext/1593096446/plib_nvmctrl.o
 .debug_str     0x00000048        0xb build/default/debug/_ext/1865521619/plib_port.o
 .debug_str     0x00000053      0x115 build/default/debug/_ext/60180175/plib_rtc_timer.o
 .debug_str     0x00000168      0x149 build/default/debug/_ext/17022449/plib_sercom6_spi_master.o
 .debug_str     0x000002b1       0x3c build/default/debug/_ext/1827571544/plib_systick.o
 .debug_str     0x000002ed        0x0 build/default/debug/_ext/163028504/xc32_monitor.o
 .debug_str     0x000002ed       0xa2 build/default/debug/_ext/1171490990/initialization.o
 .debug_str     0x0000038f        0x0 build/default/debug/_ext/1171490990/interrupts.o
 .debug_str     0x0000038f        0x0 build/default/debug/_ext/1171490990/exceptions.o
 .debug_str     0x0000038f       0x2f build/default/debug/_ext/1171490990/startup_xc32.o
 .debug_str     0x000003be        0x0 build/default/debug/_ext/1171490990/libc_syscalls.o
 .debug_str     0x000003be       0xad build/default/debug/_ext/1360937237/main.o
 .debug_str     0x0000046b       0xb9 /var/folders/sf/sp08cv152rlf5c23w55hcqy40000gp/T//ccumYmLn.o
 .debug_str     0x00000524        0x0 /Applications/microchip/xc32/v4.10/bin/bin/../../lib/gcc/pic32c/8.3.1/../../../../pic32c/lib/thumb/v7e-m+fp/hard/libpic32c.a(data_init.o)
 .debug_str     0x00000524        0x0 /Applications/microchip/xc32/v4.10/bin/bin/../../lib/gcc/pic32c/8.3.1/../../../../pic32c/lib/thumb/v7e-m+fp/hard/libg-musl.a(__libc_start_main.o)
 .debug_str     0x00000524        0x0 /Applications/microchip/xc32/v4.10/bin/bin/../../lib/gcc/pic32c/8.3.1/../../../../pic32c/lib/thumb/v7e-m+fp/hard/libg-musl.a(assert.o)
 .debug_str     0x00000524        0x0 /Applications/microchip/xc32/v4.10/bin/bin/../../lib/gcc/pic32c/8.3.1/../../../../pic32c/lib/thumb/v7e-m+fp/hard/libg-musl.a(abort.o)
 .debug_str     0x00000524        0x0 /Applications/microchip/xc32/v4.10/bin/bin/../../lib/gcc/pic32c/8.3.1/../../../../pic32c/lib/thumb/v7e-m+fp/hard/libg-musl.a(libc.o)
 .debug_str     0x00000524        0x9 /Applications/microchip/xc32/v4.10/bin/bin/../../lib/gcc/pic32c/8.3.1/../../../../pic32c/lib/thumb/v7e-m+fp/hard/libg-musl.a(fprintf.o)
 .debug_str     0x0000052d        0x0 /Applications/microchip/xc32/v4.10/bin/bin/../../lib/gcc/pic32c/8.3.1/../../../../pic32c/lib/thumb/v7e-m+fp/hard/libg-musl.a(__fmt_d.o)
 .debug_str     0x0000052d        0x0 /Applications/microchip/xc32/v4.10/bin/bin/../../lib/gcc/pic32c/8.3.1/../../../../pic32c/lib/thumb/v7e-m+fp/hard/libg-musl.a(__fmt_o.o)
 .debug_str     0x0000052d        0x0 /Applications/microchip/xc32/v4.10/bin/bin/../../lib/gcc/pic32c/8.3.1/../../../../pic32c/lib/thumb/v7e-m+fp/hard/libg-musl.a(__fmt_s.o)
 .debug_str     0x0000052d        0x6 /Applications/microchip/xc32/v4.10/bin/bin/../../lib/gcc/pic32c/8.3.1/../../../../pic32c/lib/thumb/v7e-m+fp/hard/libg-musl.a(__fmt_u.o)
 .debug_str     0x00000533        0x0 /Applications/microchip/xc32/v4.10/bin/bin/../../lib/gcc/pic32c/8.3.1/../../../../pic32c/lib/thumb/v7e-m+fp/hard/libg-musl.a(__fmt_x.o)
 .debug_str     0x00000533       0x20 /Applications/microchip/xc32/v4.10/bin/bin/../../lib/gcc/pic32c/8.3.1/../../../../pic32c/lib/thumb/v7e-m+fp/hard/libg-musl.a(__printf_core.o)
 .debug_str     0x00000553        0x0 /Applications/microchip/xc32/v4.10/bin/bin/../../lib/gcc/pic32c/8.3.1/../../../../pic32c/lib/thumb/v7e-m+fp/hard/libg-musl.a(fflush.o)
 .debug_str     0x00000553       0x11 /Applications/microchip/xc32/v4.10/bin/bin/../../lib/gcc/pic32c/8.3.1/../../../../pic32c/lib/thumb/v7e-m+fp/hard/libg-musl.a(stderr.o)
 .debug_str     0x00000564       0x1e /Applications/microchip/xc32/v4.10/bin/bin/../../lib/gcc/pic32c/8.3.1/../../../../pic32c/lib/thumb/v7e-m+fp/hard/libg-musl.a(vfprintf.o)
 .debug_str     0x00000582        0x0 /Applications/microchip/xc32/v4.10/bin/bin/../../lib/gcc/pic32c/8.3.1/../../../../pic32c/lib/thumb/v7e-m+fp/hard/libg-musl.a(atoi.o)
 .debug_str     0x00000582        0x0 /Applications/microchip/xc32/v4.10/bin/bin/../../lib/gcc/pic32c/8.3.1/../../../../pic32c/lib/thumb/v7e-m+fp/hard/libg-musl.a(memcpy.o)
 .debug_str     0x00000582        0x0 /Applications/microchip/xc32/v4.10/bin/bin/../../lib/gcc/pic32c/8.3.1/../../../../pic32c/lib/thumb/v7e-m+fp/hard/libg-musl.a(memset.o)
 .debug_str     0x00000582        0x0 /Applications/microchip/xc32/v4.10/bin/bin/../../lib/gcc/pic32c/8.3.1/../../../../pic32c/lib/thumb/v7e-m+fp/hard/libg-musl.a(strlen.o)
 .debug_str     0x00000582        0x0 /Applications/microchip/xc32/v4.10/bin/bin/../../lib/gcc/pic32c/8.3.1/../../../../pic32c/lib/thumb/v7e-m+fp/hard/libg-musl.a(tolower.o)
 .debug_str     0x00000582        0x0 /Applications/microchip/xc32/v4.10/bin/bin/../../lib/gcc/pic32c/8.3.1/../../../../pic32c/lib/thumb/v7e-m+fp/hard/libg-musl.a(toupper.o)
 .debug_str     0x00000582        0x0 /Applications/microchip/xc32/v4.10/bin/bin/../../lib/gcc/pic32c/8.3.1/../../../../pic32c/lib/thumb/v7e-m+fp/hard/libg-musl.a(__environ.o)
 .debug_str     0x00000582        0x0 /Applications/microchip/xc32/v4.10/bin/bin/../../lib/gcc/pic32c/8.3.1/../../../../pic32c/lib/thumb/v7e-m+fp/hard/libg-musl.a(__errno_location.o)
 .debug_str     0x00000582        0x0 /Applications/microchip/xc32/v4.10/bin/bin/../../lib/gcc/pic32c/8.3.1/../../../../pic32c/lib/thumb/v7e-m+fp/hard/libg-musl.a(_Exit.o)
 .debug_str     0x00000582        0x0 /Applications/microchip/xc32/v4.10/bin/bin/../../lib/gcc/pic32c/8.3.1/../../../../pic32c/lib/thumb/v7e-m+fp/hard/libg-musl.a(__pop_float.o)
 .debug_str     0x00000582        0x0 /Applications/microchip/xc32/v4.10/bin/bin/../../lib/gcc/pic32c/8.3.1/../../../../pic32c/lib/thumb/v7e-m+fp/hard/libg-musl.a(__pop_int.o)
 .debug_str     0x00000582        0x0 /Applications/microchip/xc32/v4.10/bin/bin/../../lib/gcc/pic32c/8.3.1/../../../../pic32c/lib/thumb/v7e-m+fp/hard/libg-musl.a(__pop_ptr.o)
 .debug_str     0x00000582        0x0 /Applications/microchip/xc32/v4.10/bin/bin/../../lib/gcc/pic32c/8.3.1/../../../../pic32c/lib/thumb/v7e-m+fp/hard/libg-musl.a(__fmt_a.o)
 .debug_str     0x00000582        0x0 /Applications/microchip/xc32/v4.10/bin/bin/../../lib/gcc/pic32c/8.3.1/../../../../pic32c/lib/thumb/v7e-m+fp/hard/libg-musl.a(__fmt_fp.o)
 .debug_str     0x00000582        0x0 /Applications/microchip/xc32/v4.10/bin/bin/../../lib/gcc/pic32c/8.3.1/../../../../pic32c/lib/thumb/v7e-m+fp/hard/libg-musl.a(__init_stdio.o)
 .debug_str     0x00000582        0x0 /Applications/microchip/xc32/v4.10/bin/bin/../../lib/gcc/pic32c/8.3.1/../../../../pic32c/lib/thumb/v7e-m+fp/hard/libg-musl.a(__out.o)
 .debug_str     0x00000582        0x9 /Applications/microchip/xc32/v4.10/bin/bin/../../lib/gcc/pic32c/8.3.1/../../../../pic32c/lib/thumb/v7e-m+fp/hard/libg-musl.a(strcpy.o)
 .debug_str     0x0000058b        0x0 /Applications/microchip/xc32/v4.10/bin/bin/../../lib/gcc/pic32c/8.3.1/../../../../pic32c/lib/thumb/v7e-m+fp/hard/libg-musl.a(stpcpy.o)
 .debug_str     0x0000058b        0x9 /Applications/microchip/xc32/v4.10/bin/bin/../../lib/gcc/pic32c/8.3.1/../../../../pic32c/lib/thumb/v7e-m+fp/hard/libc-musl.a(sprintf.o)
 .debug_str     0x00000594        0xa /Applications/microchip/xc32/v4.10/bin/bin/../../lib/gcc/pic32c/8.3.1/../../../../pic32c/lib/thumb/v7e-m+fp/hard/libc-musl.a(vsprintf.o)
 .debug_str     0x0000059e        0x9 /Applications/microchip/xc32/v4.10/bin/bin/../../lib/gcc/pic32c/8.3.1/../../../../pic32c/lib/thumb/v7e-m+fp/hard/libc-musl.a(vsnprintf.o)
 .debug_str     0x000005a7       0xf2 /Applications/microchip/xc32/v4.10/bin/bin/../../lib/gcc/pic32c/8.3.1/thumb/v7e-m+fp/hard/libgcc.a(_aeabi_uldivmod.o)
 .debug_str     0x00000699        0x0 /Applications/microchip/xc32/v4.10/bin/bin/../../lib/gcc/pic32c/8.3.1/thumb/v7e-m+fp/hard/libgcc.a(_udivmoddi4.o)
 .debug_str     0x00000699       0xf6 /Applications/microchip/xc32/v4.10/bin/bin/../../lib/gcc/pic32c/8.3.1/thumb/v7e-m+fp/hard/libgcc.a(_dvmd_tls.o)

.debug_frame    0x00000000     0x1580
 .debug_frame   0x00000000       0x20 build/default/debug/_ext/1434821282/bsp.o
 .debug_frame   0x00000020       0x20 build/default/debug/_ext/1984496892/plib_clock.o
 .debug_frame   0x00000040       0x20 build/default/debug/_ext/1986646378/plib_evsys.o
 .debug_frame   0x00000060       0x50 build/default/debug/_ext/1865468468/plib_nvic.o
 .debug_frame   0x000000b0      0x1dc build/default/debug/_ext/1593096446/plib_nvmctrl.o
 .debug_frame   0x0000028c       0xcc build/default/debug/_ext/1865521619/plib_port.o
 .debug_frame   0x00000358      0x148 build/default/debug/_ext/60180175/plib_rtc_timer.o
 .debug_frame   0x000004a0       0xd4 build/default/debug/_ext/17022449/plib_sercom6_spi_master.o
 .debug_frame   0x00000574       0xe0 build/default/debug/_ext/1827571544/plib_systick.o
 .debug_frame   0x00000654       0x30 build/default/debug/_ext/163028504/xc32_monitor.o
 .debug_frame   0x00000684       0x28 build/default/debug/_ext/1171490990/initialization.o
 .debug_frame   0x000006ac       0x20 build/default/debug/_ext/1171490990/interrupts.o
 .debug_frame   0x000006cc       0x70 build/default/debug/_ext/1171490990/exceptions.o
 .debug_frame   0x0000073c       0x38 build/default/debug/_ext/1171490990/startup_xc32.o
 .debug_frame   0x00000774       0x20 build/default/debug/_ext/1171490990/libc_syscalls.o
 .debug_frame   0x00000794       0x90 build/default/debug/_ext/1360937237/main.o
 .debug_frame   0x00000824      0x5a8 /var/folders/sf/sp08cv152rlf5c23w55hcqy40000gp/T//ccumYmLn.o
 .debug_frame   0x00000dcc       0x38 /Applications/microchip/xc32/v4.10/bin/bin/../../lib/gcc/pic32c/8.3.1/../../../../pic32c/lib/thumb/v7e-m+fp/hard/libpic32c.a(data_init.o)
 .debug_frame   0x00000e04       0x3c /Applications/microchip/xc32/v4.10/bin/bin/../../lib/gcc/pic32c/8.3.1/../../../../pic32c/lib/thumb/v7e-m+fp/hard/libg-musl.a(__libc_start_main.o)
 .debug_frame   0x00000e40       0x28 /Applications/microchip/xc32/v4.10/bin/bin/../../lib/gcc/pic32c/8.3.1/../../../../pic32c/lib/thumb/v7e-m+fp/hard/libg-musl.a(assert.o)
 .debug_frame   0x00000e68       0x28 /Applications/microchip/xc32/v4.10/bin/bin/../../lib/gcc/pic32c/8.3.1/../../../../pic32c/lib/thumb/v7e-m+fp/hard/libg-musl.a(abort.o)
 .debug_frame   0x00000e90       0x3c /Applications/microchip/xc32/v4.10/bin/bin/../../lib/gcc/pic32c/8.3.1/../../../../pic32c/lib/thumb/v7e-m+fp/hard/libg-musl.a(fprintf.o)
 .debug_frame   0x00000ecc       0x3c /Applications/microchip/xc32/v4.10/bin/bin/../../lib/gcc/pic32c/8.3.1/../../../../pic32c/lib/thumb/v7e-m+fp/hard/libg-musl.a(__fmt_d.o)
 .debug_frame   0x00000f08       0x34 /Applications/microchip/xc32/v4.10/bin/bin/../../lib/gcc/pic32c/8.3.1/../../../../pic32c/lib/thumb/v7e-m+fp/hard/libg-musl.a(__fmt_o.o)
 .debug_frame   0x00000f3c       0x34 /Applications/microchip/xc32/v4.10/bin/bin/../../lib/gcc/pic32c/8.3.1/../../../../pic32c/lib/thumb/v7e-m+fp/hard/libg-musl.a(__fmt_s.o)
 .debug_frame   0x00000f70       0x5c /Applications/microchip/xc32/v4.10/bin/bin/../../lib/gcc/pic32c/8.3.1/../../../../pic32c/lib/thumb/v7e-m+fp/hard/libg-musl.a(__fmt_u.o)
 .debug_frame   0x00000fcc       0x40 /Applications/microchip/xc32/v4.10/bin/bin/../../lib/gcc/pic32c/8.3.1/../../../../pic32c/lib/thumb/v7e-m+fp/hard/libg-musl.a(__fmt_x.o)
 .debug_frame   0x0000100c       0xd8 /Applications/microchip/xc32/v4.10/bin/bin/../../lib/gcc/pic32c/8.3.1/../../../../pic32c/lib/thumb/v7e-m+fp/hard/libg-musl.a(__printf_core.o)
 .debug_frame   0x000010e4       0x48 /Applications/microchip/xc32/v4.10/bin/bin/../../lib/gcc/pic32c/8.3.1/../../../../pic32c/lib/thumb/v7e-m+fp/hard/libg-musl.a(fflush.o)
 .debug_frame   0x0000112c       0x48 /Applications/microchip/xc32/v4.10/bin/bin/../../lib/gcc/pic32c/8.3.1/../../../../pic32c/lib/thumb/v7e-m+fp/hard/libg-musl.a(stderr.o)
 .debug_frame   0x00001174       0x3c /Applications/microchip/xc32/v4.10/bin/bin/../../lib/gcc/pic32c/8.3.1/../../../../pic32c/lib/thumb/v7e-m+fp/hard/libg-musl.a(vfprintf.o)
 .debug_frame   0x000011b0       0x28 /Applications/microchip/xc32/v4.10/bin/bin/../../lib/gcc/pic32c/8.3.1/../../../../pic32c/lib/thumb/v7e-m+fp/hard/libg-musl.a(atoi.o)
 .debug_frame   0x000011d8       0x28 /Applications/microchip/xc32/v4.10/bin/bin/../../lib/gcc/pic32c/8.3.1/../../../../pic32c/lib/thumb/v7e-m+fp/hard/libg-musl.a(memcpy.o)
 .debug_frame   0x00001200       0x20 /Applications/microchip/xc32/v4.10/bin/bin/../../lib/gcc/pic32c/8.3.1/../../../../pic32c/lib/thumb/v7e-m+fp/hard/libg-musl.a(memset.o)
 .debug_frame   0x00001220       0x20 /Applications/microchip/xc32/v4.10/bin/bin/../../lib/gcc/pic32c/8.3.1/../../../../pic32c/lib/thumb/v7e-m+fp/hard/libg-musl.a(strlen.o)
 .debug_frame   0x00001240       0x30 /Applications/microchip/xc32/v4.10/bin/bin/../../lib/gcc/pic32c/8.3.1/../../../../pic32c/lib/thumb/v7e-m+fp/hard/libg-musl.a(tolower.o)
 .debug_frame   0x00001270       0x30 /Applications/microchip/xc32/v4.10/bin/bin/../../lib/gcc/pic32c/8.3.1/../../../../pic32c/lib/thumb/v7e-m+fp/hard/libg-musl.a(toupper.o)
 .debug_frame   0x000012a0       0x28 /Applications/microchip/xc32/v4.10/bin/bin/../../lib/gcc/pic32c/8.3.1/../../../../pic32c/lib/thumb/v7e-m+fp/hard/libg-musl.a(_Exit.o)
 .debug_frame   0x000012c8       0x20 /Applications/microchip/xc32/v4.10/bin/bin/../../lib/gcc/pic32c/8.3.1/../../../../pic32c/lib/thumb/v7e-m+fp/hard/libg-musl.a(__pop_float.o)
 .debug_frame   0x000012e8       0x2c /Applications/microchip/xc32/v4.10/bin/bin/../../lib/gcc/pic32c/8.3.1/../../../../pic32c/lib/thumb/v7e-m+fp/hard/libg-musl.a(__pop_int.o)
 .debug_frame   0x00001314       0x28 /Applications/microchip/xc32/v4.10/bin/bin/../../lib/gcc/pic32c/8.3.1/../../../../pic32c/lib/thumb/v7e-m+fp/hard/libg-musl.a(__pop_ptr.o)
 .debug_frame   0x0000133c       0x40 /Applications/microchip/xc32/v4.10/bin/bin/../../lib/gcc/pic32c/8.3.1/../../../../pic32c/lib/thumb/v7e-m+fp/hard/libg-musl.a(__fmt_a.o)
 .debug_frame   0x0000137c       0x50 /Applications/microchip/xc32/v4.10/bin/bin/../../lib/gcc/pic32c/8.3.1/../../../../pic32c/lib/thumb/v7e-m+fp/hard/libg-musl.a(__fmt_fp.o)
 .debug_frame   0x000013cc       0x38 /Applications/microchip/xc32/v4.10/bin/bin/../../lib/gcc/pic32c/8.3.1/../../../../pic32c/lib/thumb/v7e-m+fp/hard/libg-musl.a(__init_stdio.o)
 .debug_frame   0x00001404       0x3c /Applications/microchip/xc32/v4.10/bin/bin/../../lib/gcc/pic32c/8.3.1/../../../../pic32c/lib/thumb/v7e-m+fp/hard/libg-musl.a(__out.o)
 .debug_frame   0x00001440       0x28 /Applications/microchip/xc32/v4.10/bin/bin/../../lib/gcc/pic32c/8.3.1/../../../../pic32c/lib/thumb/v7e-m+fp/hard/libg-musl.a(strcpy.o)
 .debug_frame   0x00001468       0x20 /Applications/microchip/xc32/v4.10/bin/bin/../../lib/gcc/pic32c/8.3.1/../../../../pic32c/lib/thumb/v7e-m+fp/hard/libg-musl.a(stpcpy.o)
 .debug_frame   0x00001488       0x3c /Applications/microchip/xc32/v4.10/bin/bin/../../lib/gcc/pic32c/8.3.1/../../../../pic32c/lib/thumb/v7e-m+fp/hard/libc-musl.a(sprintf.o)
 .debug_frame   0x000014c4       0x20 /Applications/microchip/xc32/v4.10/bin/bin/../../lib/gcc/pic32c/8.3.1/../../../../pic32c/lib/thumb/v7e-m+fp/hard/libc-musl.a(vsprintf.o)
 .debug_frame   0x000014e4       0x38 /Applications/microchip/xc32/v4.10/bin/bin/../../lib/gcc/pic32c/8.3.1/../../../../pic32c/lib/thumb/v7e-m+fp/hard/libc-musl.a(vsnprintf.o)
 .debug_frame   0x0000151c       0x2c /Applications/microchip/xc32/v4.10/bin/bin/../../lib/gcc/pic32c/8.3.1/thumb/v7e-m+fp/hard/libgcc.a(_aeabi_uldivmod.o)
 .debug_frame   0x00001548       0x38 /Applications/microchip/xc32/v4.10/bin/bin/../../lib/gcc/pic32c/8.3.1/thumb/v7e-m+fp/hard/libgcc.a(_udivmoddi4.o)

.debug_loc      0x00000000     0x6587
 .debug_loc     0x00000000      0x1c5 build/default/debug/_ext/1865468468/plib_nvic.o
 .debug_loc     0x000001c5      0x868 build/default/debug/_ext/1593096446/plib_nvmctrl.o
 .debug_loc     0x00000a2d      0x1bc build/default/debug/_ext/1865521619/plib_port.o
 .debug_loc     0x00000be9       0xb4 build/default/debug/_ext/60180175/plib_rtc_timer.o
 .debug_loc     0x00000c9d      0x5fd build/default/debug/_ext/17022449/plib_sercom6_spi_master.o
 .debug_loc     0x0000129a      0x27d build/default/debug/_ext/1827571544/plib_systick.o
 .debug_loc     0x00001517       0x4a build/default/debug/_ext/163028504/xc32_monitor.o
 .debug_loc     0x00001561       0x45 build/default/debug/_ext/1171490990/initialization.o
 .debug_loc     0x000015a6       0x4a build/default/debug/_ext/1171490990/startup_xc32.o
 .debug_loc     0x000015f0       0x86 build/default/debug/_ext/1360937237/main.o
 .debug_loc     0x00001676      0xb1c /var/folders/sf/sp08cv152rlf5c23w55hcqy40000gp/T//ccumYmLn.o
 .debug_loc     0x00002192       0x14 /Applications/microchip/xc32/v4.10/bin/bin/../../lib/gcc/pic32c/8.3.1/../../../../pic32c/lib/thumb/v7e-m+fp/hard/libpic32c.a(data_init.o)
 .debug_loc     0x000021a6       0x51 /Applications/microchip/xc32/v4.10/bin/bin/../../lib/gcc/pic32c/8.3.1/../../../../pic32c/lib/thumb/v7e-m+fp/hard/libg-musl.a(__libc_start_main.o)
 .debug_loc     0x000021f7       0xea /Applications/microchip/xc32/v4.10/bin/bin/../../lib/gcc/pic32c/8.3.1/../../../../pic32c/lib/thumb/v7e-m+fp/hard/libg-musl.a(assert.o)
 .debug_loc     0x000022e1       0x20 /Applications/microchip/xc32/v4.10/bin/bin/../../lib/gcc/pic32c/8.3.1/../../../../pic32c/lib/thumb/v7e-m+fp/hard/libg-musl.a(abort.o)
 .debug_loc     0x00002301       0x8a /Applications/microchip/xc32/v4.10/bin/bin/../../lib/gcc/pic32c/8.3.1/../../../../pic32c/lib/thumb/v7e-m+fp/hard/libg-musl.a(fprintf.o)
 .debug_loc     0x0000238b      0x1ef /Applications/microchip/xc32/v4.10/bin/bin/../../lib/gcc/pic32c/8.3.1/../../../../pic32c/lib/thumb/v7e-m+fp/hard/libg-musl.a(__fmt_d.o)
 .debug_loc     0x0000257a      0x10a /Applications/microchip/xc32/v4.10/bin/bin/../../lib/gcc/pic32c/8.3.1/../../../../pic32c/lib/thumb/v7e-m+fp/hard/libg-musl.a(__fmt_o.o)
 .debug_loc     0x00002684      0x157 /Applications/microchip/xc32/v4.10/bin/bin/../../lib/gcc/pic32c/8.3.1/../../../../pic32c/lib/thumb/v7e-m+fp/hard/libg-musl.a(__fmt_s.o)
 .debug_loc     0x000027db      0x2a2 /Applications/microchip/xc32/v4.10/bin/bin/../../lib/gcc/pic32c/8.3.1/../../../../pic32c/lib/thumb/v7e-m+fp/hard/libg-musl.a(__fmt_u.o)
 .debug_loc     0x00002a7d      0x2a8 /Applications/microchip/xc32/v4.10/bin/bin/../../lib/gcc/pic32c/8.3.1/../../../../pic32c/lib/thumb/v7e-m+fp/hard/libg-musl.a(__fmt_x.o)
 .debug_loc     0x00002d25      0x638 /Applications/microchip/xc32/v4.10/bin/bin/../../lib/gcc/pic32c/8.3.1/../../../../pic32c/lib/thumb/v7e-m+fp/hard/libg-musl.a(__printf_core.o)
 .debug_loc     0x0000335d       0xbf /Applications/microchip/xc32/v4.10/bin/bin/../../lib/gcc/pic32c/8.3.1/../../../../pic32c/lib/thumb/v7e-m+fp/hard/libg-musl.a(fflush.o)
 .debug_loc     0x0000341c       0x20 /Applications/microchip/xc32/v4.10/bin/bin/../../lib/gcc/pic32c/8.3.1/../../../../pic32c/lib/thumb/v7e-m+fp/hard/libg-musl.a(stderr.o)
 .debug_loc     0x0000343c       0x88 /Applications/microchip/xc32/v4.10/bin/bin/../../lib/gcc/pic32c/8.3.1/../../../../pic32c/lib/thumb/v7e-m+fp/hard/libg-musl.a(vfprintf.o)
 .debug_loc     0x000034c4       0xd8 /Applications/microchip/xc32/v4.10/bin/bin/../../lib/gcc/pic32c/8.3.1/../../../../pic32c/lib/thumb/v7e-m+fp/hard/libg-musl.a(atoi.o)
 .debug_loc     0x0000359c       0xba /Applications/microchip/xc32/v4.10/bin/bin/../../lib/gcc/pic32c/8.3.1/../../../../pic32c/lib/thumb/v7e-m+fp/hard/libg-musl.a(memcpy.o)
 .debug_loc     0x00003656       0x56 /Applications/microchip/xc32/v4.10/bin/bin/../../lib/gcc/pic32c/8.3.1/../../../../pic32c/lib/thumb/v7e-m+fp/hard/libg-musl.a(memset.o)
 .debug_loc     0x000036ac       0x47 /Applications/microchip/xc32/v4.10/bin/bin/../../lib/gcc/pic32c/8.3.1/../../../../pic32c/lib/thumb/v7e-m+fp/hard/libg-musl.a(strlen.o)
 .debug_loc     0x000036f3       0x4a /Applications/microchip/xc32/v4.10/bin/bin/../../lib/gcc/pic32c/8.3.1/../../../../pic32c/lib/thumb/v7e-m+fp/hard/libg-musl.a(tolower.o)
 .debug_loc     0x0000373d       0x4a /Applications/microchip/xc32/v4.10/bin/bin/../../lib/gcc/pic32c/8.3.1/../../../../pic32c/lib/thumb/v7e-m+fp/hard/libg-musl.a(toupper.o)
 .debug_loc     0x00003787       0x45 /Applications/microchip/xc32/v4.10/bin/bin/../../lib/gcc/pic32c/8.3.1/../../../../pic32c/lib/thumb/v7e-m+fp/hard/libg-musl.a(_Exit.o)
 .debug_loc     0x000037cc       0xa6 /Applications/microchip/xc32/v4.10/bin/bin/../../lib/gcc/pic32c/8.3.1/../../../../pic32c/lib/thumb/v7e-m+fp/hard/libg-musl.a(__pop_float.o)
 .debug_loc     0x00003872      0x312 /Applications/microchip/xc32/v4.10/bin/bin/../../lib/gcc/pic32c/8.3.1/../../../../pic32c/lib/thumb/v7e-m+fp/hard/libg-musl.a(__pop_int.o)
 .debug_loc     0x00003b84      0x1db /Applications/microchip/xc32/v4.10/bin/bin/../../lib/gcc/pic32c/8.3.1/../../../../pic32c/lib/thumb/v7e-m+fp/hard/libg-musl.a(__pop_ptr.o)
 .debug_loc     0x00003d5f      0xac1 /Applications/microchip/xc32/v4.10/bin/bin/../../lib/gcc/pic32c/8.3.1/../../../../pic32c/lib/thumb/v7e-m+fp/hard/libg-musl.a(__fmt_a.o)
 .debug_loc     0x00004820      0xa7e /Applications/microchip/xc32/v4.10/bin/bin/../../lib/gcc/pic32c/8.3.1/../../../../pic32c/lib/thumb/v7e-m+fp/hard/libg-musl.a(__fmt_fp.o)
 .debug_loc     0x0000529e       0x20 /Applications/microchip/xc32/v4.10/bin/bin/../../lib/gcc/pic32c/8.3.1/../../../../pic32c/lib/thumb/v7e-m+fp/hard/libg-musl.a(__init_stdio.o)
 .debug_loc     0x000052be      0x1a8 /Applications/microchip/xc32/v4.10/bin/bin/../../lib/gcc/pic32c/8.3.1/../../../../pic32c/lib/thumb/v7e-m+fp/hard/libg-musl.a(__out.o)
 .debug_loc     0x00005466       0x67 /Applications/microchip/xc32/v4.10/bin/bin/../../lib/gcc/pic32c/8.3.1/../../../../pic32c/lib/thumb/v7e-m+fp/hard/libg-musl.a(strcpy.o)
 .debug_loc     0x000054cd       0x60 /Applications/microchip/xc32/v4.10/bin/bin/../../lib/gcc/pic32c/8.3.1/../../../../pic32c/lib/thumb/v7e-m+fp/hard/libg-musl.a(stpcpy.o)
 .debug_loc     0x0000552d       0x8a /Applications/microchip/xc32/v4.10/bin/bin/../../lib/gcc/pic32c/8.3.1/../../../../pic32c/lib/thumb/v7e-m+fp/hard/libc-musl.a(sprintf.o)
 .debug_loc     0x000055b7       0x6c /Applications/microchip/xc32/v4.10/bin/bin/../../lib/gcc/pic32c/8.3.1/../../../../pic32c/lib/thumb/v7e-m+fp/hard/libc-musl.a(vsprintf.o)
 .debug_loc     0x00005623       0xeb /Applications/microchip/xc32/v4.10/bin/bin/../../lib/gcc/pic32c/8.3.1/../../../../pic32c/lib/thumb/v7e-m+fp/hard/libc-musl.a(vsnprintf.o)
 .debug_loc     0x0000570e      0xe79 /Applications/microchip/xc32/v4.10/bin/bin/../../lib/gcc/pic32c/8.3.1/thumb/v7e-m+fp/hard/libgcc.a(_udivmoddi4.o)

.note.GNU-stack
                0x00000000        0x0
 .note.GNU-stack
                0x00000000        0x0 /Applications/microchip/xc32/v4.10/bin/bin/../../lib/gcc/pic32c/8.3.1/../../../../pic32c/lib/thumb/v7e-m+fp/hard/libg-musl.a(__libc_start_main.o)
 .note.GNU-stack
                0x00000000        0x0 /Applications/microchip/xc32/v4.10/bin/bin/../../lib/gcc/pic32c/8.3.1/../../../../pic32c/lib/thumb/v7e-m+fp/hard/libg-musl.a(assert.o)
 .note.GNU-stack
                0x00000000        0x0 /Applications/microchip/xc32/v4.10/bin/bin/../../lib/gcc/pic32c/8.3.1/../../../../pic32c/lib/thumb/v7e-m+fp/hard/libg-musl.a(abort.o)
 .note.GNU-stack
                0x00000000        0x0 /Applications/microchip/xc32/v4.10/bin/bin/../../lib/gcc/pic32c/8.3.1/../../../../pic32c/lib/thumb/v7e-m+fp/hard/libg-musl.a(libc.o)
 .note.GNU-stack
                0x00000000        0x0 /Applications/microchip/xc32/v4.10/bin/bin/../../lib/gcc/pic32c/8.3.1/../../../../pic32c/lib/thumb/v7e-m+fp/hard/libg-musl.a(fprintf.o)
 .note.GNU-stack
                0x00000000        0x0 /Applications/microchip/xc32/v4.10/bin/bin/../../lib/gcc/pic32c/8.3.1/../../../../pic32c/lib/thumb/v7e-m+fp/hard/libg-musl.a(__fmt_d.o)
 .note.GNU-stack
                0x00000000        0x0 /Applications/microchip/xc32/v4.10/bin/bin/../../lib/gcc/pic32c/8.3.1/../../../../pic32c/lib/thumb/v7e-m+fp/hard/libg-musl.a(__fmt_o.o)
 .note.GNU-stack
                0x00000000        0x0 /Applications/microchip/xc32/v4.10/bin/bin/../../lib/gcc/pic32c/8.3.1/../../../../pic32c/lib/thumb/v7e-m+fp/hard/libg-musl.a(__fmt_s.o)
 .note.GNU-stack
                0x00000000        0x0 /Applications/microchip/xc32/v4.10/bin/bin/../../lib/gcc/pic32c/8.3.1/../../../../pic32c/lib/thumb/v7e-m+fp/hard/libg-musl.a(__fmt_u.o)
 .note.GNU-stack
                0x00000000        0x0 /Applications/microchip/xc32/v4.10/bin/bin/../../lib/gcc/pic32c/8.3.1/../../../../pic32c/lib/thumb/v7e-m+fp/hard/libg-musl.a(__fmt_x.o)
 .note.GNU-stack
                0x00000000        0x0 /Applications/microchip/xc32/v4.10/bin/bin/../../lib/gcc/pic32c/8.3.1/../../../../pic32c/lib/thumb/v7e-m+fp/hard/libg-musl.a(__printf_core.o)
 .note.GNU-stack
                0x00000000        0x0 /Applications/microchip/xc32/v4.10/bin/bin/../../lib/gcc/pic32c/8.3.1/../../../../pic32c/lib/thumb/v7e-m+fp/hard/libg-musl.a(fflush.o)
 .note.GNU-stack
                0x00000000        0x0 /Applications/microchip/xc32/v4.10/bin/bin/../../lib/gcc/pic32c/8.3.1/../../../../pic32c/lib/thumb/v7e-m+fp/hard/libg-musl.a(stderr.o)
 .note.GNU-stack
                0x00000000        0x0 /Applications/microchip/xc32/v4.10/bin/bin/../../lib/gcc/pic32c/8.3.1/../../../../pic32c/lib/thumb/v7e-m+fp/hard/libg-musl.a(vfprintf.o)
 .note.GNU-stack
                0x00000000        0x0 /Applications/microchip/xc32/v4.10/bin/bin/../../lib/gcc/pic32c/8.3.1/../../../../pic32c/lib/thumb/v7e-m+fp/hard/libg-musl.a(atoi.o)
 .note.GNU-stack
                0x00000000        0x0 /Applications/microchip/xc32/v4.10/bin/bin/../../lib/gcc/pic32c/8.3.1/../../../../pic32c/lib/thumb/v7e-m+fp/hard/libg-musl.a(memcpy.o)
 .note.GNU-stack
                0x00000000        0x0 /Applications/microchip/xc32/v4.10/bin/bin/../../lib/gcc/pic32c/8.3.1/../../../../pic32c/lib/thumb/v7e-m+fp/hard/libg-musl.a(memset.o)
 .note.GNU-stack
                0x00000000        0x0 /Applications/microchip/xc32/v4.10/bin/bin/../../lib/gcc/pic32c/8.3.1/../../../../pic32c/lib/thumb/v7e-m+fp/hard/libg-musl.a(strlen.o)
 .note.GNU-stack
                0x00000000        0x0 /Applications/microchip/xc32/v4.10/bin/bin/../../lib/gcc/pic32c/8.3.1/../../../../pic32c/lib/thumb/v7e-m+fp/hard/libg-musl.a(tolower.o)
 .note.GNU-stack
                0x00000000        0x0 /Applications/microchip/xc32/v4.10/bin/bin/../../lib/gcc/pic32c/8.3.1/../../../../pic32c/lib/thumb/v7e-m+fp/hard/libg-musl.a(toupper.o)
 .note.GNU-stack
                0x00000000        0x0 /Applications/microchip/xc32/v4.10/bin/bin/../../lib/gcc/pic32c/8.3.1/../../../../pic32c/lib/thumb/v7e-m+fp/hard/libg-musl.a(__environ.o)
 .note.GNU-stack