Archive member included to satisfy reference by file (symbol)

/Applications/microchip/xc32/v4.10/bin/bin/../../lib/gcc/pic32c/8.3.1/../../../../pic32c/lib/thumb/v7e-m+fp/hard/libpic32c.a(data_init.o)
                              build/default/production/_ext/1171490990/startup_xc32.o (__pic32c_data_initialization)
/Applications/microchip/xc32/v4.10/bin/bin/../../lib/gcc/pic32c/8.3.1/../../../../pic32c/lib/thumb/v7e-m+fp/hard/libm-emfloat.a(floatasmops_arm.o)
                              /var/folders/sf/sp08cv152rlf5c23w55hcqy40000gp/T//ccCN4QIS.o (__aeabi_dmul)
/Applications/microchip/xc32/v4.10/bin/bin/../../lib/gcc/pic32c/8.3.1/../../../../pic32c/lib/thumb/v7e-m+fp/hard/libc-musl.a(__libc_start_main.o)
                              build/default/production/_ext/1171490990/startup_xc32.o (__libc_init_array)
/Applications/microchip/xc32/v4.10/bin/bin/../../lib/gcc/pic32c/8.3.1/../../../../pic32c/lib/thumb/v7e-m+fp/hard/libc-musl.a(assert.o)
                              /var/folders/sf/sp08cv152rlf5c23w55hcqy40000gp/T//ccCN4QIS.o (__assert_fail)
/Applications/microchip/xc32/v4.10/bin/bin/../../lib/gcc/pic32c/8.3.1/../../../../pic32c/lib/thumb/v7e-m+fp/hard/libc-musl.a(abort.o)
                              /Applications/microchip/xc32/v4.10/bin/bin/../../lib/gcc/pic32c/8.3.1/../../../../pic32c/lib/thumb/v7e-m+fp/hard/libc-musl.a(assert.o) (abort)
/Applications/microchip/xc32/v4.10/bin/bin/../../lib/gcc/pic32c/8.3.1/../../../../pic32c/lib/thumb/v7e-m+fp/hard/libc-musl.a(libc.o)
                              /Applications/microchip/xc32/v4.10/bin/bin/../../lib/gcc/pic32c/8.3.1/../../../../pic32c/lib/thumb/v7e-m+fp/hard/libc-musl.a(__libc_start_main.o) (__progname_full)
/Applications/microchip/xc32/v4.10/bin/bin/../../lib/gcc/pic32c/8.3.1/../../../../pic32c/lib/thumb/v7e-m+fp/hard/libc-musl.a(__sio_sprintf_doux.o)
                              (_sprintf_cdnopuxX)
/Applications/microchip/xc32/v4.10/bin/bin/../../lib/gcc/pic32c/8.3.1/../../../../pic32c/lib/thumb/v7e-m+fp/hard/libc-musl.a(fprintf.o)
                              /Applications/microchip/xc32/v4.10/bin/bin/../../lib/gcc/pic32c/8.3.1/../../../../pic32c/lib/thumb/v7e-m+fp/hard/libc-musl.a(assert.o) (fprintf)
/Applications/microchip/xc32/v4.10/bin/bin/../../lib/gcc/pic32c/8.3.1/../../../../pic32c/lib/thumb/v7e-m+fp/hard/libc-musl.a(__fmt_d.o)
                              /Applications/microchip/xc32/v4.10/bin/bin/../../lib/gcc/pic32c/8.3.1/../../../../pic32c/lib/thumb/v7e-m+fp/hard/libc-musl.a(__sio_sprintf_doux.o) (__fmt_d_needed)
/Applications/microchip/xc32/v4.10/bin/bin/../../lib/gcc/pic32c/8.3.1/../../../../pic32c/lib/thumb/v7e-m+fp/hard/libc-musl.a(__fmt_o.o)
                              /Applications/microchip/xc32/v4.10/bin/bin/../../lib/gcc/pic32c/8.3.1/../../../../pic32c/lib/thumb/v7e-m+fp/hard/libc-musl.a(__sio_sprintf_doux.o) (__fmt_o_needed)
/Applications/microchip/xc32/v4.10/bin/bin/../../lib/gcc/pic32c/8.3.1/../../../../pic32c/lib/thumb/v7e-m+fp/hard/libc-musl.a(__fmt_s.o)
                              /Applications/microchip/xc32/v4.10/bin/bin/../../lib/gcc/pic32c/8.3.1/../../../../pic32c/lib/thumb/v7e-m+fp/hard/libc-musl.a(__sio_sprintf_doux.o) (__fmt_s_needed)
/Applications/microchip/xc32/v4.10/bin/bin/../../lib/gcc/pic32c/8.3.1/../../../../pic32c/lib/thumb/v7e-m+fp/hard/libc-musl.a(__fmt_u.o)
                              /Applications/microchip/xc32/v4.10/bin/bin/../../lib/gcc/pic32c/8.3.1/../../../../pic32c/lib/thumb/v7e-m+fp/hard/libc-musl.a(__fmt_d.o) (__cvt_u)
/Applications/microchip/xc32/v4.10/bin/bin/../../lib/gcc/pic32c/8.3.1/../../../../pic32c/lib/thumb/v7e-m+fp/hard/libc-musl.a(__fmt_x.o)
                              /Applications/microchip/xc32/v4.10/bin/bin/../../lib/gcc/pic32c/8.3.1/../../../../pic32c/lib/thumb/v7e-m+fp/hard/libc-musl.a(__sio_sprintf_doux.o) (__fmt_x_needed)
/Applications/microchip/xc32/v4.10/bin/bin/../../lib/gcc/pic32c/8.3.1/../../../../pic32c/lib/thumb/v7e-m+fp/hard/libc-musl.a(__printf_core.o)
                              /Applications/microchip/xc32/v4.10/bin/bin/../../lib/gcc/pic32c/8.3.1/../../../../pic32c/lib/thumb/v7e-m+fp/hard/libc-musl.a(__fmt_d.o) (__pad)
/Applications/microchip/xc32/v4.10/bin/bin/../../lib/gcc/pic32c/8.3.1/../../../../pic32c/lib/thumb/v7e-m+fp/hard/libc-musl.a(fflush.o)
                              /Applications/microchip/xc32/v4.10/bin/bin/../../lib/gcc/pic32c/8.3.1/../../../../pic32c/lib/thumb/v7e-m+fp/hard/libc-musl.a(assert.o) (fflush)
/Applications/microchip/xc32/v4.10/bin/bin/../../lib/gcc/pic32c/8.3.1/../../../../pic32c/lib/thumb/v7e-m+fp/hard/libc-musl.a(stderr.o)
                              /Applications/microchip/xc32/v4.10/bin/bin/../../lib/gcc/pic32c/8.3.1/../../../../pic32c/lib/thumb/v7e-m+fp/hard/libc-musl.a(assert.o) (_stderr)
/Applications/microchip/xc32/v4.10/bin/bin/../../lib/gcc/pic32c/8.3.1/../../../../pic32c/lib/thumb/v7e-m+fp/hard/libc-musl.a(vfprintf.o)
[...]
Memory Configuration

Name             Origin             Length             Attributes
rom              0x00000000         0x00100000         xrl
ram              0x20000000         0x00040000         xw !r
tcm              0x03000000         0x00000000         xw
bkupram          0x47000000         0x00002000
config_00804000  0x00804000         0x00000004
config_00804008  0x00804008         0x00000004
config_00804004  0x00804004         0x00000004
*default*        0x00000000         0xffffffff

Linker script and memory map

LOAD /Applications/microchip/xc32/v4.10/bin/bin/../../lib/gcc/pic32c/8.3.1/thumb/v7e-m+fp/hard/crti.o
LOAD /Applications/microchip/xc32/v4.10/bin/bin/../../lib/gcc/pic32c/8.3.1/thumb/v7e-m+fp/hard/crtbegin.o
LOAD build/default/production/_ext/1434821282/bsp.o
LOAD build/default/production/_ext/1984496892/plib_clock.o
LOAD build/default/production/_ext/1865131932/plib_cmcc.o
LOAD build/default/production/_ext/1986646378/plib_evsys.o
LOAD build/default/production/_ext/1865468468/plib_nvic.o
LOAD build/default/production/_ext/1593096446/plib_nvmctrl.o
LOAD build/default/production/_ext/1865521619/plib_port.o
LOAD build/default/production/_ext/60180175/plib_rtc_timer.o
LOAD build/default/production/_ext/17022449/plib_sercom6_spi_master.o
LOAD build/default/production/_ext/1827571544/plib_systick.o
LOAD build/default/production/_ext/163028504/xc32_monitor.o
LOAD build/default/production/_ext/1171490990/initialization.o
LOAD build/default/production/_ext/1171490990/interrupts.o
LOAD build/default/production/_ext/1171490990/exceptions.o
LOAD build/default/production/_ext/1171490990/startup_xc32.o
LOAD build/default/production/_ext/1171490990/libc_syscalls.o
LOAD build/default/production/_ext/1360937237/main.o
LOAD /var/folders/sf/sp08cv152rlf5c23w55hcqy40000gp/T//ccCN4QIS.o
                0x00000001                __MPLAB_BUILD = 0x1
                0x00100000                __rom_end = (ORIGIN (rom) + LENGTH (rom))
                0x20040000                __ram_end = (ORIGIN (ram) + LENGTH (ram))

.config_00804000
 *(.config_00804000)

.config_00804008
 *(.config_00804008)

.config_00804004
 *(.config_00804004)

.vectors        0x00000000      0x264
                0x00000000                . = ALIGN (0x4)
                0x00000000                _sfixed = .
 *(.vectors .vectors.* .vectors_default .vectors_default.*)
 .vectors.exception_table
                0x00000000      0x264 build/default/production/_ext/1171490990/interrupts.o
                0x00000000                exception_table
 *(.isr_vector)
 *(.reset*)
 *(.after_vectors)

.text           0x00000264       0x20
                0x00000264                . = ALIGN (0x4)
 *(.glue_7t)
 .glue_7t       0x00000264        0x0 linker stubs
 *(.glue_7)
 .glue_7        0x00000264        0x0 linker stubs
 *(.gnu.linkonce.r.*)
 *(.ARM.extab* .gnu.linkonce.armextab.*)
                0x00000264                . = ALIGN (0x4)
 *(.init)
 .init          0x00000264        0x4 /Applications/microchip/xc32/v4.10/bin/bin/../../lib/gcc/pic32c/8.3.1/thumb/v7e-m+fp/hard/crti.o
                0x00000264                _init
 .init          0x00000268        0x8 /Applications/microchip/xc32/v4.10/bin/bin/../../lib/gcc/pic32c/8.3.1/thumb/v7e-m+fp/hard/crtn.o
                0x00000270                . = ALIGN (0x4)
                0x00000270                __preinit_array_start = .
 *(.preinit_array)
                0x00000270                __preinit_array_end = .
                0x00000270                . = ALIGN (0x4)
                0x00000270                __init_array_start = .
 *(SORT_BY_NAME(.init_array.*))
 *(.init_array)
 .init_array    0x00000270        0x4 /Applications/microchip/xc32/v4.10/bin/bin/../../lib/gcc/pic32c/8.3.1/thumb/v7e-m+fp/hard/crtbegin.o
                0x00000274                __init_array_end = .
                0x00000274                . = ALIGN (0x4)
 *crtbegin.o(.ctors)
 *(EXCLUDE_FILE(*crtend.o) .ctors)
 *(SORT_BY_NAME(.ctors.*))
 *crtend.o(.ctors)
                0x00000274                . = ALIGN (0x4)
 *(.fini)
 .fini          0x00000274        0x4 /Applications/microchip/xc32/v4.10/bin/bin/../../lib/gcc/pic32c/8.3.1/thumb/v7e-m+fp/hard/crti.o
                0x00000274                _fini
 .fini          0x00000278        0x8 /Applications/microchip/xc32/v4.10/bin/bin/../../lib/gcc/pic32c/8.3.1/thumb/v7e-m+fp/hard/crtn.o
                0x00000280                . = ALIGN (0x4)
                0x00000280                __fini_array_start = .
 *(.fini_array)
 .fini_array    0x00000280        0x4 /Applications/microchip/xc32/v4.10/bin/bin/../../lib/gcc/pic32c/8.3.1/thumb/v7e-m+fp/hard/crtbegin.o
 *(SORT_BY_NAME(.fini_array.*))
                0x00000284                __fini_array_end = .
 *crtbegin.o(.dtors)
 *(EXCLUDE_FILE(*crtend.o) .dtors)
 *(SORT_BY_NAME(.dtors.*))
 *crtend.o(.dtors)
                0x00000284                . = ALIGN (0x4)
                0x00000284                _efixed = .
                [!provide]                PROVIDE (__exidx_start = .)

.ARM.exidx      0x00000284        0x8
 *(.ARM.exidx* .gnu.linkonce.armexidx.*)
 .ARM.exidx     0x00000284        0x8 /Applications/microchip/xc32/v4.10/bin/bin/../../lib/gcc/pic32c/8.3.1/thumb/v7e-m+fp/hard/libgcc.a(_udivmoddi4.o)
                [!provide]                PROVIDE (__exidx_end = .)
                0x0000028c                . = ALIGN (0x4)
                0x0000028c                _etext = .

.bss            0x20000000       0x3c
                0x20000000                . = ALIGN (0x4)
                0x20000000                __bss_start__ = .
                0x20000000                _sbss = .
                0x20000000                _szero = .
 *(COMMON)
 COMMON         0x20000000       0x3c /var/folders/sf/sp08cv152rlf5c23w55hcqy40000gp/T//ccCN4QIS.o
                0x20000000                LoRa
                0x2000003c                . = ALIGN (0x4)
                0x2000003c                __bss_end__ = .
                0x2000003c                _ebss = .
                0x2000003c                _ezero = .
                0x2000003c                . = ALIGN (0x4)
                0x2000003c                _end = .
                0x2003ffff                _ram_end_ = ((ORIGIN (ram) + LENGTH (ram)) - 0x1)

.bkupram_bss
 *(.bkupram_bss .bkupram_bss.*)
 *(.pbss .pbss.*)
                0x00000200                _min_heap_size = 0x200
START GROUP
LOAD /Applications/microchip/xc32/v4.10/bin/bin/../../lib/gcc/pic32c/8.3.1/../../../../pic32c/lib/thumb/v7e-m+fp/hard/libpic32c.a
LOAD /Applications/microchip/xc32/v4.10/bin/bin/../../lib/gcc/pic32c/8.3.1/../../../../pic32c/lib/thumb/v7e-m+fp/hard/libm-emfloat.a
LOAD /Applications/microchip/xc32/v4.10/bin/bin/../../lib/gcc/pic32c/8.3.1/../../../../pic32c/lib/thumb/v7e-m+fp/hard/libc-musl.a
LOAD /Applications/microchip/xc32/v4.10/bin/bin/../../lib/gcc/pic32c/8.3.1/../../../../pic32c/lib/thumb/v7e-m+fp/hard/libm-emfloat.a
LOAD /Applications/microchip/xc32/v4.10/bin/bin/../../lib/gcc/pic32c/8.3.1/thumb/v7e-m+fp/hard/libgcc.a
END GROUP
LOAD /Applications/microchip/xc32/v4.10/bin/bin/../../lib/gcc/pic32c/8.3.1/thumb/v7e-m+fp/hard/crtend.o
LOAD /Applications/microchip/xc32/v4.10/bin/bin/../../lib/gcc/pic32c/8.3.1/thumb/v7e-m+fp/hard/crtn.o
OUTPUT(dist/default/production/weather-station-proto-research-same54-xplained.X.production.elf elf32-littlearm)
LOAD stack
LOAD data_init

.ARM.attributes
                0x00000000       0x32
 .ARM.attributes
                0x00000000       0x1e /Applications/microchip/xc32/v4.10/bin/bin/../../lib/gcc/pic32c/8.3.1/thumb/v7e-m+fp/hard/crti.o
 .ARM.attributes
                0x0000001e       0x34 /Applications/microchip/xc32/v4.10/bin/bin/../../lib/gcc/pic32c/8.3.1/thumb/v7e-m+fp/hard/crtbegin.o
 .ARM.attributes
                0x00000052       0x34 build/default/production/_ext/1434821282/bsp.o
 .ARM.attributes
                0x00000086       0x34 build/default/production/_ext/1984496892/plib_clock.o
 .ARM.attributes
                0x000000ba       0x34 build/default/production/_ext/1986646378/plib_evsys.o
 .ARM.attributes
                0x000000ee       0x34 build/default/production/_ext/1865468468/plib_nvic.o
 .ARM.attributes
                0x00000122       0x34 build/default/production/_ext/1593096446/plib_nvmctrl.o
 .ARM.attributes
                0x00000156       0x34 build/default/production/_ext/1865521619/plib_port.o
 .ARM.attributes
                0x0000018a       0x34 build/default/production/_ext/60180175/plib_rtc_timer.o
 .ARM.attributes
                0x000001be       0x34 build/default/production/_ext/17022449/plib_sercom6_spi_master.o
 .ARM.attributes
                0x000001f2       0x34 build/default/production/_ext/1827571544/plib_systick.o
 .ARM.attributes
                0x00000226       0x34 build/default/production/_ext/163028504/xc32_monitor.o
 .ARM.attributes
                0x0000025a       0x34 build/default/production/_ext/1171490990/initialization.o
 .ARM.attributes
                0x0000028e       0x34 build/default/production/_ext/1171490990/interrupts.o
 .ARM.attributes
                0x000002c2       0x34 build/default/production/_ext/1171490990/exceptions.o
 .ARM.attributes
                0x000002f6       0x34 build/default/production/_ext/1171490990/startup_xc32.o
 .ARM.attributes
                0x0000032a       0x34 build/default/production/_ext/1171490990/libc_syscalls.o
 .ARM.attributes
                0x0000035e       0x34 build/default/production/_ext/1360937237/main.o
 .ARM.attributes
                0x00000392       0x34 /var/folders/sf/sp08cv152rlf5c23w55hcqy40000gp/T//ccCN4QIS.o
 .ARM.attributes
                0x000003c6       0x34 /Applications/microchip/xc32/v4.10/bin/bin/../../lib/gcc/pic32c/8.3.1/../../../../pic32c/lib/thumb/v7e-m+fp/hard/libpic32c.a(data_init.o)
 .ARM.attributes
                0x000003fa       0x20 /Applications/microchip/xc32/v4.10/bin/bin/../../lib/gcc/pic32c/8.3.1/../../../../pic32c/lib/thumb/v7e-m+fp/hard/libm-emfloat.a(floatasmops_arm.o)
 .ARM.attributes
                0x0000041a       0x36 /Applications/microchip/xc32/v4.10/bin/bin/../../lib/gcc/pic32c/8.3.1/../../../../pic32c/lib/thumb/v7e-m+fp/hard/libc-musl.a(__libc_start_main.o)
 .ARM.attributes
                0x00000450       0x36 /Applications/microchip/xc32/v4.10/bin/bin/../../lib/gcc/pic32c/8.3.1/../../../../pic32c/lib/thumb/v7e-m+fp/hard/libc-musl.a(assert.o)
 .ARM.attributes
                0x00000486       0x36 /Applications/microchip/xc32/v4.10/bin/bin/../../lib/gcc/pic32c/8.3.1/../../../../pic32c/lib/thumb/v7e-m+fp/hard/libc-musl.a(abort.o)
 .ARM.attributes
                0x000004bc       0x34 /Applications/microchip/xc32/v4.10/bin/bin/../../lib/gcc/pic32c/8.3.1/../../../../pic32c/lib/thumb/v7e-m+fp/hard/libc-musl.a(libc.o)
 .ARM.attributes
                0x000004f0       0x36 /Applications/microchip/xc32/v4.10/bin/bin/../../lib/gcc/pic32c/8.3.1/../../../../pic32c/lib/thumb/v7e-m+fp/hard/libc-musl.a(fprintf.o)
 .ARM.attributes
                0x00000526       0x36 /Applications/microchip/xc32/v4.10/bin/bin/../../lib/gcc/pic32c/8.3.1/../../../../pic32c/lib/thumb/v7e-m+fp/hard/libc-musl.a(__fmt_d.o)
 .ARM.attributes
                0x0000055c       0x36 /Applications/microchip/xc32/v4.10/bin/bin/../../lib/gcc/pic32c/8.3.1/../../../../pic32c/lib/thumb/v7e-m+fp/hard/libc-musl.a(__fmt_o.o)
 .ARM.attributes
                0x00000592       0x36 /Applications/microchip/xc32/v4.10/bin/bin/../../lib/gcc/pic32c/8.3.1/../../../../pic32c/lib/thumb/v7e-m+fp/hard/libc-musl.a(__fmt_s.o)
 .ARM.attributes
                0x000005c8       0x36 /Applications/microchip/xc32/v4.10/bin/bin/../../lib/gcc/pic32c/8.3.1/../../../../pic32c/lib/thumb/v7e-m+fp/hard/libc-musl.a(__fmt_u.o)
 .ARM.attributes
                0x000005fe       0x36 /Applications/microchip/xc32/v4.10/bin/bin/../../lib/gcc/pic32c/8.3.1/../../../../pic32c/lib/thumb/v7e-m+fp/hard/libc-musl.a(__fmt_x.o)
 .ARM.attributes
                0x00000634       0x36 /Applications/microchip/xc32/v4.10/bin/bin/../../lib/gcc/pic32c/8.3.1/../../../../pic32c/lib/thumb/v7e-m+fp/hard/libc-musl.a(__printf_core.o)
 .ARM.attributes
                0x0000066a       0x36 /Applications/microchip/xc32/v4.10/bin/bin/../../lib/gcc/pic32c/8.3.1/../../../../pic32c/lib/thumb/v7e-m+fp/hard/libc-musl.a(fflush.o)
 .ARM.attributes
                0x000006a0       0x36 /Applications/microchip/xc32/v4.10/bin/bin/../../lib/gcc/pic32c/8.3.1/../../../../pic32c/lib/thumb/v7e-m+fp/hard/libc-musl.a(stderr.o)
 .ARM.attributes
                0x000006d6       0x36 /Applications/microchip/xc32/v4.10/bin/bin/../../lib/gcc/pic32c/8.3.1/../../../../pic32c/lib/thumb/v7e-m+fp/hard/libc-musl.a(vfprintf.o)
 .ARM.attributes
                0x0000070c       0x36 /Applications/microchip/xc32/v4.10/bin/bin/../../lib/gcc/pic32c/8.3.1/../../../../pic32c/lib/thumb/v7e-m+fp/hard/libc-musl.a(atoi.o)
 .ARM.attributes
                0x00000742       0x36 /Applications/microchip/xc32/v4.10/bin/bin/../../lib/gcc/pic32c/8.3.1/../../../../pic32c/lib/thumb/v7e-m+fp/hard/libc-musl.a(memcpy.o)
 .ARM.attributes
                0x00000778       0x36 /Applications/microchip/xc32/v4.10/bin/bin/../../lib/gcc/pic32c/8.3.1/../../../../pic32c/lib/thumb/v7e-m+fp/hard/libc-musl.a(memset.o)
 .ARM.attributes
                0x000007ae       0x36 /Applications/microchip/xc32/v4.10/bin/bin/../../lib/gcc/pic32c/8.3.1/../../../../pic32c/lib/thumb/v7e-m+fp/hard/libc-musl.a(strlen.o)
 .ARM.attributes
                0x000007e4       0x36 /Applications/microchip/xc32/v4.10/bin/bin/../../lib/gcc/pic32c/8.3.1/../../../../pic32c/lib/thumb/v7e-m+fp/hard/libc-musl.a(tolower.o)
 .ARM.attributes
                0x0000081a       0x36 /Applications/microchip/xc32/v4.10/bin/bin/../../lib/gcc/pic32c/8.3.1/../../../../pic32c/lib/thumb/v7e-m+fp/hard/libc-musl.a(toupper.o)
 .ARM.attributes
                0x00000850       0x34 /Applications/microchip/xc32/v4.10/bin/bin/../../lib/gcc/pic32c/8.3.1/../../../../pic32c/lib/thumb/v7e-m+fp/hard/libc-musl.a(__environ.o)
 .ARM.attributes
                0x00000884       0x34 /Applications/microchip/xc32/v4.10/bin/bin/../../lib/gcc/pic32c/8.3.1/../../../../pic32c/lib/thumb/v7e-m+fp/hard/libc-musl.a(__errno_location.o)
 .ARM.attributes
                0x000008b8       0x36 /Applications/microchip/xc32/v4.10/bin/bin/../../lib/gcc/pic32c/8.3.1/../../../../pic32c/lib/thumb/v7e-m+fp/hard/libc-musl.a(_Exit.o)
 .ARM.attributes
                0x000008ee       0x36 /Applications/microchip/xc32/v4.10/bin/bin/../../lib/gcc/pic32c/8.3.1/../../../../pic32c/lib/thumb/v7e-m+fp/hard/libc-musl.a(__pop_float.o)
 .ARM.attributes
                0x00000924       0x36 /Applications/microchip/xc32/v4.10/bin/bin/../../lib/gcc/pic32c/8.3.1/../../../../pic32c/lib/thumb/v7e-m+fp/hard/libc-musl.a(__pop_int.o)
 .ARM.attributes
                0x0000095a       0x36 /Applications/microchip/xc32/v4.10/bin/bin/../../lib/gcc/pic32c/8.3.1/../../../../pic32c/lib/thumb/v7e-m+fp/hard/libc-musl.a(__pop_ptr.o)
 .ARM.attributes
                0x00000990       0x36 /Applications/microchip/xc32/v4.10/bin/bin/../../lib/gcc/pic32c/8.3.1/../../../../pic32c/lib/thumb/v7e-m+fp/hard/libc-musl.a(__fmt_a.o)
 .ARM.attributes
                0x000009c6       0x36 /Applications/microchip/xc32/v4.10/bin/bin/../../lib/gcc/pic32c/8.3.1/../../../../pic32c/lib/thumb/v7e-m+fp/hard/libc-musl.a(__fmt_fp.o)
 .ARM.attributes
                0x000009fc       0x36 /Applications/microchip/xc32/v4.10/bin/bin/../../lib/gcc/pic32c/8.3.1/../../../../pic32c/lib/thumb/v7e-m+fp/hard/libc-musl.a(__init_stdio.o)
 .ARM.attributes
                0x00000a32       0x36 /Applications/microchip/xc32/v4.10/bin/bin/../../lib/gcc/pic32c/8.3.1/../../../../pic32c/lib/thumb/v7e-m+fp/hard/libc-musl.a(__out.o)
 .ARM.attributes
                0x00000a68       0x36 /Applications/microchip/xc32/v4.10/bin/bin/../../lib/gcc/pic32c/8.3.1/../../../../pic32c/lib/thumb/v7e-m+fp/hard/libc-musl.a(strcpy.o)
 .ARM.attributes
                0x00000a9e       0x36 /Applications/microchip/xc32/v4.10/bin/bin/../../lib/gcc/pic32c/8.3.1/../../../../pic32c/lib/thumb/v7e-m+fp/hard/libc-musl.a(stpcpy.o)
 .ARM.attributes
                0x00000ad4       0x34 /Applications/microchip/xc32/v4.10/bin/bin/../../lib/gcc/pic32c/8.3.1/../../../../pic32c/lib/thumb/v7e-m+fp/hard/libm-emfloat.a(lib_a-_FLOOR.o)
 .ARM.attributes
                0x00000b08       0x34 /Applications/microchip/xc32/v4.10/bin/bin/../../lib/gcc/pic32c/8.3.1/../../../../pic32c/lib/thumb/v7e-m+fp/hard/libm-emfloat.a(lib_a-_FMA.o)
 .ARM.attributes
                0x00000b3c       0x1e /Applications/microchip/xc32/v4.10/bin/bin/../../lib/gcc/pic32c/8.3.1/thumb/v7e-m+fp/hard/libgcc.a(_aeabi_uldivmod.o)
 .ARM.attributes
                0x00000b5a       0x34 /Applications/microchip/xc32/v4.10/bin/bin/../../lib/gcc/pic32c/8.3.1/thumb/v7e-m+fp/hard/libgcc.a(_udivmoddi4.o)
 .ARM.attributes
                0x00000b8e       0x1e /Applications/microchip/xc32/v4.10/bin/bin/../../lib/gcc/pic32c/8.3.1/thumb/v7e-m+fp/hard/libgcc.a(_dvmd_tls.o)
 .ARM.attributes
                0x00000bac       0x36 /Applications/microchip/xc32/v4.10/bin/bin/../../lib/gcc/pic32c/8.3.1/../../../../pic32c/lib/thumb/v7e-m+fp/hard/libc-musl.a(sprintf.o)
 .ARM.attributes
                0x00000be2       0x36 /Applications/microchip/xc32/v4.10/bin/bin/../../lib/gcc/pic32c/8.3.1/../../../../pic32c/lib/thumb/v7e-m+fp/hard/libc-musl.a(vsprintf.o)
 .ARM.attributes
                0x00000c18       0x36 /Applications/microchip/xc32/v4.10/bin/bin/../../lib/gcc/pic32c/8.3.1/../../../../pic32c/lib/thumb/v7e-m+fp/hard/libc-musl.a(vsnprintf.o)
 .ARM.attributes
                0x00000c4e       0x1e /Applications/microchip/xc32/v4.10/bin/bin/../../lib/gcc/pic32c/8.3.1/thumb/v7e-m+fp/hard/crtn.o

.comment        0x00000000       0x2b
 .comment       0x00000000       0x2b /Applications/microchip/xc32/v4.10/bin/bin/../../lib/gcc/pic32c/8.3.1/thumb/v7e-m+fp/hard/crtbegin.o
                                 0x2c (size before relaxing)
 .comment       0x0000002b       0x2c build/default/production/_ext/1434821282/bsp.o
 .comment       0x0000002b       0x2c build/default/production/_ext/1984496892/plib_clock.o
 .comment       0x0000002b       0x2c build/default/production/_ext/1986646378/plib_evsys.o
 .comment       0x0000002b       0x2c build/default/production/_ext/1865468468/plib_nvic.o
 .comment       0x0000002b       0x2c build/default/production/_ext/1593096446/plib_nvmctrl.o
 .comment       0x0000002b       0x2c build/default/production/_ext/1865521619/plib_port.o
 .comment       0x0000002b       0x2c build/default/production/_ext/60180175/plib_rtc_timer.o
 .comment       0x0000002b       0x2c build/default/production/_ext/17022449/plib_sercom6_spi_master.o
 .comment       0x0000002b       0x2c build/default/production/_ext/1827571544/plib_systick.o
 .comment       0x0000002b       0x2c build/default/production/_ext/163028504/xc32_monitor.o
 .comment       0x0000002b       0x2c build/default/production/_ext/1171490990/initialization.o
 .comment       0x0000002b       0x2c build/default/production/_ext/1171490990/interrupts.o
 .comment       0x0000002b       0x2c build/default/production/_ext/1171490990/exceptions.o
 .comment       0x0000002b       0x2c build/default/production/_ext/1171490990/startup_xc32.o
 .comment       0x0000002b       0x2c build/default/production/_ext/1171490990/libc_syscalls.o
 .comment       0x0000002b       0x2c build/default/production/_ext/1360937237/main.o
 .comment       0x0000002b       0x2c /var/folders/sf/sp08cv152rlf5c23w55hcqy40000gp/T//ccCN4QIS.o
 .comment       0x0000002b       0x2c /Applications/microchip/xc32/v4.10/bin/bin/../../lib/gcc/pic32c/8.3.1/../../../../pic32c/lib/thumb/v7e-m+fp/hard/libpic32c.a(data_init.o)
 .comment       0x0000002b       0x2c /Applications/microchip/xc32/v4.10/bin/bin/../../lib/gcc/pic32c/8.3.1/../../../../pic32c/lib/thumb/v7e-m+fp/hard/libc-musl.a(__libc_start_main.o)
 .comment       0x0000002b       0x2c /Applications/microchip/xc32/v4.10/bin/bin/../../lib/gcc/pic32c/8.3.1/../../../../pic32c/lib/thumb/v7e-m+fp/hard/libc-musl.a(assert.o)
 .comment       0x0000002b       0x2c /Applications/microchip/xc32/v4.10/bin/bin/../../lib/gcc/pic32c/8.3.1/../../../../pic32c/lib/thumb/v7e-m+fp/hard/libc-musl.a(abort.o)
 .comment       0x0000002b       0x2c /Applications/microchip/xc32/v4.10/bin/bin/../../lib/gcc/pic32c/8.3.1/../../../../pic32c/lib/thumb/v7e-m+fp/hard/libc-musl.a(libc.o)
 .comment       0x0000002b       0x2c /Applications/microchip/xc32/v4.10/bin/bin/../../lib/gcc/pic32c/8.3.1/../../../../pic32c/lib/thumb/v7e-m+fp/hard/libc-musl.a(fprintf.o)
 .comment       0x0000002b       0x2c /Applications/microchip/xc32/v4.10/bin/bin/../../lib/gcc/pic32c/8.3.1/../../../../pic32c/lib/thumb/v7e-m+fp/hard/libc-musl.a(__fmt_d.o)
 .comment       0x0000002b       0x2c /Applications/microchip/xc32/v4.10/bin/bin/../../lib/gcc/pic32c/8.3.1/../../../../pic32c/lib/thumb/v7e-m+fp/hard/libc-musl.a(__fmt_o.o)
 .comment       0x0000002b       0x2c /Applications/microchip/xc32/v4.10/bin/bin/../../lib/gcc/pic32c/8.3.1/../../../../pic32c/lib/thumb/v7e-m+fp/hard/libc-musl.a(__fmt_s.o)
 .comment       0x0000002b       0x2c /Applications/microchip/xc32/v4.10/bin/bin/../../lib/gcc/pic32c/8.3.1/../../../../pic32c/lib/thumb/v7e-m+fp/hard/libc-musl.a(__fmt_u.o)
 .comment       0x0000002b       0x2c /Applications/microchip/xc32/v4.10/bin/bin/../../lib/gcc/pic32c/8.3.1/../../../../pic32c/lib/thumb/v7e-m+fp/hard/libc-musl.a(__fmt_x.o)
 .comment       0x0000002b       0x2c /Applications/microchip/xc32/v4.10/bin/bin/../../lib/gcc/pic32c/8.3.1/../../../../pic32c/lib/thumb/v7e-m+fp/hard/libc-musl.a(__printf_core.o)
 .comment       0x0000002b       0x2c /Applications/microchip/xc32/v4.10/bin/bin/../../lib/gcc/pic32c/8.3.1/../../../../pic32c/lib/thumb/v7e-m+fp/hard/libc-musl.a(fflush.o)
 .comment       0x0000002b       0x2c /Applications/microchip/xc32/v4.10/bin/bin/../../lib/gcc/pic32c/8.3.1/../../../../pic32c/lib/thumb/v7e-m+fp/hard/libc-musl.a(stderr.o)
 .comment       0x0000002b       0x2c /Applications/microchip/xc32/v4.10/bin/bin/../../lib/gcc/pic32c/8.3.1/../../../../pic32c/lib/thumb/v7e-m+fp/hard/libc-musl.a(vfprintf.o)
 .comment       0x0000002b       0x2c /Applications/microchip/xc32/v4.10/bin/bin/../../lib/gcc/pic32c/8.3.1/../../../../pic32c/lib/thumb/v7e-m+fp/hard/libc-musl.a(atoi.o)
 .comment       0x0000002b       0x2c /Applications/microchip/xc32/v4.10/bin/bin/../../lib/gcc/pic32c/8.3.1/../../../../pic32c/lib/thumb/v7e-m+fp/hard/libc-musl.a(memcpy.o)
 .comment       0x0000002b       0x2c /Applications/microchip/xc32/v4.10/bin/bin/../../lib/gcc/pic32c/8.3.1/../../../../pic32c/lib/thumb/v7e-m+fp/hard/libc-musl.a(memset.o)
 .comment       0x0000002b       0x2c /Applications/microchip/xc32/v4.10/bin/bin/../../lib/gcc/pic32c/8.3.1/../../../../pic32c/lib/thumb/v7e-m+fp/hard/libc-musl.a(strlen.o)
 .comment       0x0000002b       0x2c /Applications/microchip/xc32/v4.10/bin/bin/../../lib/gcc/pic32c/8.3.1/../../../../pic32c/lib/thumb/v7e-m+fp/hard/libc-musl.a(tolower.o)
 .comment       0x0000002b       0x2c /Applications/microchip/xc32/v4.10/bin/bin/../../lib/gcc/pic32c/8.3.1/../../../../pic32c/lib/thumb/v7e-m+fp/hard/libc-musl.a(toupper.o)
 .comment       0x0000002b       0x2c /Applications/microchip/xc32/v4.10/bin/bin/../../lib/gcc/pic32c/8.3.1/../../../../pic32c/lib/thumb/v7e-m+fp/hard/libc-musl.a(__environ.o)
 .comment       0x0000002b       0x2c /Applications/microchip/xc32/v4.10/bin/bin/../../lib/gcc/pic32c/8.3.1/../../../../pic32c/lib/thumb/v7e-m+fp/hard/libc-musl.a(__errno_location.o)
 .comment       0x0000002b       0x2c /Applications/microchip/xc32/v4.10/bin/bin/../../lib/gcc/pic32c/8.3.1/../../../../pic32c/lib/thumb/v7e-m+fp/hard/libc-musl.a(_Exit.o)
 .comment       0x0000002b       0x2c /Applications/microchip/xc32/v4.10/bin/bin/../../lib/gcc/pic32c/8.3.1/../../../../pic32c/lib/thumb/v7e-m+fp/hard/libc-musl.a(__pop_float.o)
 .comment       0x0000002b       0x2c /Applications/microchip/xc32/v4.10/bin/bin/../../lib/gcc/pic32c/8.3.1/../../../../pic32c/lib/thumb/v7e-m+fp/hard/libc-musl.a(__pop_int.o)
 .comment       0x0000002b       0x2c /Applications/microchip/xc32/v4.10/bin/bin/../../lib/gcc/pic32c/8.3.1/../../../../pic32c/lib/thumb/v7e-m+fp/hard/libc-musl.a(__pop_ptr.o)
 .comment       0x0000002b       0x2c /Applications/microchip/xc32/v4.10/bin/bin/../../lib/gcc/pic32c/8.3.1/../../../../pic32c/lib/thumb/v7e-m+fp/hard/libc-musl.a(__fmt_a.o)
 .comment       0x0000002b       0x2c /Applications/microchip/xc32/v4.10/bin/bin/../../lib/gcc/pic32c/8.3.1/../../../../pic32c/lib/thumb/v7e-m+fp/hard/libc-musl.a(__fmt_fp.o)
 .comment       0x0000002b       0x2c /Applications/microchip/xc32/v4.10/bin/bin/../../lib/gcc/pic32c/8.3.1/../../../../pic32c/lib/thumb/v7e-m+fp/hard/libc-musl.a(__init_stdio.o)
 .comment       0x0000002b       0x2c /Applications/microchip/xc32/v4.10/bin/bin/../../lib/gcc/pic32c/8.3.1/../../../../pic32c/lib/thumb/v7e-m+fp/hard/libc-musl.a(__out.o)
 .comment       0x0000002b       0x2c /Applications/microchip/xc32/v4.10/bin/bin/../../lib/gcc/pic32c/8.3.1/../../../../pic32c/lib/thumb/v7e-m+fp/hard/libc-musl.a(strcpy.o)
 .comment       0x0000002b       0x2c /Applications/microchip/xc32/v4.10/bin/bin/../../lib/gcc/pic32c/8.3.1/../../../../pic32c/lib/thumb/v7e-m+fp/hard/libc-musl.a(stpcpy.o)
 .comment       0x0000002b       0x2c /Applications/microchip/xc32/v4.10/bin/bin/../../lib/gcc/pic32c/8.3.1/../../../../pic32c/lib/thumb/v7e-m+fp/hard/libm-emfloat.a(lib_a-_FLOOR.o)
 .comment       0x0000002b       0x2c /Applications/microchip/xc32/v4.10/bin/bin/../../lib/gcc/pic32c/8.3.1/../../../../pic32c/lib/thumb/v7e-m+fp/hard/libm-emfloat.a(lib_a-_FMA.o)
 .comment       0x0000002b       0x2c /Applications/microchip/xc32/v4.10/bin/bin/../../lib/gcc/pic32c/8.3.1/thumb/v7e-m+fp/hard/libgcc.a(_udivmoddi4.o)
 .comment       0x0000002b       0x2c /Applications/microchip/xc32/v4.10/bin/bin/../../lib/gcc/pic32c/8.3.1/../../../../pic32c/lib/thumb/v7e-m+fp/hard/libc-musl.a(sprintf.o)
 .comment       0x0000002b       0x2c /Applications/microchip/xc32/v4.10/bin/bin/../../lib/gcc/pic32c/8.3.1/../../../../pic32c/lib/thumb/v7e-m+fp/hard/libc-musl.a(vsprintf.o)
 .comment       0x0000002b       0x2c /Applications/microchip/xc32/v4.10/bin/bin/../../lib/gcc/pic32c/8.3.1/../../../../pic32c/lib/thumb/v7e-m+fp/hard/libc-musl.a(vsnprintf.o)

.debug_info     0x00000000    0x15956
 .debug_info    0x00000000      0x55d build/default/production/_ext/1434821282/bsp.o
 .debug_info    0x0000055d      0xb7f build/default/production/_ext/1984496892/plib_clock.o
 .debug_info    0x000010dc      0x33b build/default/production/_ext/1986646378/plib_evsys.o
 .debug_info    0x00001417     0x1577 build/default/production/_ext/1865468468/plib_nvic.o
 .debug_info    0x0000298e      0xe7a build/default/production/_ext/1593096446/plib_nvmctrl.o
 .debug_info    0x00003808     0x10e2 build/default/production/_ext/1865521619/plib_port.o
 .debug_info    0x000048ea      0xff2 build/default/production/_ext/60180175/plib_rtc_timer.o
 .debug_info    0x000058dc     0x14c5 build/default/production/_ext/17022449/plib_sercom6_spi_master.o
 .debug_info    0x00006da1      0x6b3 build/default/production/_ext/1827571544/plib_systick.o
 .debug_info    0x00007454      0x345 build/default/production/_ext/163028504/xc32_monitor.o
 .debug_info    0x00007799      0x422 build/default/production/_ext/1171490990/initialization.o
 .debug_info    0x00007bbb     0x16fc build/default/production/_ext/1171490990/interrupts.o
 .debug_info    0x000092b7      0x3fd build/default/production/_ext/1171490990/exceptions.o
 .debug_info    0x000096b4      0x8b6 build/default/production/_ext/1171490990/startup_xc32.o
 .debug_info    0x00009f6a      0x32c build/default/production/_ext/1171490990/libc_syscalls.o
 .debug_info    0x0000a296      0x7e2 build/default/production/_ext/1360937237/main.o
 .debug_info    0x0000aa78      0x2ae /Applications/microchip/xc32/v4.10/bin/bin/../../lib/gcc/pic32c/8.3.1/../../../../pic32c/lib/thumb/v7e-m+fp/hard/libpic32c.a(data_init.o)
 .debug_info    0x0000ad26      0x627 /Applications/microchip/xc32/v4.10/bin/bin/../../lib/gcc/pic32c/8.3.1/../../../../pic32c/lib/thumb/v7e-m+fp/hard/libc-musl.a(__libc_start_main.o)
 .debug_info    0x0000b34d      0x3a7 /Applications/microchip/xc32/v4.10/bin/bin/../../lib/gcc/pic32c/8.3.1/../../../../pic32c/lib/thumb/v7e-m+fp/hard/libc-musl.a(assert.o)
 .debug_info    0x0000b6f4      0x29e /Applications/microchip/xc32/v4.10/bin/bin/../../lib/gcc/pic32c/8.3.1/../../../../pic32c/lib/thumb/v7e-m+fp/hard/libc-musl.a(abort.o)
 .debug_info    0x0000b992      0x539 /Applications/microchip/xc32/v4.10/bin/bin/../../lib/gcc/pic32c/8.3.1/../../../../pic32c/lib/thumb/v7e-m+fp/hard/libc-musl.a(libc.o)
 .debug_info    0x0000becb      0x33f /Applications/microchip/xc32/v4.10/bin/bin/../../lib/gcc/pic32c/8.3.1/../../../../pic32c/lib/thumb/v7e-m+fp/hard/libc-musl.a(fprintf.o)
 .debug_info    0x0000c20a      0x5c6 /Applications/microchip/xc32/v4.10/bin/bin/../../lib/gcc/pic32c/8.3.1/../../../../pic32c/lib/thumb/v7e-m+fp/hard/libc-musl.a(__fmt_d.o)
 .debug_info    0x0000c7d0      0x597 /Applications/microchip/xc32/v4.10/bin/bin/../../lib/gcc/pic32c/8.3.1/../../../../pic32c/lib/thumb/v7e-m+fp/hard/libc-musl.a(__fmt_o.o)
 .debug_info    0x0000cd67      0x53b /Applications/microchip/xc32/v4.10/bin/bin/../../lib/gcc/pic32c/8.3.1/../../../../pic32c/lib/thumb/v7e-m+fp/hard/libc-musl.a(__fmt_s.o)
 .debug_info    0x0000d2a2      0x664 /Applications/microchip/xc32/v4.10/bin/bin/../../lib/gcc/pic32c/8.3.1/../../../../pic32c/lib/thumb/v7e-m+fp/hard/libc-musl.a(__fmt_u.o)
 .debug_info    0x0000d906      0x5fd /Applications/microchip/xc32/v4.10/bin/bin/../../lib/gcc/pic32c/8.3.1/../../../../pic32c/lib/thumb/v7e-m+fp/hard/libc-musl.a(__fmt_x.o)
 .debug_info    0x0000df03      0xd37 /Applications/microchip/xc32/v4.10/bin/bin/../../lib/gcc/pic32c/8.3.1/../../../../pic32c/lib/thumb/v7e-m+fp/hard/libc-musl.a(__printf_core.o)
 .debug_info    0x0000ec3a      0x5ab /Applications/microchip/xc32/v4.10/bin/bin/../../lib/gcc/pic32c/8.3.1/../../../../pic32c/lib/thumb/v7e-m+fp/hard/libc-musl.a(fflush.o)
 .debug_info    0x0000f1e5      0x487 /Applications/microchip/xc32/v4.10/bin/bin/../../lib/gcc/pic32c/8.3.1/../../../../pic32c/lib/thumb/v7e-m+fp/hard/libc-musl.a(stderr.o)
 .debug_info    0x0000f66c      0x6c7 /Applications/microchip/xc32/v4.10/bin/bin/../../lib/gcc/pic32c/8.3.1/../../../../pic32c/lib/thumb/v7e-m+fp/hard/libc-musl.a(vfprintf.o)
 .debug_info    0x0000fd33      0x2ff /Applications/microchip/xc32/v4.10/bin/bin/../../lib/gcc/pic32c/8.3.1/../../../../pic32c/lib/thumb/v7e-m+fp/hard/libc-musl.a(atoi.o)
 .debug_info    0x00010032      0x2fb /Applications/microchip/xc32/v4.10/bin/bin/../../lib/gcc/pic32c/8.3.1/../../../../pic32c/lib/thumb/v7e-m+fp/hard/libc-musl.a(memcpy.o)
 .debug_info    0x0001032d      0x2b9 /Applications/microchip/xc32/v4.10/bin/bin/../../lib/gcc/pic32c/8.3.1/../../../../pic32c/lib/thumb/v7e-m+fp/hard/libc-musl.a(memset.o)
 .debug_info    0x000105e6      0x2aa /Applications/microchip/xc32/v4.10/bin/bin/../../lib/gcc/pic32c/8.3.1/../../../../pic32c/lib/thumb/v7e-m+fp/hard/libc-musl.a(strlen.o)
 .debug_info    0x00010890      0x357 /Applications/microchip/xc32/v4.10/bin/bin/../../lib/gcc/pic32c/8.3.1/../../../../pic32c/lib/thumb/v7e-m+fp/hard/libc-musl.a(tolower.o)
 .debug_info    0x00010be7      0x357 /Applications/microchip/xc32/v4.10/bin/bin/../../lib/gcc/pic32c/8.3.1/../../../../pic32c/lib/thumb/v7e-m+fp/hard/libc-musl.a(toupper.o)
 .debug_info    0x00010f3e      0x2b3 /Applications/microchip/xc32/v4.10/bin/bin/../../lib/gcc/pic32c/8.3.1/../../../../pic32c/lib/thumb/v7e-m+fp/hard/libc-musl.a(__environ.o)
 .debug_info    0x000111f1      0x277 /Applications/microchip/xc32/v4.10/bin/bin/../../lib/gcc/pic32c/8.3.1/../../../../pic32c/lib/thumb/v7e-m+fp/hard/libc-musl.a(__errno_location.o)
 .debug_info    0x00011468      0x2b5 /Applications/microchip/xc32/v4.10/bin/bin/../../lib/gcc/pic32c/8.3.1/../../../../pic32c/lib/thumb/v7e-m+fp/hard/libc-musl.a(_Exit.o)
 .debug_info    0x0001171d      0x3e1 /Applications/microchip/xc32/v4.10/bin/bin/../../lib/gcc/pic32c/8.3.1/../../../../pic32c/lib/thumb/v7e-m+fp/hard/libc-musl.a(__pop_float.o)
 .debug_info    0x00011afe      0x405 /Applications/microchip/xc32/v4.10/bin/bin/../../lib/gcc/pic32c/8.3.1/../../../../pic32c/lib/thumb/v7e-m+fp/hard/libc-musl.a(__pop_int.o)
 .debug_info    0x00011f03      0x40b /Applications/microchip/xc32/v4.10/bin/bin/../../lib/gcc/pic32c/8.3.1/../../../../pic32c/lib/thumb/v7e-m+fp/hard/libc-musl.a(__pop_ptr.o)
 .debug_info    0x0001230e      0x8fc /Applications/microchip/xc32/v4.10/bin/bin/../../lib/gcc/pic32c/8.3.1/../../../../pic32c/lib/thumb/v7e-m+fp/hard/libc-musl.a(__fmt_a.o)
 .debug_info    0x00012c0a      0x9e1 /Applications/microchip/xc32/v4.10/bin/bin/../../lib/gcc/pic32c/8.3.1/../../../../pic32c/lib/thumb/v7e-m+fp/hard/libc-musl.a(__fmt_fp.o)
 .debug_info    0x000135eb      0x330 /Applications/microchip/xc32/v4.10/bin/bin/../../lib/gcc/pic32c/8.3.1/../../../../pic32c/lib/thumb/v7e-m+fp/hard/libc-musl.a(__init_stdio.o)
 .debug_info    0x0001391b      0x53c /Applications/microchip/xc32/v4.10/bin/bin/../../lib/gcc/pic32c/8.3.1/../../../../pic32c/lib/thumb/v7e-m+fp/hard/libc-musl.a(__out.o)
 .debug_info    0x00013e57      0x2b8 /Applications/microchip/xc32/v4.10/bin/bin/../../lib/gcc/pic32c/8.3.1/../../../../pic32c/lib/thumb/v7e-m+fp/hard/libc-musl.a(strcpy.o)
 .debug_info    0x0001410f      0x2bc /Applications/microchip/xc32/v4.10/bin/bin/../../lib/gcc/pic32c/8.3.1/../../../../pic32c/lib/thumb/v7e-m+fp/hard/libc-musl.a(stpcpy.o)
 .debug_info    0x000143cb       0x26 /Applications/microchip/xc32/v4.10/bin/bin/../../lib/gcc/pic32c/8.3.1/thumb/v7e-m+fp/hard/libgcc.a(_aeabi_uldivmod.o)
 .debug_info    0x000143f1      0x7f3 /Applications/microchip/xc32/v4.10/bin/bin/../../lib/gcc/pic32c/8.3.1/thumb/v7e-m+fp/hard/libgcc.a(_udivmoddi4.o)
 .debug_info    0x00014be4       0x26 /Applications/microchip/xc32/v4.10/bin/bin/../../lib/gcc/pic32c/8.3.1/thumb/v7e-m+fp/hard/libgcc.a(_dvmd_tls.o)
 .debug_info    0x00014c0a      0x326 /Applications/microchip/xc32/v4.10/bin/bin/../../lib/gcc/pic32c/8.3.1/../../../../pic32c/lib/thumb/v7e-m+fp/hard/libc-musl.a(sprintf.o)
 .debug_info    0x00014f30      0x320 /Applications/microchip/xc32/v4.10/bin/bin/../../lib/gcc/pic32c/8.3.1/../../../../pic32c/lib/thumb/v7e-m+fp/hard/libc-musl.a(vsprintf.o)
 .debug_info    0x00015250      0x706 /Applications/microchip/xc32/v4.10/bin/bin/../../lib/gcc/pic32c/8.3.1/../../../../pic32c/lib/thumb/v7e-m+fp/hard/libc-musl.a(vsnprintf.o)

.debug_abbrev   0x00000000     0x367a
 .debug_abbrev  0x00000000       0xa8 build/default/production/_ext/1434821282/bsp.o
 .debug_abbrev  0x000000a8      0x122 build/default/production/_ext/1984496892/plib_clock.o
 .debug_abbrev  0x000001ca       0x3b build/default/production/_ext/1986646378/plib_evsys.o
 .debug_abbrev  0x00000205      0x1f3 build/default/production/_ext/1865468468/plib_nvic.o
 .debug_abbrev  0x000003f8      0x245 build/default/production/_ext/1593096446/plib_nvmctrl.o
 .debug_abbrev  0x0000063d      0x1d6 build/default/production/_ext/1865521619/plib_port.o
 .debug_abbrev  0x00000813      0x1e8 build/default/production/_ext/60180175/plib_rtc_timer.o
 .debug_abbrev  0x000009fb      0x29a build/default/production/_ext/17022449/plib_sercom6_spi_master.o
 .debug_abbrev  0x00000c95      0x108 build/default/production/_ext/1827571544/plib_systick.o
 .debug_abbrev  0x00000d9d       0x96 build/default/production/_ext/163028504/xc32_monitor.o
 .debug_abbrev  0x00000e33       0x8b build/default/production/_ext/1171490990/initialization.o
 .debug_abbrev  0x00000ebe       0xb5 build/default/production/_ext/1171490990/interrupts.o
 .debug_abbrev  0x00000f73       0x3e build/default/production/_ext/1171490990/exceptions.o
 .debug_abbrev  0x00000fb1      0x1db build/default/production/_ext/1171490990/startup_xc32.o
 .debug_abbrev  0x0000118c       0x52 build/default/production/_ext/1171490990/libc_syscalls.o
 .debug_abbrev  0x000011de      0x189 build/default/production/_ext/1360937237/main.o
 .debug_abbrev  0x00001367       0x2e /Applications/microchip/xc32/v4.10/bin/bin/../../lib/gcc/pic32c/8.3.1/../../../../pic32c/lib/thumb/v7e-m+fp/hard/libpic32c.a(data_init.o)
 .debug_abbrev  0x00001395      0x117 /Applications/microchip/xc32/v4.10/bin/bin/../../lib/gcc/pic32c/8.3.1/../../../../pic32c/lib/thumb/v7e-m+fp/hard/libc-musl.a(__libc_start_main.o)
 .debug_abbrev  0x000014ac       0xc7 /Applications/microchip/xc32/v4.10/bin/bin/../../lib/gcc/pic32c/8.3.1/../../../../pic32c/lib/thumb/v7e-m+fp/hard/libc-musl.a(assert.o)
 .debug_abbrev  0x00001573       0x69 /Applications/microchip/xc32/v4.10/bin/bin/../../lib/gcc/pic32c/8.3.1/../../../../pic32c/lib/thumb/v7e-m+fp/hard/libc-musl.a(abort.o)
 .debug_abbrev  0x000015dc       0xb8 /Applications/microchip/xc32/v4.10/bin/bin/../../lib/gcc/pic32c/8.3.1/../../../../pic32c/lib/thumb/v7e-m+fp/hard/libc-musl.a(libc.o)
 .debug_abbrev  0x00001694      0x113 /Applications/microchip/xc32/v4.10/bin/bin/../../lib/gcc/pic32c/8.3.1/../../../../pic32c/lib/thumb/v7e-m+fp/hard/libc-musl.a(fprintf.o)
 .debug_abbrev  0x000017a7      0x120 /Applications/microchip/xc32/v4.10/bin/bin/../../lib/gcc/pic32c/8.3.1/../../../../pic32c/lib/thumb/v7e-m+fp/hard/libc-musl.a(__fmt_d.o)
 .debug_abbrev  0x000018c7      0x120 /Applications/microchip/xc32/v4.10/bin/bin/../../lib/gcc/pic32c/8.3.1/../../../../pic32c/lib/thumb/v7e-m+fp/hard/libc-musl.a(__fmt_o.o)
 .debug_abbrev  0x000019e7      0x10b /Applications/microchip/xc32/v4.10/bin/bin/../../lib/gcc/pic32c/8.3.1/../../../../pic32c/lib/thumb/v7e-m+fp/hard/libc-musl.a(__fmt_s.o)
 .debug_abbrev  0x00001af2      0x163 /Applications/microchip/xc32/v4.10/bin/bin/../../lib/gcc/pic32c/8.3.1/../../../../pic32c/lib/thumb/v7e-m+fp/hard/libc-musl.a(__fmt_u.o)
 .debug_abbrev  0x00001c55      0x10f /Applications/microchip/xc32/v4.10/bin/bin/../../lib/gcc/pic32c/8.3.1/../../../../pic32c/lib/thumb/v7e-m+fp/hard/libc-musl.a(__fmt_x.o)
 .debug_abbrev  0x00001d64      0x2c5 /Applications/microchip/xc32/v4.10/bin/bin/../../lib/gcc/pic32c/8.3.1/../../../../pic32c/lib/thumb/v7e-m+fp/hard/libc-musl.a(__printf_core.o)
 .debug_abbrev  0x00002029      0x1b3 /Applications/microchip/xc32/v4.10/bin/bin/../../lib/gcc/pic32c/8.3.1/../../../../pic32c/lib/thumb/v7e-m+fp/hard/libc-musl.a(fflush.o)
 .debug_abbrev  0x000021dc      0x135 /Applications/microchip/xc32/v4.10/bin/bin/../../lib/gcc/pic32c/8.3.1/../../../../pic32c/lib/thumb/v7e-m+fp/hard/libc-musl.a(stderr.o)
 .debug_abbrev  0x00002311      0x16d /Applications/microchip/xc32/v4.10/bin/bin/../../lib/gcc/pic32c/8.3.1/../../../../pic32c/lib/thumb/v7e-m+fp/hard/libc-musl.a(vfprintf.o)
 .debug_abbrev  0x0000247e       0xbb /Applications/microchip/xc32/v4.10/bin/bin/../../lib/gcc/pic32c/8.3.1/../../../../pic32c/lib/thumb/v7e-m+fp/hard/libc-musl.a(atoi.o)
 .debug_abbrev  0x00002539       0x9c /Applications/microchip/xc32/v4.10/bin/bin/../../lib/gcc/pic32c/8.3.1/../../../../pic32c/lib/thumb/v7e-m+fp/hard/libc-musl.a(memcpy.o)
 .debug_abbrev  0x000025d5       0x97 /Applications/microchip/xc32/v4.10/bin/bin/../../lib/gcc/pic32c/8.3.1/../../../../pic32c/lib/thumb/v7e-m+fp/hard/libc-musl.a(memset.o)
 .debug_abbrev  0x0000266c       0x86 /Applications/microchip/xc32/v4.10/bin/bin/../../lib/gcc/pic32c/8.3.1/../../../../pic32c/lib/thumb/v7e-m+fp/hard/libc-musl.a(strlen.o)
 .debug_abbrev  0x000026f2       0xfd /Applications/microchip/xc32/v4.10/bin/bin/../../lib/gcc/pic32c/8.3.1/../../../../pic32c/lib/thumb/v7e-m+fp/hard/libc-musl.a(tolower.o)
 .debug_abbrev  0x000027ef       0xfd /Applications/microchip/xc32/v4.10/bin/bin/../../lib/gcc/pic32c/8.3.1/../../../../pic32c/lib/thumb/v7e-m+fp/hard/libc-musl.a(toupper.o)
 .debug_abbrev  0x000028ec       0x57 /Applications/microchip/xc32/v4.10/bin/bin/../../lib/gcc/pic32c/8.3.1/../../../../pic32c/lib/thumb/v7e-m+fp/hard/libc-musl.a(__environ.o)
 .debug_abbrev  0x00002943       0x2e /Applications/microchip/xc32/v4.10/bin/bin/../../lib/gcc/pic32c/8.3.1/../../../../pic32c/lib/thumb/v7e-m+fp/hard/libc-musl.a(__errno_location.o)
 .debug_abbrev  0x00002971       0x7f /Applications/microchip/xc32/v4.10/bin/bin/../../lib/gcc/pic32c/8.3.1/../../../../pic32c/lib/thumb/v7e-m+fp/hard/libc-musl.a(_Exit.o)
 .debug_abbrev  0x000029f0       0xbd /Applications/microchip/xc32/v4.10/bin/bin/../../lib/gcc/pic32c/8.3.1/../../../../pic32c/lib/thumb/v7e-m+fp/hard/libc-musl.a(__pop_float.o)
 .debug_abbrev  0x00002aad       0xbd /Applications/microchip/xc32/v4.10/bin/bin/../../lib/gcc/pic32c/8.3.1/../../../../pic32c/lib/thumb/v7e-m+fp/hard/libc-musl.a(__pop_int.o)
 .debug_abbrev  0x00002b6a       0xce /Applications/microchip/xc32/v4.10/bin/bin/../../lib/gcc/pic32c/8.3.1/../../../../pic32c/lib/thumb/v7e-m+fp/hard/libc-musl.a(__pop_ptr.o)
 .debug_abbrev  0x00002c38      0x194 /Applications/microchip/xc32/v4.10/bin/bin/../../lib/gcc/pic32c/8.3.1/../../../../pic32c/lib/thumb/v7e-m+fp/hard/libc-musl.a(__fmt_a.o)
 .debug_abbrev  0x00002dcc      0x1b3 /Applications/microchip/xc32/v4.10/bin/bin/../../lib/gcc/pic32c/8.3.1/../../../../pic32c/lib/thumb/v7e-m+fp/hard/libc-musl.a(__fmt_fp.o)
 .debug_abbrev  0x00002f7f       0x5a /Applications/microchip/xc32/v4.10/bin/bin/../../lib/gcc/pic32c/8.3.1/../../../../pic32c/lib/thumb/v7e-m+fp/hard/libc-musl.a(__init_stdio.o)
 .debug_abbrev  0x00002fd9      0x170 /Applications/microchip/xc32/v4.10/bin/bin/../../lib/gcc/pic32c/8.3.1/../../../../pic32c/lib/thumb/v7e-m+fp/hard/libc-musl.a(__out.o)
 .debug_abbrev  0x00003149       0x8e /Applications/microchip/xc32/v4.10/bin/bin/../../lib/gcc/pic32c/8.3.1/../../../../pic32c/lib/thumb/v7e-m+fp/hard/libc-musl.a(strcpy.o)
 .debug_abbrev  0x000031d7       0x63 /Applications/microchip/xc32/v4.10/bin/bin/../../lib/gcc/pic32c/8.3.1/../../../../pic32c/lib/thumb/v7e-m+fp/hard/libc-musl.a(stpcpy.o)
 .debug_abbrev  0x0000323a       0x14 /Applications/microchip/xc32/v4.10/bin/bin/../../lib/gcc/pic32c/8.3.1/thumb/v7e-m+fp/hard/libgcc.a(_aeabi_uldivmod.o)
 .debug_abbrev  0x0000324e       0xf2 /Applications/microchip/xc32/v4.10/bin/bin/../../lib/gcc/pic32c/8.3.1/thumb/v7e-m+fp/hard/libgcc.a(_udivmoddi4.o)
 .debug_abbrev  0x00003340       0x14 /Applications/microchip/xc32/v4.10/bin/bin/../../lib/gcc/pic32c/8.3.1/thumb/v7e-m+fp/hard/libgcc.a(_dvmd_tls.o)
 .debug_abbrev  0x00003354       0xfb /Applications/microchip/xc32/v4.10/bin/bin/../../lib/gcc/pic32c/8.3.1/../../../../pic32c/lib/thumb/v7e-m+fp/hard/libc-musl.a(sprintf.o)
 .debug_abbrev  0x0000344f       0xc3 /Applications/microchip/xc32/v4.10/bin/bin/../../lib/gcc/pic32c/8.3.1/../../../../pic32c/lib/thumb/v7e-m+fp/hard/libc-musl.a(vsprintf.o)
 .debug_abbrev  0x00003512      0x168 /Applications/microchip/xc32/v4.10/bin/bin/../../lib/gcc/pic32c/8.3.1/../../../../pic32c/lib/thumb/v7e-m+fp/hard/libc-musl.a(vsnprintf.o)

.debug_aranges  0x00000000      0x9f0
 .debug_aranges
                0x00000000       0x20 build/default/production/_ext/1434821282/bsp.o
 .debug_aranges
                0x00000020       0x20 build/default/production/_ext/1984496892/plib_clock.o
 .debug_aranges
                0x00000040       0x20 build/default/production/_ext/1986646378/plib_evsys.o
 .debug_aranges
                0x00000060       0x38 build/default/production/_ext/1865468468/plib_nvic.o
 .debug_aranges
                0x00000098       0xd8 build/default/production/_ext/1593096446/plib_nvmctrl.o
 .debug_aranges
                0x00000170       0x70 build/default/production/_ext/1865521619/plib_port.o
 .debug_aranges
                0x000001e0       0xb0 build/default/production/_ext/60180175/plib_rtc_timer.o
 .debug_aranges
                0x00000290       0x60 build/default/production/_ext/17022449/plib_sercom6_spi_master.o
 .debug_aranges
                0x000002f0       0x70 build/default/production/_ext/1827571544/plib_systick.o
 .debug_aranges
                0x00000360       0x28 build/default/production/_ext/163028504/xc32_monitor.o
 .debug_aranges
                0x00000388       0x20 build/default/production/_ext/1171490990/initialization.o
 .debug_aranges
                0x000003a8       0x20 build/default/production/_ext/1171490990/interrupts.o
 .debug_aranges
                0x000003c8       0x48 build/default/production/_ext/1171490990/exceptions.o
 .debug_aranges
                0x00000410       0x28 build/default/production/_ext/1171490990/startup_xc32.o
 .debug_aranges
                0x00000438       0x20 build/default/production/_ext/1171490990/libc_syscalls.o
 .debug_aranges
                0x00000458       0x48 build/default/production/_ext/1360937237/main.o
 .debug_aranges
                0x000004a0       0x20 /Applications/microchip/xc32/v4.10/bin/bin/../../lib/gcc/pic32c/8.3.1/../../../../pic32c/lib/thumb/v7e-m+fp/hard/libpic32c.a(data_init.o)
 .debug_aranges
                0x000004c0       0x28 /Applications/microchip/xc32/v4.10/bin/bin/../../lib/gcc/pic32c/8.3.1/../../../../pic32c/lib/thumb/v7e-m+fp/hard/libc-musl.a(__libc_start_main.o)
 .debug_aranges
                0x000004e8       0x20 /Applications/microchip/xc32/v4.10/bin/bin/../../lib/gcc/pic32c/8.3.1/../../../../pic32c/lib/thumb/v7e-m+fp/hard/libc-musl.a(assert.o)
 .debug_aranges
                0x00000508       0x20 /Applications/microchip/xc32/v4.10/bin/bin/../../lib/gcc/pic32c/8.3.1/../../../../pic32c/lib/thumb/v7e-m+fp/hard/libc-musl.a(abort.o)
 .debug_aranges
                0x00000528       0x18 /Applications/microchip/xc32/v4.10/bin/bin/../../lib/gcc/pic32c/8.3.1/../../../../pic32c/lib/thumb/v7e-m+fp/hard/libc-musl.a(libc.o)
 .debug_aranges
                0x00000540       0x20 /Applications/microchip/xc32/v4.10/bin/bin/../../lib/gcc/pic32c/8.3.1/../../../../pic32c/lib/thumb/v7e-m+fp/hard/libc-musl.a(fprintf.o)
 .debug_aranges
                0x00000560       0x20 /Applications/microchip/xc32/v4.10/bin/bin/../../lib/gcc/pic32c/8.3.1/../../../../pic32c/lib/thumb/v7e-m+fp/hard/libc-musl.a(__fmt_d.o)
 .debug_aranges
                0x00000580       0x20 /Applications/microchip/xc32/v4.10/bin/bin/../../lib/gcc/pic32c/8.3.1/../../../../pic32c/lib/thumb/v7e-m+fp/hard/libc-musl.a(__fmt_o.o)
 .debug_aranges
                0x000005a0       0x20 /Applications/microchip/xc32/v4.10/bin/bin/../../lib/gcc/pic32c/8.3.1/../../../../pic32c/lib/thumb/v7e-m+fp/hard/libc-musl.a(__fmt_s.o)
 .debug_aranges
                0x000005c0       0x28 /Applications/microchip/xc32/v4.10/bin/bin/../../lib/gcc/pic32c/8.3.1/../../../../pic32c/lib/thumb/v7e-m+fp/hard/libc-musl.a(__fmt_u.o)
 .debug_aranges
                0x000005e8       0x20 /Applications/microchip/xc32/v4.10/bin/bin/../../lib/gcc/pic32c/8.3.1/../../../../pic32c/lib/thumb/v7e-m+fp/hard/libc-musl.a(__fmt_x.o)
 .debug_aranges
                0x00000608       0x50 /Applications/microchip/xc32/v4.10/bin/bin/../../lib/gcc/pic32c/8.3.1/../../../../pic32c/lib/thumb/v7e-m+fp/hard/libc-musl.a(__printf_core.o)
 .debug_aranges
                0x00000658       0x30 /Applications/microchip/xc32/v4.10/bin/bin/../../lib/gcc/pic32c/8.3.1/../../../../pic32c/lib/thumb/v7e-m+fp/hard/libc-musl.a(fflush.o)
 .debug_aranges
                0x00000688       0x30 /Applications/microchip/xc32/v4.10/bin/bin/../../lib/gcc/pic32c/8.3.1/../../../../pic32c/lib/thumb/v7e-m+fp/hard/libc-musl.a(stderr.o)
 .debug_aranges
                0x000006b8       0x28 /Applications/microchip/xc32/v4.10/bin/bin/../../lib/gcc/pic32c/8.3.1/../../../../pic32c/lib/thumb/v7e-m+fp/hard/libc-musl.a(vfprintf.o)
 .debug_aranges
                0x000006e0       0x20 /Applications/microchip/xc32/v4.10/bin/bin/../../lib/gcc/pic32c/8.3.1/../../../../pic32c/lib/thumb/v7e-m+fp/hard/libc-musl.a(atoi.o)
 .debug_aranges
                0x00000700       0x20 /Applications/microchip/xc32/v4.10/bin/bin/../../lib/gcc/pic32c/8.3.1/../../../../pic32c/lib/thumb/v7e-m+fp/hard/libc-musl.a(memcpy.o)
 .debug_aranges
                0x00000720       0x20 /Applications/microchip/xc32/v4.10/bin/bin/../../lib/gcc/pic32c/8.3.1/../../../../pic32c/lib/thumb/v7e-m+fp/hard/libc-musl.a(memset.o)
 .debug_aranges
                0x00000740       0x20 /Applications/microchip/xc32/v4.10/bin/bin/../../lib/gcc/pic32c/8.3.1/../../../../pic32c/lib/thumb/v7e-m+fp/hard/libc-musl.a(strlen.o)
 .debug_aranges
                0x00000760       0x28 /Applications/microchip/xc32/v4.10/bin/bin/../../lib/gcc/pic32c/8.3.1/../../../../pic32c/lib/thumb/v7e-m+fp/hard/libc-musl.a(tolower.o)
 .debug_aranges
                0x00000788       0x28 /Applications/microchip/xc32/v4.10/bin/bin/../../lib/gcc/pic32c/8.3.1/../../../../pic32c/lib/thumb/v7e-m+fp/hard/libc-musl.a(toupper.o)
 .debug_aranges
                0x000007b0       0x18 /Applications/microchip/xc32/v4.10/bin/bin/../../lib/gcc/pic32c/8.3.1/../../../../pic32c/lib/thumb/v7e-m+fp/hard/libc-musl.a(__environ.o)
 .debug_aranges
                0x000007c8       0x18 /Applications/microchip/xc32/v4.10/bin/bin/../../lib/gcc/pic32c/8.3.1/../../../../pic32c/lib/thumb/v7e-m+fp/hard/libc-musl.a(__errno_location.o)
 .debug_aranges
                0x000007e0       0x20 /Applications/microchip/xc32/v4.10/bin/bin/../../lib/gcc/pic32c/8.3.1/../../../../pic32c/lib/thumb/v7e-m+fp/hard/libc-musl.a(_Exit.o)
 .debug_aranges
                0x00000800       0x20 /Applications/microchip/xc32/v4.10/bin/bin/../../lib/gcc/pic32c/8.3.1/../../../../pic32c/lib/thumb/v7e-m+fp/hard/libc-musl.a(__pop_float.o)
 .debug_aranges
                0x00000820       0x20 /Applications/microchip/xc32/v4.10/bin/bin/../../lib/gcc/pic32c/8.3.1/../../../../pic32c/lib/thumb/v7e-m+fp/hard/libc-musl.a(__pop_int.o)
 .debug_aranges
                0x00000840       0x20 /Applications/microchip/xc32/v4.10/bin/bin/../../lib/gcc/pic32c/8.3.1/../../../../pic32c/lib/thumb/v7e-m+fp/hard/libc-musl.a(__pop_ptr.o)
 .debug_aranges
                0x00000860       0x20 /Applications/microchip/xc32/v4.10/bin/bin/../../lib/gcc/pic32c/8.3.1/../../../../pic32c/lib/thumb/v7e-m+fp/hard/libc-musl.a(__fmt_a.o)
 .debug_aranges
                0x00000880       0x20 /Applications/microchip/xc32/v4.10/bin/bin/../../lib/gcc/pic32c/8.3.1/../../../../pic32c/lib/thumb/v7e-m+fp/hard/libc-musl.a(__fmt_fp.o)
 .debug_aranges
                0x000008a0       0x28 /Applications/microchip/xc32/v4.10/bin/bin/../../lib/gcc/pic32c/8.3.1/../../../../pic32c/lib/thumb/v7e-m+fp/hard/libc-musl.a(__init_stdio.o)
 .debug_aranges
                0x000008c8       0x28 /Applications/microchip/xc32/v4.10/bin/bin/../../lib/gcc/pic32c/8.3.1/../../../../pic32c/lib/thumb/v7e-m+fp/hard/libc-musl.a(__out.o)
 .debug_aranges
                0x000008f0       0x20 /Applications/microchip/xc32/v4.10/bin/bin/../../lib/gcc/pic32c/8.3.1/../../../../pic32c/lib/thumb/v7e-m+fp/hard/libc-musl.a(strcpy.o)
 .debug_aranges
                0x00000910       0x20 /Applications/microchip/xc32/v4.10/bin/bin/../../lib/gcc/pic32c/8.3.1/../../../../pic32c/lib/thumb/v7e-m+fp/hard/libc-musl.a(stpcpy.o)
 .debug_aranges
                0x00000930       0x20 /Applications/microchip/xc32/v4.10/bin/bin/../../lib/gcc/pic32c/8.3.1/thumb/v7e-m+fp/hard/libgcc.a(_aeabi_uldivmod.o)
 .debug_aranges
                0x00000950       0x20 /Applications/microchip/xc32/v4.10/bin/bin/../../lib/gcc/pic32c/8.3.1/thumb/v7e-m+fp/hard/libgcc.a(_udivmoddi4.o)
 .debug_aranges
                0x00000970       0x20 /Applications/microchip/xc32/v4.10/bin/bin/../../lib/gcc/pic32c/8.3.1/thumb/v7e-m+fp/hard/libgcc.a(_dvmd_tls.o)
 .debug_aranges
                0x00000990       0x20 /Applications/microchip/xc32/v4.10/bin/bin/../../lib/gcc/pic32c/8.3.1/../../../../pic32c/lib/thumb/v7e-m+fp/hard/libc-musl.a(sprintf.o)
 .debug_aranges
                0x000009b0       0x20 /Applications/microchip/xc32/v4.10/bin/bin/../../lib/gcc/pic32c/8.3.1/../../../../pic32c/lib/thumb/v7e-m+fp/hard/libc-musl.a(vsprintf.o)
 .debug_aranges
                0x000009d0       0x20 /Applications/microchip/xc32/v4.10/bin/bin/../../lib/gcc/pic32c/8.3.1/../../../../pic32c/lib/thumb/v7e-m+fp/hard/libc-musl.a(vsnprintf.o)

.debug_ranges   0x00000000      0x750
 .debug_ranges  0x00000000       0x10 build/default/production/_ext/1434821282/bsp.o
 .debug_ranges  0x00000010       0x10 build/default/production/_ext/1984496892/plib_clock.o
 .debug_ranges  0x00000020       0x10 build/default/production/_ext/1986646378/plib_evsys.o
 .debug_ranges  0x00000030       0x28 build/default/production/_ext/1865468468/plib_nvic.o
 .debug_ranges  0x00000058       0xc8 build/default/production/_ext/1593096446/plib_nvmctrl.o
 .debug_ranges  0x00000120       0x60 build/default/production/_ext/1865521619/plib_port.o
 .debug_ranges  0x00000180       0xa0 build/default/production/_ext/60180175/plib_rtc_timer.o
 .debug_ranges  0x00000220       0x50 build/default/production/_ext/17022449/plib_sercom6_spi_master.o
 .debug_ranges  0x00000270       0x60 build/default/production/_ext/1827571544/plib_systick.o
 .debug_ranges  0x000002d0       0x18 build/default/production/_ext/163028504/xc32_monitor.o
 .debug_ranges  0x000002e8       0x10 build/default/production/_ext/1171490990/initialization.o
 .debug_ranges  0x000002f8       0x10 build/default/production/_ext/1171490990/interrupts.o
 .debug_ranges  0x00000308       0x38 build/default/production/_ext/1171490990/exceptions.o
 .debug_ranges  0x00000340       0x18 build/default/production/_ext/1171490990/startup_xc32.o
 .debug_ranges  0x00000358       0x10 build/default/production/_ext/1171490990/libc_syscalls.o
 .debug_ranges  0x00000368       0x50 build/default/production/_ext/1360937237/main.o
 .debug_ranges  0x000003b8       0x10 /Applications/microchip/xc32/v4.10/bin/bin/../../lib/gcc/pic32c/8.3.1/../../../../pic32c/lib/thumb/v7e-m+fp/hard/libpic32c.a(data_init.o)
 .debug_ranges  0x000003c8       0x40 /Applications/microchip/xc32/v4.10/bin/bin/../../lib/gcc/pic32c/8.3.1/../../../../pic32c/lib/thumb/v7e-m+fp/hard/libc-musl.a(__libc_start_main.o)
 .debug_ranges  0x00000408       0x10 /Applications/microchip/xc32/v4.10/bin/bin/../../lib/gcc/pic32c/8.3.1/../../../../pic32c/lib/thumb/v7e-m+fp/hard/libc-musl.a(assert.o)
 .debug_ranges  0x00000418       0x10 /Applications/microchip/xc32/v4.10/bin/bin/../../lib/gcc/pic32c/8.3.1/../../../../pic32c/lib/thumb/v7e-m+fp/hard/libc-musl.a(abort.o)
 .debug_ranges  0x00000428       0x10 /Applications/microchip/xc32/v4.10/bin/bin/../../lib/gcc/pic32c/8.3.1/../../../../pic32c/lib/thumb/v7e-m+fp/hard/libc-musl.a(fprintf.o)
 .debug_ranges  0x00000438       0x10 /Applications/microchip/xc32/v4.10/bin/bin/../../lib/gcc/pic32c/8.3.1/../../../../pic32c/lib/thumb/v7e-m+fp/hard/libc-musl.a(__fmt_d.o)
 .debug_ranges  0x00000448       0x10 /Applications/microchip/xc32/v4.10/bin/bin/../../lib/gcc/pic32c/8.3.1/../../../../pic32c/lib/thumb/v7e-m+fp/hard/libc-musl.a(__fmt_o.o)
 .debug_ranges  0x00000458       0x10 /Applications/microchip/xc32/v4.10/bin/bin/../../lib/gcc/pic32c/8.3.1/../../../../pic32c/lib/thumb/v7e-m+fp/hard/libc-musl.a(__fmt_s.o)
 .debug_ranges  0x00000468       0x18 /Applications/microchip/xc32/v4.10/bin/bin/../../lib/gcc/pic32c/8.3.1/../../../../pic32c/lib/thumb/v7e-m+fp/hard/libc-musl.a(__fmt_u.o)
 .debug_ranges  0x00000480       0x10 /Applications/microchip/xc32/v4.10/bin/bin/../../lib/gcc/pic32c/8.3.1/../../../../pic32c/lib/thumb/v7e-m+fp/hard/libc-musl.a(__fmt_x.o)
 .debug_ranges  0x00000490       0x68 /Applications/microchip/xc32/v4.10/bin/bin/../../lib/gcc/pic32c/8.3.1/../../../../pic32c/lib/thumb/v7e-m+fp/hard/libc-musl.a(__printf_core.o)
 .debug_ranges  0x000004f8       0x20 /Applications/microchip/xc32/v4.10/bin/bin/../../lib/gcc/pic32c/8.3.1/../../../../pic32c/lib/thumb/v7e-m+fp/hard/libc-musl.a(fflush.o)
 .debug_ranges  0x00000518       0x20 /Applications/microchip/xc32/v4.10/bin/bin/../../lib/gcc/pic32c/8.3.1/../../../../pic32c/lib/thumb/v7e-m+fp/hard/libc-musl.a(stderr.o)
 .debug_ranges  0x00000538       0x18 /Applications/microchip/xc32/v4.10/bin/bin/../../lib/gcc/pic32c/8.3.1/../../../../pic32c/lib/thumb/v7e-m+fp/hard/libc-musl.a(vfprintf.o)
 .debug_ranges  0x00000550       0x10 /Applications/microchip/xc32/v4.10/bin/bin/../../lib/gcc/pic32c/8.3.1/../../../../pic32c/lib/thumb/v7e-m+fp/hard/libc-musl.a(atoi.o)
 .debug_ranges  0x00000560       0x10 /Applications/microchip/xc32/v4.10/bin/bin/../../lib/gcc/pic32c/8.3.1/../../../../pic32c/lib/thumb/v7e-m+fp/hard/libc-musl.a(memcpy.o)
 .debug_ranges  0x00000570       0x10 /Applications/microchip/xc32/v4.10/bin/bin/../../lib/gcc/pic32c/8.3.1/../../../../pic32c/lib/thumb/v7e-m+fp/hard/libc-musl.a(memset.o)
 .debug_ranges  0x00000580       0x10 /Applications/microchip/xc32/v4.10/bin/bin/../../lib/gcc/pic32c/8.3.1/../../../../pic32c/lib/thumb/v7e-m+fp/hard/libc-musl.a(strlen.o)
 .debug_ranges  0x00000590       0x18 /Applications/microchip/xc32/v4.10/bin/bin/../../lib/gcc/pic32c/8.3.1/../../../../pic32c/lib/thumb/v7e-m+fp/hard/libc-musl.a(tolower.o)
 .debug_ranges  0x000005a8       0x18 /Applications/microchip/xc32/v4.10/bin/bin/../../lib/gcc/pic32c/8.3.1/../../../../pic32c/lib/thumb/v7e-m+fp/hard/libc-musl.a(toupper.o)
 .debug_ranges  0x000005c0       0x10 /Applications/microchip/xc32/v4.10/bin/bin/../../lib/gcc/pic32c/8.3.1/../../../../pic32c/lib/thumb/v7e-m+fp/hard/libc-musl.a(_Exit.o)
 .debug_ranges  0x000005d0       0x10 /Applications/microchip/xc32/v4.10/bin/bin/../../lib/gcc/pic32c/8.3.1/../../../../pic32c/lib/thumb/v7e-m+fp/hard/libc-musl.a(__pop_float.o)
 .debug_ranges  0x000005e0       0x10 /Applications/microchip/xc32/v4.10/bin/bin/../../lib/gcc/pic32c/8.3.1/../../../../pic32c/lib/thumb/v7e-m+fp/hard/libc-musl.a(__pop_int.o)
 .debug_ranges  0x000005f0       0x10 /Applications/microchip/xc32/v4.10/bin/bin/../../lib/gcc/pic32c/8.3.1/../../../../pic32c/lib/thumb/v7e-m+fp/hard/libc-musl.a(__pop_ptr.o)
 .debug_ranges  0x00000600       0x10 /Applications/microchip/xc32/v4.10/bin/bin/../../lib/gcc/pic32c/8.3.1/../../../../pic32c/lib/thumb/v7e-m+fp/hard/libc-musl.a(__fmt_a.o)
 .debug_ranges  0x00000610       0x10 /Applications/microchip/xc32/v4.10/bin/bin/../../lib/gcc/pic32c/8.3.1/../../../../pic32c/lib/thumb/v7e-m+fp/hard/libc-musl.a(__fmt_fp.o)
 .debug_ranges  0x00000620       0x18 /Applications/microchip/xc32/v4.10/bin/bin/../../lib/gcc/pic32c/8.3.1/../../../../pic32c/lib/thumb/v7e-m+fp/hard/libc-musl.a(__init_stdio.o)
 .debug_ranges  0x00000638       0x18 /Applications/microchip/xc32/v4.10/bin/bin/../../lib/gcc/pic32c/8.3.1/../../../../pic32c/lib/thumb/v7e-m+fp/hard/libc-musl.a(__out.o)
 .debug_ranges  0x00000650       0x10 /Applications/microchip/xc32/v4.10/bin/bin/../../lib/gcc/pic32c/8.3.1/../../../../pic32c/lib/thumb/v7e-m+fp/hard/libc-musl.a(strcpy.o)
 .debug_ranges  0x00000660       0x10 /Applications/microchip/xc32/v4.10/bin/bin/../../lib/gcc/pic32c/8.3.1/../../../../pic32c/lib/thumb/v7e-m+fp/hard/libc-musl.a(stpcpy.o)
 .debug_ranges  0x00000670       0xb0 /Applications/microchip/xc32/v4.10/bin/bin/../../lib/gcc/pic32c/8.3.1/thumb/v7e-m+fp/hard/libgcc.a(_udivmoddi4.o)
 .debug_ranges  0x00000720       0x10 /Applications/microchip/xc32/v4.10/bin/bin/../../lib/gcc/pic32c/8.3.1/../../../../pic32c/lib/thumb/v7e-m+fp/hard/libc-musl.a(sprintf.o)
 .debug_ranges  0x00000730       0x10 /Applications/microchip/xc32/v4.10/bin/bin/../../lib/gcc/pic32c/8.3.1/../../../../pic32c/lib/thumb/v7e-m+fp/hard/libc-musl.a(vsprintf.o)
 .debug_ranges  0x00000740       0x10 /Applications/microchip/xc32/v4.10/bin/bin/../../lib/gcc/pic32c/8.3.1/../../../../pic32c/lib/thumb/v7e-m+fp/hard/libc-musl.a(vsnprintf.o)

.debug_line     0x00000000     0x707a
 .debug_line    0x00000000       0xd5 build/default/production/_ext/1434821282/bsp.o
 .debug_line    0x000000d5      0x254 build/default/production/_ext/1984496892/plib_clock.o
 .debug_line    0x00000329       0x66 build/default/production/_ext/1986646378/plib_evsys.o
 .debug_line    0x0000038f      0x3bd build/default/production/_ext/1865468468/plib_nvic.o
 .debug_line    0x0000074c      0x5bf build/default/production/_ext/1593096446/plib_nvmctrl.o
 .debug_line    0x00000d0b      0x2f6 build/default/production/_ext/1865521619/plib_port.o
 .debug_line    0x00001001      0x412 build/default/production/_ext/60180175/plib_rtc_timer.o
 .debug_line    0x00001413      0x6cd build/default/production/_ext/17022449/plib_sercom6_spi_master.o
 .debug_line    0x00001ae0      0x308 build/default/production/_ext/1827571544/plib_systick.o
 .debug_line    0x00001de8       0xc7 build/default/production/_ext/163028504/xc32_monitor.o
 .debug_line    0x00001eaf      0x267 build/default/production/_ext/1171490990/initialization.o
 .debug_line    0x00002116       0xb7 build/default/production/_ext/1171490990/interrupts.o
 .debug_line    0x000021cd       0xc6 build/default/production/_ext/1171490990/exceptions.o
 .debug_line    0x00002293      0x240 build/default/production/_ext/1171490990/startup_xc32.o
 .debug_line    0x000024d3       0x5b build/default/production/_ext/1171490990/libc_syscalls.o
 .debug_line    0x0000252e      0x25a build/default/production/_ext/1360937237/main.o
 .debug_line    0x00002788      0x112 /Applications/microchip/xc32/v4.10/bin/bin/../../lib/gcc/pic32c/8.3.1/../../../../pic32c/lib/thumb/v7e-m+fp/hard/libpic32c.a(data_init.o)
 .debug_line    0x0000289a      0x1db /Applications/microchip/xc32/v4.10/bin/bin/../../lib/gcc/pic32c/8.3.1/../../../../pic32c/lib/thumb/v7e-m+fp/hard/libc-musl.a(__libc_start_main.o)
 .debug_line    0x00002a75      0x1c0 /Applications/microchip/xc32/v4.10/bin/bin/../../lib/gcc/pic32c/8.3.1/../../../../pic32c/lib/thumb/v7e-m+fp/hard/libc-musl.a(assert.o)
 .debug_line    0x00002c35      0x127 /Applications/microchip/xc32/v4.10/bin/bin/../../lib/gcc/pic32c/8.3.1/../../../../pic32c/lib/thumb/v7e-m+fp/hard/libc-musl.a(abort.o)
 .debug_line    0x00002d5c       0xbf /Applications/microchip/xc32/v4.10/bin/bin/../../lib/gcc/pic32c/8.3.1/../../../../pic32c/lib/thumb/v7e-m+fp/hard/libc-musl.a(libc.o)
 .debug_line    0x00002e1b      0x165 /Applications/microchip/xc32/v4.10/bin/bin/../../lib/gcc/pic32c/8.3.1/../../../../pic32c/lib/thumb/v7e-m+fp/hard/libc-musl.a(fprintf.o)
 .debug_line    0x00002f80      0x21c /Applications/microchip/xc32/v4.10/bin/bin/../../lib/gcc/pic32c/8.3.1/../../../../pic32c/lib/thumb/v7e-m+fp/hard/libc-musl.a(__fmt_d.o)
 .debug_line    0x0000319c      0x1c6 /Applications/microchip/xc32/v4.10/bin/bin/../../lib/gcc/pic32c/8.3.1/../../../../pic32c/lib/thumb/v7e-m+fp/hard/libc-musl.a(__fmt_o.o)
 .debug_line    0x00003362      0x209 /Applications/microchip/xc32/v4.10/bin/bin/../../lib/gcc/pic32c/8.3.1/../../../../pic32c/lib/thumb/v7e-m+fp/hard/libc-musl.a(__fmt_s.o)
 .debug_line    0x0000356b      0x250 /Applications/microchip/xc32/v4.10/bin/bin/../../lib/gcc/pic32c/8.3.1/../../../../pic32c/lib/thumb/v7e-m+fp/hard/libc-musl.a(__fmt_u.o)
 .debug_line    0x000037bb      0x2fd /Applications/microchip/xc32/v4.10/bin/bin/../../lib/gcc/pic32c/8.3.1/../../../../pic32c/lib/thumb/v7e-m+fp/hard/libc-musl.a(__fmt_x.o)
 .debug_line    0x00003ab8      0x699 /Applications/microchip/xc32/v4.10/bin/bin/../../lib/gcc/pic32c/8.3.1/../../../../pic32c/lib/thumb/v7e-m+fp/hard/libc-musl.a(__printf_core.o)
 .debug_line    0x00004151      0x1ae /Applications/microchip/xc32/v4.10/bin/bin/../../lib/gcc/pic32c/8.3.1/../../../../pic32c/lib/thumb/v7e-m+fp/hard/libc-musl.a(fflush.o)
 .debug_line    0x000042ff      0x195 /Applications/microchip/xc32/v4.10/bin/bin/../../lib/gcc/pic32c/8.3.1/../../../../pic32c/lib/thumb/v7e-m+fp/hard/libc-musl.a(stderr.o)
 .debug_line    0x00004494      0x204 /Applications/microchip/xc32/v4.10/bin/bin/../../lib/gcc/pic32c/8.3.1/../../../../pic32c/lib/thumb/v7e-m+fp/hard/libc-musl.a(vfprintf.o)
 .debug_line    0x00004698      0x17b /Applications/microchip/xc32/v4.10/bin/bin/../../lib/gcc/pic32c/8.3.1/../../../../pic32c/lib/thumb/v7e-m+fp/hard/libc-musl.a(atoi.o)
 .debug_line    0x00004813       0xf4 /Applications/microchip/xc32/v4.10/bin/bin/../../lib/gcc/pic32c/8.3.1/../../../../pic32c/lib/thumb/v7e-m+fp/hard/libc-musl.a(memcpy.o)
 .debug_line    0x00004907       0xec /Applications/microchip/xc32/v4.10/bin/bin/../../lib/gcc/pic32c/8.3.1/../../../../pic32c/lib/thumb/v7e-m+fp/hard/libc-musl.a(memset.o)
 .debug_line    0x000049f3       0xe8 /Applications/microchip/xc32/v4.10/bin/bin/../../lib/gcc/pic32c/8.3.1/../../../../pic32c/lib/thumb/v7e-m+fp/hard/libc-musl.a(strlen.o)
 .debug_line    0x00004adb      0x16b /Applications/microchip/xc32/v4.10/bin/bin/../../lib/gcc/pic32c/8.3.1/../../../../pic32c/lib/thumb/v7e-m+fp/hard/libc-musl.a(tolower.o)
 .debug_line    0x00004c46      0x16b /Applications/microchip/xc32/v4.10/bin/bin/../../lib/gcc/pic32c/8.3.1/../../../../pic32c/lib/thumb/v7e-m+fp/hard/libc-musl.a(toupper.o)
 .debug_line    0x00004db1      0x10f /Applications/microchip/xc32/v4.10/bin/bin/../../lib/gcc/pic32c/8.3.1/../../../../pic32c/lib/thumb/v7e-m+fp/hard/libc-musl.a(__environ.o)
 .debug_line    0x00004ec0       0xa4 /Applications/microchip/xc32/v4.10/bin/bin/../../lib/gcc/pic32c/8.3.1/../../../../pic32c/lib/thumb/v7e-m+fp/hard/libc-musl.a(__errno_location.o)
 .debug_line    0x00004f64       0xb2 /Applications/microchip/xc32/v4.10/bin/bin/../../lib/gcc/pic32c/8.3.1/../../../../pic32c/lib/thumb/v7e-m+fp/hard/libc-musl.a(_Exit.o)
 .debug_line    0x00005016      0x179 /Applications/microchip/xc32/v4.10/bin/bin/../../lib/gcc/pic32c/8.3.1/../../../../pic32c/lib/thumb/v7e-m+fp/hard/libc-musl.a(__pop_float.o)
 .debug_line    0x0000518f      0x20f /Applications/microchip/xc32/v4.10/bin/bin/../../lib/gcc/pic32c/8.3.1/../../../../pic32c/lib/thumb/v7e-m+fp/hard/libc-musl.a(__pop_int.o)
 .debug_line    0x0000539e      0x1f4 /Applications/microchip/xc32/v4.10/bin/bin/../../lib/gcc/pic32c/8.3.1/../../../../pic32c/lib/thumb/v7e-m+fp/hard/libc-musl.a(__pop_ptr.o)
 .debug_line    0x00005592      0x626 /Applications/microchip/xc32/v4.10/bin/bin/../../lib/gcc/pic32c/8.3.1/../../../../pic32c/lib/thumb/v7e-m+fp/hard/libc-musl.a(__fmt_a.o)
 .debug_line    0x00005bb8      0x68b /Applications/microchip/xc32/v4.10/bin/bin/../../lib/gcc/pic32c/8.3.1/../../../../pic32c/lib/thumb/v7e-m+fp/hard/libc-musl.a(__fmt_fp.o)
 .debug_line    0x00006243       0xd2 /Applications/microchip/xc32/v4.10/bin/bin/../../lib/gcc/pic32c/8.3.1/../../../../pic32c/lib/thumb/v7e-m+fp/hard/libc-musl.a(__init_stdio.o)
 .debug_line    0x00006315      0x23d /Applications/microchip/xc32/v4.10/bin/bin/../../lib/gcc/pic32c/8.3.1/../../../../pic32c/lib/thumb/v7e-m+fp/hard/libc-musl.a(__out.o)
 .debug_line    0x00006552       0xb7 /Applications/microchip/xc32/v4.10/bin/bin/../../lib/gcc/pic32c/8.3.1/../../../../pic32c/lib/thumb/v7e-m+fp/hard/libc-musl.a(strcpy.o)
 .debug_line    0x00006609       0xcb /Applications/microchip/xc32/v4.10/bin/bin/../../lib/gcc/pic32c/8.3.1/../../../../pic32c/lib/thumb/v7e-m+fp/hard/libc-musl.a(stpcpy.o)
 .debug_line    0x000066d4       0x9e /Applications/microchip/xc32/v4.10/bin/bin/../../lib/gcc/pic32c/8.3.1/thumb/v7e-m+fp/hard/libgcc.a(_aeabi_uldivmod.o)
 .debug_line    0x00006772      0x36d /Applications/microchip/xc32/v4.10/bin/bin/../../lib/gcc/pic32c/8.3.1/thumb/v7e-m+fp/hard/libgcc.a(_udivmoddi4.o)
 .debug_line    0x00006adf       0x9e /Applications/microchip/xc32/v4.10/bin/bin/../../lib/gcc/pic32c/8.3.1/thumb/v7e-m+fp/hard/libgcc.a(_dvmd_tls.o)
 .debug_line    0x00006b7d      0x165 /Applications/microchip/xc32/v4.10/bin/bin/../../lib/gcc/pic32c/8.3.1/../../../../pic32c/lib/thumb/v7e-m+fp/hard/libc-musl.a(sprintf.o)
 .debug_line    0x00006ce2      0x154 /Applications/microchip/xc32/v4.10/bin/bin/../../lib/gcc/pic32c/8.3.1/../../../../pic32c/lib/thumb/v7e-m+fp/hard/libc-musl.a(vsprintf.o)
 .debug_line    0x00006e36      0x244 /Applications/microchip/xc32/v4.10/bin/bin/../../lib/gcc/pic32c/8.3.1/../../../../pic32c/lib/thumb/v7e-m+fp/hard/libc-musl.a(vsnprintf.o)

.debug_str      0x00000000      0x6bf
 .debug_str     0x00000000        0x0 build/default/production/_ext/1434821282/bsp.o
 .debug_str     0x00000000       0x1e build/default/production/_ext/1984496892/plib_clock.o
 .debug_str     0x0000001e        0x0 build/default/production/_ext/1986646378/plib_evsys.o
 .debug_str     0x0000001e        0xa build/default/production/_ext/1865468468/plib_nvic.o
 .debug_str     0x00000028       0x20 build/default/production/_ext/1593096446/plib_nvmctrl.o
 .debug_str     0x00000048        0xb build/default/production/_ext/1865521619/plib_port.o
 .debug_str     0x00000053      0x115 build/default/production/_ext/60180175/plib_rtc_timer.o
 .debug_str     0x00000168      0x149 build/default/production/_ext/17022449/plib_sercom6_spi_master.o
 .debug_str     0x000002b1       0x3c build/default/production/_ext/1827571544/plib_systick.o
 .debug_str     0x000002ed        0x0 build/default/production/_ext/163028504/xc32_monitor.o
 .debug_str     0x000002ed       0xa2 build/default/production/_ext/1171490990/initialization.o
 .debug_str     0x0000038f        0x0 build/default/production/_ext/1171490990/interrupts.o
 .debug_str     0x0000038f        0x0 build/default/production/_ext/1171490990/exceptions.o
 .debug_str     0x0000038f       0x2f build/default/production/_ext/1171490990/startup_xc32.o
 .debug_str     0x000003be        0x0 build/default/production/_ext/1171490990/libc_syscalls.o
 .debug_str     0x000003be       0x96 build/default/production/_ext/1360937237/main.o
 .debug_str     0x00000454        0x0 /Applications/microchip/xc32/v4.10/bin/bin/../../lib/gcc/pic32c/8.3.1/../../../../pic32c/lib/thumb/v7e-m+fp/hard/libpic32c.a(data_init.o)
 .debug_str     0x00000454        0x0 /Applications/microchip/xc32/v4.10/bin/bin/../../lib/gcc/pic32c/8.3.1/../../../../pic32c/lib/thumb/v7e-m+fp/hard/libc-musl.a(__libc_start_main.o)
 .debug_str     0x00000454        0x0 /Applications/microchip/xc32/v4.10/bin/bin/../../lib/gcc/pic32c/8.3.1/../../../../pic32c/lib/thumb/v7e-m+fp/hard/libc-musl.a(assert.o)
 .debug_str     0x00000454        0x0 /Applications/microchip/xc32/v4.10/bin/bin/../../lib/gcc/pic32c/8.3.1/../../../../pic32c/lib/thumb/v7e-m+fp/hard/libc-musl.a(abort.o)
 .debug_str     0x00000454        0x0 /Applications/microchip/xc32/v4.10/bin/bin/../../lib/gcc/pic32c/8.3.1/../../../../pic32c/lib/thumb/v7e-m+fp/hard/libc-musl.a(libc.o)
 .debug_str     0x00000454        0x9 /Applications/microchip/xc32/v4.10/bin/bin/../../lib/gcc/pic32c/8.3.1/../../../../pic32c/lib/thumb/v7e-m+fp/hard/libc-musl.a(fprintf.o)
 .debug_str     0x0000045d        0x0 /Applications/microchip/xc32/v4.10/bin/bin/../../lib/gcc/pic32c/8.3.1/../../../../pic32c/lib/thumb/v7e-m+fp/hard/libc-musl.a(__fmt_d.o)
 .debug_str     0x0000045d        0x0 /Applications/microchip/xc32/v4.10/bin/bin/../../lib/gcc/pic32c/8.3.1/../../../../pic32c/lib/thumb/v7e-m+fp/hard/libc-musl.a(__fmt_o.o)
 .debug_str     0x0000045d        0x0 /Applications/microchip/xc32/v4.10/bin/bin/../../lib/gcc/pic32c/8.3.1/../../../../pic32c/lib/thumb/v7e-m+fp/hard/libc-musl.a(__fmt_s.o)
 .debug_str     0x0000045d        0x6 /Applications/microchip/xc32/v4.10/bin/bin/../../lib/gcc/pic32c/8.3.1/../../../../pic32c/lib/thumb/v7e-m+fp/hard/libc-musl.a(__fmt_u.o)
 .debug_str     0x00000463        0x0 /Applications/microchip/xc32/v4.10/bin/bin/../../lib/gcc/pic32c/8.3.1/../../../../pic32c/lib/thumb/v7e-m+fp/hard/libc-musl.a(__fmt_x.o)
 .debug_str     0x00000463       0x20 /Applications/microchip/xc32/v4.10/bin/bin/../../lib/gcc/pic32c/8.3.1/../../../../pic32c/lib/thumb/v7e-m+fp/hard/libc-musl.a(__printf_core.o)
 .debug_str     0x00000483        0x0 /Applications/microchip/xc32/v4.10/bin/bin/../../lib/gcc/pic32c/8.3.1/../../../../pic32c/lib/thumb/v7e-m+fp/hard/libc-musl.a(fflush.o)
 .debug_str     0x00000483       0x11 /Applications/microchip/xc32/v4.10/bin/bin/../../lib/gcc/pic32c/8.3.1/../../../../pic32c/lib/thumb/v7e-m+fp/hard/libc-musl.a(stderr.o)
 .debug_str     0x00000494       0x1e /Applications/microchip/xc32/v4.10/bin/bin/../../lib/gcc/pic32c/8.3.1/../../../../pic32c/lib/thumb/v7e-m+fp/hard/libc-musl.a(vfprintf.o)
 .debug_str     0x000004b2        0x0 /Applications/microchip/xc32/v4.10/bin/bin/../../lib/gcc/pic32c/8.3.1/../../../../pic32c/lib/thumb/v7e-m+fp/hard/libc-musl.a(atoi.o)
 .debug_str     0x000004b2        0x0 /Applications/microchip/xc32/v4.10/bin/bin/../../lib/gcc/pic32c/8.3.1/../../../../pic32c/lib/thumb/v7e-m+fp/hard/libc-musl.a(memcpy.o)
 .debug_str     0x000004b2        0x0 /Applications/microchip/xc32/v4.10/bin/bin/../../lib/gcc/pic32c/8.3.1/../../../../pic32c/lib/thumb/v7e-m+fp/hard/libc-musl.a(memset.o)
 .debug_str     0x000004b2        0x0 /Applications/microchip/xc32/v4.10/bin/bin/../../lib/gcc/pic32c/8.3.1/../../../../pic32c/lib/thumb/v7e-m+fp/hard/libc-musl.a(strlen.o)
 .debug_str     0x000004b2        0x0 /Applications/microchip/xc32/v4.10/bin/bin/../../lib/gcc/pic32c/8.3.1/../../../../pic32c/lib/thumb/v7e-m+fp/hard/libc-musl.a(tolower.o)
 .debug_str     0x000004b2        0x0 /Applications/microchip/xc32/v4.10/bin/bin/../../lib/gcc/pic32c/8.3.1/../../../../pic32c/lib/thumb/v7e-m+fp/hard/libc-musl.a(toupper.o)
 .debug_str     0x000004b2        0x0 /Applications/microchip/xc32/v4.10/bin/bin/../../lib/gcc/pic32c/8.3.1/../../../../pic32c/lib/thumb/v7e-m+fp/hard/libc-musl.a(__environ.o)
 .debug_str     0x000004b2        0x0 /Applications/microchip/xc32/v4.10/bin/bin/../../lib/gcc/pic32c/8.3.1/../../../../pic32c/lib/thumb/v7e-m+fp/hard/libc-musl.a(__errno_location.o)
 .debug_str     0x000004b2        0x0 /Applications/microchip/xc32/v4.10/bin/bin/../../lib/gcc/pic32c/8.3.1/../../../../pic32c/lib/thumb/v7e-m+fp/hard/libc-musl.a(_Exit.o)
 .debug_str     0x000004b2        0x0 /Applications/microchip/xc32/v4.10/bin/bin/../../lib/gcc/pic32c/8.3.1/../../../../pic32c/lib/thumb/v7e-m+fp/hard/libc-musl.a(__pop_float.o)
 .debug_str     0x000004b2        0x0 /Applications/microchip/xc32/v4.10/bin/bin/../../lib/gcc/pic32c/8.3.1/../../../../pic32c/lib/thumb/v7e-m+fp/hard/libc-musl.a(__pop_int.o)
 .debug_str     0x000004b2        0x0 /Applications/microchip/xc32/v4.10/bin/bin/../../lib/gcc/pic32c/8.3.1/../../../../pic32c/lib/thumb/v7e-m+fp/hard/libc-musl.a(__pop_ptr.o)
 .debug_str     0x000004b2        0x0 /Applications/microchip/xc32/v4.10/bin/bin/../../lib/gcc/pic32c/8.3.1/../../../../pic32c/lib/thumb/v7e-m+fp/hard/libc-musl.a(__fmt_a.o)
 .debug_str     0x000004b2        0x0 /Applications/microchip/xc32/v4.10/bin/bin/../../lib/gcc/pic32c/8.3.1/../../../../pic32c/lib/thumb/v7e-m+fp/hard/libc-musl.a(__fmt_fp.o)
 .debug_str     0x000004b2        0x0 /Applications/microchip/xc32/v4.10/bin/bin/../../lib/gcc/pic32c/8.3.1/../../../../pic32c/lib/thumb/v7e-m+fp/hard/libc-musl.a(__init_stdio.o)
 .debug_str     0x000004b2        0x0 /Applications/microchip/xc32/v4.10/bin/bin/../../lib/gcc/pic32c/8.3.1/../../../../pic32c/lib/thumb/v7e-m+fp/hard/libc-musl.a(__out.o)
 .debug_str     0x000004b2        0x9 /Applications/microchip/xc32/v4.10/bin/bin/../../lib/gcc/pic32c/8.3.1/../../../../pic32c/lib/thumb/v7e-m+fp/hard/libc-musl.a(strcpy.o)
 .debug_str     0x000004bb        0x0 /Applications/microchip/xc32/v4.10/bin/bin/../../lib/gcc/pic32c/8.3.1/../../../../pic32c/lib/thumb/v7e-m+fp/hard/libc-musl.a(stpcpy.o)
 .debug_str     0x000004bb       0xf2 /Applications/microchip/xc32/v4.10/bin/bin/../../lib/gcc/pic32c/8.3.1/thumb/v7e-m+fp/hard/libgcc.a(_aeabi_uldivmod.o)
 .debug_str     0x000005ad        0x0 /Applications/microchip/xc32/v4.10/bin/bin/../../lib/gcc/pic32c/8.3.1/thumb/v7e-m+fp/hard/libgcc.a(_udivmoddi4.o)
 .debug_str     0x000005ad       0xf6 /Applications/microchip/xc32/v4.10/bin/bin/../../lib/gcc/pic32c/8.3.1/thumb/v7e-m+fp/hard/libgcc.a(_dvmd_tls.o)
 .debug_str     0x000006a3        0x9 /Applications/microchip/xc32/v4.10/bin/bin/../../lib/gcc/pic32c/8.3.1/../../../../pic32c/lib/thumb/v7e-m+fp/hard/libc-musl.a(sprintf.o)
 .debug_str     0x000006ac        0xa /Applications/microchip/xc32/v4.10/bin/bin/../../lib/gcc/pic32c/8.3.1/../../../../pic32c/lib/thumb/v7e-m+fp/hard/libc-musl.a(vsprintf.o)
 .debug_str     0x000006b6        0x9 /Applications/microchip/xc32/v4.10/bin/bin/../../lib/gcc/pic32c/8.3.1/../../../../pic32c/lib/thumb/v7e-m+fp/hard/libc-musl.a(vsnprintf.o)

.debug_frame    0x00000000      0xfd8
 .debug_frame   0x00000000       0x20 build/default/production/_ext/1434821282/bsp.o
 .debug_frame   0x00000020       0x20 build/default/production/_ext/1984496892/plib_clock.o
 .debug_frame   0x00000040       0x20 build/default/production/_ext/1986646378/plib_evsys.o
 .debug_frame   0x00000060       0x50 build/default/production/_ext/1865468468/plib_nvic.o
 .debug_frame   0x000000b0      0x1dc build/default/production/_ext/1593096446/plib_nvmctrl.o
 .debug_frame   0x0000028c       0xcc build/default/production/_ext/1865521619/plib_port.o
 .debug_frame   0x00000358      0x148 build/default/production/_ext/60180175/plib_rtc_timer.o
 .debug_frame   0x000004a0       0xd4 build/default/production/_ext/17022449/plib_sercom6_spi_master.o
 .debug_frame   0x00000574       0xe0 build/default/production/_ext/1827571544/plib_systick.o
 .debug_frame   0x00000654       0x30 build/default/production/_ext/163028504/xc32_monitor.o
 .debug_frame   0x00000684       0x28 build/default/production/_ext/1171490990/initialization.o
 .debug_frame   0x000006ac       0x20 build/default/production/_ext/1171490990/interrupts.o
 .debug_frame   0x000006cc       0x70 build/default/production/_ext/1171490990/exceptions.o
 .debug_frame   0x0000073c       0x38 build/default/production/_ext/1171490990/startup_xc32.o
 .debug_frame   0x00000774       0x20 build/default/production/_ext/1171490990/libc_syscalls.o
 .debug_frame   0x00000794       0x90 build/default/production/_ext/1360937237/main.o
 .debug_frame   0x00000824       0x38 /Applications/microchip/xc32/v4.10/bin/bin/../../lib/gcc/pic32c/8.3.1/../../../../pic32c/lib/thumb/v7e-m+fp/hard/libpic32c.a(data_init.o)
 .debug_frame   0x0000085c       0x3c /Applications/microchip/xc32/v4.10/bin/bin/../../lib/gcc/pic32c/8.3.1/../../../../pic32c/lib/thumb/v7e-m+fp/hard/libc-musl.a(__libc_start_main.o)
 .debug_frame   0x00000898       0x28 /Applications/microchip/xc32/v4.10/bin/bin/../../lib/gcc/pic32c/8.3.1/../../../../pic32c/lib/thumb/v7e-m+fp/hard/libc-musl.a(assert.o)
 .debug_frame   0x000008c0       0x28 /Applications/microchip/xc32/v4.10/bin/bin/../../lib/gcc/pic32c/8.3.1/../../../../pic32c/lib/thumb/v7e-m+fp/hard/libc-musl.a(abort.o)
 .debug_frame   0x000008e8       0x3c /Applications/microchip/xc32/v4.10/bin/bin/../../lib/gcc/pic32c/8.3.1/../../../../pic32c/lib/thumb/v7e-m+fp/hard/libc-musl.a(fprintf.o)
 .debug_frame   0x00000924       0x3c /Applications/microchip/xc32/v4.10/bin/bin/../../lib/gcc/pic32c/8.3.1/../../../../pic32c/lib/thumb/v7e-m+fp/hard/libc-musl.a(__fmt_d.o)
 .debug_frame   0x00000960       0x34 /Applications/microchip/xc32/v4.10/bin/bin/../../lib/gcc/pic32c/8.3.1/../../../../pic32c/lib/thumb/v7e-m+fp/hard/libc-musl.a(__fmt_o.o)
 .debug_frame   0x00000994       0x34 /Applications/microchip/xc32/v4.10/bin/bin/../../lib/gcc/pic32c/8.3.1/../../../../pic32c/lib/thumb/v7e-m+fp/hard/libc-musl.a(__fmt_s.o)
 .debug_frame   0x000009c8       0x5c /Applications/microchip/xc32/v4.10/bin/bin/../../lib/gcc/pic32c/8.3.1/../../../../pic32c/lib/thumb/v7e-m+fp/hard/libc-musl.a(__fmt_u.o)
 .debug_frame   0x00000a24       0x40 /Applications/microchip/xc32/v4.10/bin/bin/../../lib/gcc/pic32c/8.3.1/../../../../pic32c/lib/thumb/v7e-m+fp/hard/libc-musl.a(__fmt_x.o)
 .debug_frame   0x00000a64       0xd8 /Applications/microchip/xc32/v4.10/bin/bin/../../lib/gcc/pic32c/8.3.1/../../../../pic32c/lib/thumb/v7e-m+fp/hard/libc-musl.a(__printf_core.o)
 .debug_frame   0x00000b3c       0x48 /Applications/microchip/xc32/v4.10/bin/bin/../../lib/gcc/pic32c/8.3.1/../../../../pic32c/lib/thumb/v7e-m+fp/hard/libc-musl.a(fflush.o)
 .debug_frame   0x00000b84       0x48 /Applications/microchip/xc32/v4.10/bin/bin/../../lib/gcc/pic32c/8.3.1/../../../../pic32c/lib/thumb/v7e-m+fp/hard/libc-musl.a(stderr.o)
 .debug_frame   0x00000bcc       0x3c /Applications/microchip/xc32/v4.10/bin/bin/../../lib/gcc/pic32c/8.3.1/../../../../pic32c/lib/thumb/v7e-m+fp/hard/libc-musl.a(vfprintf.o)
 .debug_frame   0x00000c08       0x28 /Applications/microchip/xc32/v4.10/bin/bin/../../lib/gcc/pic32c/8.3.1/../../../../pic32c/lib/thumb/v7e-m+fp/hard/libc-musl.a(atoi.o)
 .debug_frame   0x00000c30       0x28 /Applications/microchip/xc32/v4.10/bin/bin/../../lib/gcc/pic32c/8.3.1/../../../../pic32c/lib/thumb/v7e-m+fp/hard/libc-musl.a(memcpy.o)
 .debug_frame   0x00000c58       0x20 /Applications/microchip/xc32/v4.10/bin/bin/../../lib/gcc/pic32c/8.3.1/../../../../pic32c/lib/thumb/v7e-m+fp/hard/libc-musl.a(memset.o)
 .debug_frame   0x00000c78       0x20 /Applications/microchip/xc32/v4.10/bin/bin/../../lib/gcc/pic32c/8.3.1/../../../../pic32c/lib/thumb/v7e-m+fp/hard/libc-musl.a(strlen.o)
 .debug_frame   0x00000c98       0x30 /Applications/microchip/xc32/v4.10/bin/bin/../../lib/gcc/pic32c/8.3.1/../../../../pic32c/lib/thumb/v7e-m+fp/hard/libc-musl.a(tolower.o)
 .debug_frame   0x00000cc8       0x30 /Applications/microchip/xc32/v4.10/bin/bin/../../lib/gcc/pic32c/8.3.1/../../../../pic32c/lib/thumb/v7e-m+fp/hard/libc-musl.a(toupper.o)
 .debug_frame   0x00000cf8       0x28 /Applications/microchip/xc32/v4.10/bin/bin/../../lib/gcc/pic32c/8.3.1/../../../../pic32c/lib/thumb/v7e-m+fp/hard/libc-musl.a(_Exit.o)
 .debug_frame   0x00000d20       0x20 /Applications/microchip/xc32/v4.10/bin/bin/../../lib/gcc/pic32c/8.3.1/../../../../pic32c/lib/thumb/v7e-m+fp/hard/libc-musl.a(__pop_float.o)
 .debug_frame   0x00000d40       0x2c /Applications/microchip/xc32/v4.10/bin/bin/../../lib/gcc/pic32c/8.3.1/../../../../pic32c/lib/thumb/v7e-m+fp/hard/libc-musl.a(__pop_int.o)
 .debug_frame   0x00000d6c       0x28 /Applications/microchip/xc32/v4.10/bin/bin/../../lib/gcc/pic32c/8.3.1/../../../../pic32c/lib/thumb/v7e-m+fp/hard/libc-musl.a(__pop_ptr.o)
 .debug_frame   0x00000d94       0x40 /Applications/microchip/xc32/v4.10/bin/bin/../../lib/gcc/pic32c/8.3.1/../../../../pic32c/lib/thumb/v7e-m+fp/hard/libc-musl.a(__fmt_a.o)
 .debug_frame   0x00000dd4       0x50 /Applications/microchip/xc32/v4.10/bin/bin/../../lib/gcc/pic32c/8.3.1/../../../../pic32c/lib/thumb/v7e-m+fp/hard/libc-musl.a(__fmt_fp.o)
 .debug_frame   0x00000e24       0x38 /Applications/microchip/xc32/v4.10/bin/bin/../../lib/gcc/pic32c/8.3.1/../../../../pic32c/lib/thumb/v7e-m+fp/hard/libc-musl.a(__init_stdio.o)
 .debug_frame   0x00000e5c       0x3c /Applications/microchip/xc32/v4.10/bin/bin/../../lib/gcc/pic32c/8.3.1/../../../../pic32c/lib/thumb/v7e-m+fp/hard/libc-musl.a(__out.o)
 .debug_frame   0x00000e98       0x28 /Applications/microchip/xc32/v4.10/bin/bin/../../lib/gcc/pic32c/8.3.1/../../../../pic32c/lib/thumb/v7e-m+fp/hard/libc-musl.a(strcpy.o)
 .debug_frame   0x00000ec0       0x20 /Applications/microchip/xc32/v4.10/bin/bin/../../lib/gcc/pic32c/8.3.1/../../../../pic32c/lib/thumb/v7e-m+fp/hard/libc-musl.a(stpcpy.o)
 .debug_frame   0x00000ee0       0x2c /Applications/microchip/xc32/v4.10/bin/bin/../../lib/gcc/pic32c/8.3.1/thumb/v7e-m+fp/hard/libgcc.a(_aeabi_uldivmod.o)
 .debug_frame   0x00000f0c       0x38 /Applications/microchip/xc32/v4.10/bin/bin/../../lib/gcc/pic32c/8.3.1/thumb/v7e-m+fp/hard/libgcc.a(_udivmoddi4.o)
 .debug_frame   0x00000f44       0x3c /Applications/microchip/xc32/v4.10/bin/bin/../../lib/gcc/pic32c/8.3.1/../../../../pic32c/lib/thumb/v7e-m+fp/hard/libc-musl.a(sprintf.o)
 .debug_frame   0x00000f80       0x20 /Applications/microchip/xc32/v4.10/bin/bin/../../lib/gcc/pic32c/8.3.1/../../../../pic32c/lib/thumb/v7e-m+fp/hard/libc-musl.a(vsprintf.o)
 .debug_frame   0x00000fa0       0x38 /Applications/microchip/xc32/v4.10/bin/bin/../../lib/gcc/pic32c/8.3.1/../../../../pic32c/lib/thumb/v7e-m+fp/hard/libc-musl.a(vsnprintf.o)

.debug_loc      0x00000000     0x5a80
 .debug_loc     0x00000000      0x1c5 build/default/production/_ext/1865468468/plib_nvic.o
 .debug_loc     0x000001c5      0x868 build/default/production/_ext/1593096446/plib_nvmctrl.o
 .debug_loc     0x00000a2d      0x1bc build/default/production/_ext/1865521619/plib_port.o
 .debug_loc     0x00000be9       0xb4 build/default/production/_ext/60180175/plib_rtc_timer.o
 .debug_loc     0x00000c9d      0x5fd build/default/production/_ext/17022449/plib_sercom6_spi_master.o
 .debug_loc     0x0000129a      0x27d build/default/production/_ext/1827571544/plib_systick.o
 .debug_loc     0x00001517       0x4a build/default/production/_ext/163028504/xc32_monitor.o
 .debug_loc     0x00001561       0x45 build/default/production/_ext/1171490990/initialization.o
 .debug_loc     0x000015a6       0x4a build/default/production/_ext/1171490990/startup_xc32.o
 .debug_loc     0x000015f0       0x15 build/default/production/_ext/1171490990/libc_syscalls.o
 .debug_loc     0x00001605       0x86 build/default/production/_ext/1360937237/main.o
 .debug_loc     0x0000168b       0x14 /Applications/microchip/xc32/v4.10/bin/bin/../../lib/gcc/pic32c/8.3.1/../../../../pic32c/lib/thumb/v7e-m+fp/hard/libpic32c.a(data_init.o)
 .debug_loc     0x0000169f       0x51 /Applications/microchip/xc32/v4.10/bin/bin/../../lib/gcc/pic32c/8.3.1/../../../../pic32c/lib/thumb/v7e-m+fp/hard/libc-musl.a(__libc_start_main.o)
 .debug_loc     0x000016f0       0xea /Applications/microchip/xc32/v4.10/bin/bin/../../lib/gcc/pic32c/8.3.1/../../../../pic32c/lib/thumb/v7e-m+fp/hard/libc-musl.a(assert.o)
 .debug_loc     0x000017da       0x20 /Applications/microchip/xc32/v4.10/bin/bin/../../lib/gcc/pic32c/8.3.1/../../../../pic32c/lib/thumb/v7e-m+fp/hard/libc-musl.a(abort.o)
 .debug_loc     0x000017fa       0x8a /Applications/microchip/xc32/v4.10/bin/bin/../../lib/gcc/pic32c/8.3.1/../../../../pic32c/lib/thumb/v7e-m+fp/hard/libc-musl.a(fprintf.o)
 .debug_loc     0x00001884      0x1ef /Applications/microchip/xc32/v4.10/bin/bin/../../lib/gcc/pic32c/8.3.1/../../../../pic32c/lib/thumb/v7e-m+fp/hard/libc-musl.a(__fmt_d.o)
 .debug_loc     0x00001a73      0x10a /Applications/microchip/xc32/v4.10/bin/bin/../../lib/gcc/pic32c/8.3.1/../../../../pic32c/lib/thumb/v7e-m+fp/hard/libc-musl.a(__fmt_o.o)
 .debug_loc     0x00001b7d      0x157 /Applications/microchip/xc32/v4.10/bin/bin/../../lib/gcc/pic32c/8.3.1/../../../../pic32c/lib/thumb/v7e-m+fp/hard/libc-musl.a(__fmt_s.o)
 .debug_loc     0x00001cd4      0x2a2 /Applications/microchip/xc32/v4.10/bin/bin/../../lib/gcc/pic32c/8.3.1/../../../../pic32c/lib/thumb/v7e-m+fp/hard/libc-musl.a(__fmt_u.o)
 .debug_loc     0x00001f76      0x2a8 /Applications/microchip/xc32/v4.10/bin/bin/../../lib/gcc/pic32c/8.3.1/../../../../pic32c/lib/thumb/v7e-m+fp/hard/libc-musl.a(__fmt_x.o)
 .debug_loc     0x0000221e      0x638 /Applications/microchip/xc32/v4.10/bin/bin/../../lib/gcc/pic32c/8.3.1/../../../../pic32c/lib/thumb/v7e-m+fp/hard/libc-musl.a(__printf_core.o)
 .debug_loc     0x00002856       0xbf /Applications/microchip/xc32/v4.10/bin/bin/../../lib/gcc/pic32c/8.3.1/../../../../pic32c/lib/thumb/v7e-m+fp/hard/libc-musl.a(fflush.o)
 .debug_loc     0x00002915       0x20 /Applications/microchip/xc32/v4.10/bin/bin/../../lib/gcc/pic32c/8.3.1/../../../../pic32c/lib/thumb/v7e-m+fp/hard/libc-musl.a(stderr.o)
 .debug_loc     0x00002935       0x88 /Applications/microchip/xc32/v4.10/bin/bin/../../lib/gcc/pic32c/8.3.1/../../../../pic32c/lib/thumb/v7e-m+fp/hard/libc-musl.a(vfprintf.o)
 .debug_loc     0x000029bd       0xd8 /Applications/microchip/xc32/v4.10/bin/bin/../../lib/gcc/pic32c/8.3.1/../../../../pic32c/lib/thumb/v7e-m+fp/hard/libc-musl.a(atoi.o)
 .debug_loc     0x00002a95       0xba /Applications/microchip/xc32/v4.10/bin/bin/../../lib/gcc/pic32c/8.3.1/../../../../pic32c/lib/thumb/v7e-m+fp/hard/libc-musl.a(memcpy.o)
 .debug_loc     0x00002b4f       0x56 /Applications/microchip/xc32/v4.10/bin/bin/../../lib/gcc/pic32c/8.3.1/../../../../pic32c/lib/thumb/v7e-m+fp/hard/libc-musl.a(memset.o)
 .debug_loc     0x00002ba5       0x47 /Applications/microchip/xc32/v4.10/bin/bin/../../lib/gcc/pic32c/8.3.1/../../../../pic32c/lib/thumb/v7e-m+fp/hard/libc-musl.a(strlen.o)
 .debug_loc     0x00002bec       0x4a /Applications/microchip/xc32/v4.10/bin/bin/../../lib/gcc/pic32c/8.3.1/../../../../pic32c/lib/thumb/v7e-m+fp/hard/libc-musl.a(tolower.o)
 .debug_loc     0x00002c36       0x4a /Applications/microchip/xc32/v4.10/bin/bin/../../lib/gcc/pic32c/8.3.1/../../../../pic32c/lib/thumb/v7e-m+fp/hard/libc-musl.a(toupper.o)
 .debug_loc     0x00002c80       0x45 /Applications/microchip/xc32/v4.10/bin/bin/../../lib/gcc/pic32c/8.3.1/../../../../pic32c/lib/thumb/v7e-m+fp/hard/libc-musl.a(_Exit.o)
 .debug_loc     0x00002cc5       0xa6 /Applications/microchip/xc32/v4.10/bin/bin/../../lib/gcc/pic32c/8.3.1/../../../../pic32c/lib/thumb/v7e-m+fp/hard/libc-musl.a(__pop_float.o)
 .debug_loc     0x00002d6b      0x312 /Applications/microchip/xc32/v4.10/bin/bin/../../lib/gcc/pic32c/8.3.1/../../../../pic32c/lib/thumb/v7e-m+fp/hard/libc-musl.a(__pop_int.o)
 .debug_loc     0x0000307d      0x1db /Applications/microchip/xc32/v4.10/bin/bin/../../lib/gcc/pic32c/8.3.1/../../../../pic32c/lib/thumb/v7e-m+fp/hard/libc-musl.a(__pop_ptr.o)
 .debug_loc     0x00003258      0xac1 /Applications/microchip/xc32/v4.10/bin/bin/../../lib/gcc/pic32c/8.3.1/../../../../pic32c/lib/thumb/v7e-m+fp/hard/libc-musl.a(__fmt_a.o)
 .debug_loc     0x00003d19      0xa7e /Applications/microchip/xc32/v4.10/bin/bin/../../lib/gcc/pic32c/8.3.1/../../../../pic32c/lib/thumb/v7e-m+fp/hard/libc-musl.a(__fmt_fp.o)
 .debug_loc     0x00004797       0x20 /Applications/microchip/xc32/v4.10/bin/bin/../../lib/gcc/pic32c/8.3.1/../../../../pic32c/lib/thumb/v7e-m+fp/hard/libc-musl.a(__init_stdio.o)
 .debug_loc     0x000047b7      0x1a8 /Applications/microchip/xc32/v4.10/bin/bin/../../lib/gcc/pic32c/8.3.1/../../../../pic32c/lib/thumb/v7e-m+fp/hard/libc-musl.a(__out.o)
 .debug_loc     0x0000495f       0x67 /Applications/microchip/xc32/v4.10/bin/bin/../../lib/gcc/pic32c/8.3.1/../../../../pic32c/lib/thumb/v7e-m+fp/hard/libc-musl.a(strcpy.o)
 .debug_loc     0x000049c6       0x60 /Applications/microchip/xc32/v4.10/bin/bin/../../lib/gcc/pic32c/8.3.1/../../../../pic32c/lib/thumb/v7e-m+fp/hard/libc-musl.a(stpcpy.o)
 .debug_loc     0x00004a26      0xe79 /Applications/microchip/xc32/v4.10/bin/bin/../../lib/gcc/pic32c/8.3.1/thumb/v7e-m+fp/hard/libgcc.a(_udivmoddi4.o)
 .debug_loc     0x0000589f       0x8a /Applications/microchip/xc32/v4.10/bin/bin/../../lib/gcc/pic32c/8.3.1/../../../../pic32c/lib/thumb/v7e-m+fp/hard/libc-musl.a(sprintf.o)
 .debug_loc     0x00005929       0x6c /Applications/microchip/xc32/v4.10/bin/bin/../../lib/gcc/pic32c/8.3.1/../../../../pic32c/lib/thumb/v7e-m+fp/hard/libc-musl.a(vsprintf.o)
 .debug_loc     0x00005995       0xeb /Applications/microchip/xc32/v4.10/bin/bin/../../lib/gcc/pic32c/8.3.1/../../../../pic32c/lib/thumb/v7e-m+fp/hard/libc-musl.a(vsnprintf.o)

.note.GNU-stack
                0x00000000        0x0
 .note.GNU-stack
                0x00000000        0x0 /Applications/microchip/xc32/v4.10/bin/bin/../../lib/gcc/pic32c/8.3.1/../../../../pic32c/lib/thumb/v7e-m+fp/hard/libc-musl.a(__libc_start_main.o)
 .note.GNU-stack
                0x00000000        0x0 /Applications/microchip/xc32/v4.10/bin/bin/../../lib/gcc/pic32c/8.3.1/../../../../pic32c/lib/thumb/v7e-m+fp/hard/libc-musl.a(assert.o)
 .note.GNU-stack
                0x00000000        0x0 /Applications/microchip/xc32/v4.10/bin/bin/../../lib/gcc/pic32c/8.3.1/../../../../pic32c/lib/thumb/v7e-m+fp/hard/libc-musl.a(abort.o)
 .note.GNU-stack
                0x00000000        0x0 /Applications/microchip/xc32/v4.10/bin/bin/../../lib/gcc/pic32c/8.3.1/../../../../pic32c/lib/thumb/v7e-m+fp/hard/libc-musl.a(libc.o)
 .note.GNU-stack
                0x00000000        0x0 /Applications/microchip/xc32/v4.10/bin/bin/../../lib/gcc/pic32c/8.3.1/../../../../pic32c/lib/thumb/v7e-m+fp/hard/libc-musl.a(fprintf.o)
 .note.GNU-stack
                0x00000000        0x0 /Applications/microchip/xc32/v4.10/bin/bin/../../lib/gcc/pic32c/8.3.1/../../../../pic32c/lib/thumb/v7e-m+fp/hard/libc-musl.a(__fmt_d.o)
 .note.GNU-stack
                0x00000000        0x0 /Applications/microchip/xc32/v4.10/bin/bin/../../lib/gcc/pic32c/8.3.1/../../../../pic32c/lib/thumb/v7e-m+fp/hard/libc-musl.a(__fmt_o.o)
 .note.GNU-stack
                0x00000000        0x0 /Applications/microchip/xc32/v4.10/bin/bin/../../lib/gcc/pic32c/8.3.1/../../../../pic32c/lib/thumb/v7e-m+fp/hard/libc-musl.a(__fmt_s.o)
 .note.GNU-stack
                0x00000000        0x0 /Applications/microchip/xc32/v4.10/bin/bin/../../lib/gcc/pic32c/8.3.1/../../../../pic32c/lib/thumb/v7e-m+fp/hard/libc-musl.a(__fmt_u.o)
 .note.GNU-stack
                0x00000000        0x0 /Applications/microchip/xc32/v4.10/bin/bin/../../lib/gcc/pic32c/8.3.1/../../../../pic32c/lib/thumb/v7e-m+fp/hard/libc-musl.a(__fmt_x.o)
 .note.GNU-stack
                0x00000000        0x0 /Applications/microchip/xc32/v4.10/bin/bin/../../lib/gcc/pic32c/8.3.1/../../../../pic32c/lib/thumb/v7e-m+fp/hard/libc-musl.a(__printf_core.o)
 .note.GNU-stack
                0x00000000        0x0 /Applications/microchip/xc32/v4.10/bin/bin/../../lib/gcc/pic32c/8.3.1/../../../../pic32c/lib/thumb/v7e-m+fp/hard/libc-musl.a(fflush.o)
 .note.GNU-stack
                0x00000000        0x0 /Applications/microchip/xc32/v4.10/bin/bin/../../lib/gcc/pic32c/8.3.1/../../../../pic32c/lib/thumb/v7e-m+fp/hard/libc-musl.a(stderr.o)
 .note.GNU-stack
                0x00000000        0x0 /Applications/microchip/xc32/v4.10/bin/bin/../../lib/gcc/pic32c/8.3.1/../../../../pic32c/lib/thumb/v7e-m+fp/hard/libc-musl.a(vfprintf.o)
 .note.GNU-stack
                0x00000000        0x0 /Applications/microchip/xc32/v4.10/bin/bin/../../lib/gcc/pic32c/8.3.1/../../../../pic32c/lib/thumb/v7e-m+fp/hard/libc-musl.a(atoi.o)
 .note.GNU-stack
                0x00000000        0x0 /Applications/microchip/xc32/v4.10/bin/bin/../../lib/gcc/pic32c/8.3.1/../../../../pic32c/lib/thumb/v7e-m+fp/hard/libc-musl.a(memcpy.o)
 .note.GNU-stack
                0x00000000        0x0 /Applications/microchip/xc32/v4.10/bin/bin/../../lib/gcc/pic32c/8.3.1/../../../../pic32c/lib/thumb/v7e-m+fp/hard/libc-musl.a(memset.o)
 .note.GNU-stack
                0x00000000        0x0 /Applications/microchip/xc32/v4.10/bin/bin/../../lib/gcc/pic32c/8.3.1/../../../../pic32c/lib/thumb/v7e-m+fp/hard/libc-musl.a(strlen.o)
 .note.GNU-stack
                0x00000000        0x0 /Applications/microchip/xc32/v4.10/bin/bin/../../lib/gcc/pic32c/8.3.1/../../../../pic32c/lib/thumb/v7e-m+fp/hard/libc-musl.a(tolower.o)
 .note.GNU-stack
                0x00000000        0x0 /Applications/microchip/xc32/v4.10/bin/bin/../../lib/gcc/pic32c/8.3.1/../../../../pic32c/lib/thumb/v7e-m+fp/hard/libc-musl.a(toupper.o)
 .note.GNU-stack
                0x00000000        0x0 /Applications/microchip/xc32/v4.10/bin/bin/../../lib/gcc/pic32c/8.3.1/../../../../pic32c/lib/thumb/v7e-m+fp/hard/libc-musl.a(__environ.o)
 .note.GNU-stack
                0x00000000        0x0 /Applications/microchip/xc32/v4.10/bin/bin/../../lib/gcc/pic32c/8.3.1/../../../../pic32c/lib/thumb/v7e-m+fp/hard/libc-musl.a(__errno_location.o)