Archive member included to satisfy reference by file (symbol)

/Applications/microchip/xc32/v4.10/bin/bin/../../lib/gcc/pic32c/8.3.1/../../../../pic32c/lib/thumb/v7e-m+fp/hard/libpic32c.a(data_init.o)
                              build/default/production/_ext/1171490990/startup_xc32.o (__pic32c_data_initialization)
/Applications/microchip/xc32/v4.10/bin/bin/../../lib/gcc/pic32c/8.3.1/../../../../pic32c/lib/thumb/v7e-m+fp/hard/libc-musl.a(__libc_start_main.o)
                              build/default/production/_ext/1171490990/startup_xc32.o (__libc_init_array)
/Applications/microchip/xc32/v4.10/bin/bin/../../lib/gcc/pic32c/8.3.1/../../../../pic32c/lib/thumb/v7e-m+fp/hard/libc-musl.a(libc.o)
                              /Applications/microchip/xc32/v4.10/bin/bin/../../lib/gcc/pic32c/8.3.1/../../../../pic32c/lib/thumb/v7e-m+fp/hard/libc-musl.a(__libc_start_main.o) (__progname_full)
/Applications/microchip/xc32/v4.10/bin/bin/../../lib/gcc/pic32c/8.3.1/../../../../pic32c/lib/thumb/v7e-m+fp/hard/libc-musl.a(memcpy.o)
                              build/default/production/_ext/1593096446/plib_nvmctrl.o (memcpy)
/Applications/microchip/xc32/v4.10/bin/bin/../../lib/gcc/pic32c/8.3.1/../../../../pic32c/lib/thumb/v7e-m+fp/hard/libc-musl.a(__environ.o)
                              /Applications/microchip/xc32/v4.10/bin/bin/../../lib/gcc/pic32c/8.3.1/../../../../pic32c/lib/thumb/v7e-m+fp/hard/libc-musl.a(__libc_start_main.o) (__environ)

Microchip PIC32 Memory-Usage Report

ROM Program-Memory Usage
section                    address  length [bytes]      (dec)  Description
-------                 ----------  -------------------------  -----------
.vectors                         0          0x264         612   
.text                        0x264           0x20          32  App's exec code 
.text.SERCOM6_SPI_Inter      0x284          0x16c         364   
.text.CLOCK_Initialize       0x3f0           0xd4         212   
.text.Reset_Handler          0x4c4           0x88         136   
.text.__pic32c_data_ini      0x54c           0x88         136   
.text.PORT_Initialize        0x5d4           0x78         120   
.text.NVIC_Initialize        0x64c           0x70         112   
.dinit                       0x6bc           0x60          96   
.text.__libc_start_init      0x71c           0x5c          92   
.text.RTC_Initialize         0x778           0x48          72   
.text                        0x7c0           0x40          64  App's exec code 
.text.SERCOM6_SPI_Initi      0x800           0x3c          60   
.text.RTC_InterruptHand      0x83c           0x28          40   
.text.SYS_Initialize         0x864           0x24          36   
.text.NVMCTRL_Initializ      0x888           0x10          16   
.text.BSP_Initialize         0x898           0x10          16   
.text.main                   0x8a8            0xa          10   
.text.EVSYS_Initialize       0x8b2            0x2           2   
.text.Dummy_Handler          0x8b4            0x2           2   
.text.NonMaskableInt_Ha      0x8b6            0x2           2   
.text.HardFault_Handler      0x8b8            0x2           2   
.text.DebugMonitor_Hand      0x8ba            0x2           2   
.text.MemoryManagement_      0x8bc            0x2           2   
.text.BusFault_Handler       0x8be            0x2           2   
.text.UsageFault_Handle      0x8c0            0x2           2   
.text.Dummy_App_Func         0x8c2            0x2           2   
.text.__dummy                0x8c4            0x2           2   
      Total ROM used  :       0x8c6        2246  0.2% of 0x100000
        --------------------------------------------------------------------------
         Total Program Memory used  :       0x8c6        2246  0.2% of 0x100000
        --------------------------------------------------------------------------


RAM Data-Memory Usage
section                    address  length [bytes]      (dec)  Description
-------                 ----------  -------------------------  -----------
.bss                    0x20000000           0x50          80  Uninitialized data 
.bss.sercom6SPIObj      0x20000050           0x2c          44   
.bss                    0x2000007c           0x1c          28  Uninitialized data 
.bss.rtcObj             0x20000098            0xc          12   
.bss                    0x200000a4            0x8           8  Uninitialized data 
.bss.isLastByteTransfer 0x200000ac            0x1           1   
         Total RAM used  :        0xad         173  0.1% of 0x40000
        --------------------------------------------------------------------------
            Total Data Memory used  :        0xad         173  0.1% of 0x40000
        --------------------------------------------------------------------------


Dynamic Data-Memory Reservation
section                    address  length [bytes]      (dec)  Description
-------                 ----------  -------------------------  -----------
heap                    0x200000b0          0x200         512  Reserved for heap 
stack                   0x200002c8        0x3fd28      261416  Reserved for stack 

        --------------------------------------------------------------------------

Discarded input sections

 .text          0x00000000        0x0 /Applications/microchip/xc32/v4.10/bin/bin/../../lib/gcc/pic32c/8.3.1/thumb/v7e-m+fp/hard/crti.o
 .data          0x00000000        0x0 /Applications/microchip/xc32/v4.10/bin/bin/../../lib/gcc/pic32c/8.3.1/thumb/v7e-m+fp/hard/crti.o
 .bss           0x00000000        0x0 /Applications/microchip/xc32/v4.10/bin/bin/../../lib/gcc/pic32c/8.3.1/thumb/v7e-m+fp/hard/crti.o
 .xc_stack_usage.hdr
                0x00000000        0xe /Applications/microchip/xc32/v4.10/bin/bin/../../lib/gcc/pic32c/8.3.1/thumb/v7e-m+fp/hard/crti.o
 .xc_stack_usage
                0x00000000       0x26 /Applications/microchip/xc32/v4.10/bin/bin/../../lib/gcc/pic32c/8.3.1/thumb/v7e-m+fp/hard/crti.o
 .data          0x00000000        0x4 /Applications/microchip/xc32/v4.10/bin/bin/../../lib/gcc/pic32c/8.3.1/thumb/v7e-m+fp/hard/crtbegin.o
 .xc_stack_usage
                0x00000000       0x3c /Applications/microchip/xc32/v4.10/bin/bin/../../lib/gcc/pic32c/8.3.1/thumb/v7e-m+fp/hard/crtbegin.o
 .xc_stack_usage.hdr
                0x00000000        0xe /Applications/microchip/xc32/v4.10/bin/bin/../../lib/gcc/pic32c/8.3.1/thumb/v7e-m+fp/hard/crtbegin.o
 .text          0x00000000        0x0 build/default/production/_ext/1593096446/plib_nvmctrl.o
 .data          0x00000000        0x0 build/default/production/_ext/1593096446/plib_nvmctrl.o
 .bss           0x00000000        0x0 build/default/production/_ext/1593096446/plib_nvmctrl.o
 .text.NVMCTRL_Read
                0x00000000       0x10 build/default/production/_ext/1593096446/plib_nvmctrl.o
 .text.NVMCTRL_SetWriteMode
                0x00000000       0x14 build/default/production/_ext/1593096446/plib_nvmctrl.o
 .text.NVMCTRL_QuadWordWrite
                0x00000000       0x4c build/default/production/_ext/1593096446/plib_nvmctrl.o
 .text.NVMCTRL_DoubleWordWrite
                0x00000000       0x40 build/default/production/_ext/1593096446/plib_nvmctrl.o
 .text.NVMCTRL_PageBufferWrite
                0x00000000       0x2c build/default/production/_ext/1593096446/plib_nvmctrl.o
 .text.NVMCTRL_PageBufferCommit
                0x00000000       0x28 build/default/production/_ext/1593096446/plib_nvmctrl.o
 .text.NVMCTRL_PageWrite
                0x00000000       0x40 build/default/production/_ext/1593096446/plib_nvmctrl.o
 .text.NVMCTRL_BlockErase
                0x00000000       0x1c build/default/production/_ext/1593096446/plib_nvmctrl.o
 .text.NVMCTRL_USER_ROW_RowErase
                0x00000000       0x30 build/default/production/_ext/1593096446/plib_nvmctrl.o
 .text.NVMCTRL_ErrorGet
                0x00000000       0x20 build/default/production/_ext/1593096446/plib_nvmctrl.o
 .text.NVMCTRL_StatusGet
                0x00000000        0xc build/default/production/_ext/1593096446/plib_nvmctrl.o
 .text.NVMCTRL_IsBusy
                0x00000000       0x14 build/default/production/_ext/1593096446/plib_nvmctrl.o
 .text.NVMCTRL_USER_ROW_PageWrite
                0x00000000       0x6c build/default/production/_ext/1593096446/plib_nvmctrl.o
 .text.NVMCTRL_RegionLock
                0x00000000       0x10 build/default/production/_ext/1593096446/plib_nvmctrl.o
 .text.NVMCTRL_RegionUnlock
                0x00000000       0x10 build/default/production/_ext/1593096446/plib_nvmctrl.o
 .text.NVMCTRL_RegionLockStatusGet
                0x00000000        0xc build/default/production/_ext/1593096446/plib_nvmctrl.o
 .text.NVMCTRL_SecurityBitSet
                0x00000000       0x10 build/default/production/_ext/1593096446/plib_nvmctrl.o
 .text.NVMCTRL_SmartEEPROM_IsBusy
                0x00000000       0x10 build/default/production/_ext/1593096446/plib_nvmctrl.o
 .text.NVMCTRL_SmartEEPROMStatusGet
                0x00000000        0xc build/default/production/_ext/1593096446/plib_nvmctrl.o
 .text.NVMCTRL_SmartEEPROM_IsActiveSectorFull
                0x00000000       0x10 build/default/production/_ext/1593096446/plib_nvmctrl.o
 .text.NVMCTRL_BankSwap
                0x00000000       0x10 build/default/production/_ext/1593096446/plib_nvmctrl.o
 .text.NVMCTRL_SmartEEPROMSectorReallocate
                0x00000000       0x10 build/default/production/_ext/1593096446/plib_nvmctrl.o
 .text.NVMCTRL_SmartEEPROMFlushPageBuffer
                0x00000000       0x18 build/default/production/_ext/1593096446/plib_nvmctrl.o
 .bss.nvm_error
                0x00000000        0x2 build/default/production/_ext/1593096446/plib_nvmctrl.o
 .text          0x00000000        0x0 build/default/production/_ext/1434821282/bsp.o
 .data          0x00000000        0x0 build/default/production/_ext/1434821282/bsp.o
 .bss           0x00000000        0x0 build/default/production/_ext/1434821282/bsp.o
 .text          0x00000000        0x0 build/default/production/_ext/1986646378/plib_evsys.o
 .data          0x00000000        0x0 build/default/production/_ext/1986646378/plib_evsys.o
 .bss           0x00000000        0x0 build/default/production/_ext/1986646378/plib_evsys.o
 .text          0x00000000        0x0 build/default/production/_ext/17022449/plib_sercom6_spi_master.o
 .data          0x00000000        0x0 build/default/production/_ext/17022449/plib_sercom6_spi_master.o
 .bss           0x00000000        0x0 build/default/production/_ext/17022449/plib_sercom6_spi_master.o
 .text.SERCOM6_SPI_TransferSetup
                0x00000000       0x9c build/default/production/_ext/17022449/plib_sercom6_spi_master.o
 .text.SERCOM6_SPI_CallbackRegister
                0x00000000        0xc build/default/production/_ext/17022449/plib_sercom6_spi_master.o
 .text.SERCOM6_SPI_IsBusy
                0x00000000       0x2c build/default/production/_ext/17022449/plib_sercom6_spi_master.o
 .text.SERCOM6_SPI_IsTransmitterBusy
                0x00000000       0x14 build/default/production/_ext/17022449/plib_sercom6_spi_master.o
 .text.SERCOM6_SPI_WriteRead
                0x00000000      0x130 build/default/production/_ext/17022449/plib_sercom6_spi_master.o
 .text.SERCOM6_SPI_Write
                0x00000000        0xc build/default/production/_ext/17022449/plib_sercom6_spi_master.o
 .text.SERCOM6_SPI_Read
                0x00000000       0x10 build/default/production/_ext/17022449/plib_sercom6_spi_master.o
 .text          0x00000000        0x0 build/default/production/_ext/1360937237/main.o
 .data          0x00000000        0x0 build/default/production/_ext/1360937237/main.o
 .bss           0x00000000        0x0 build/default/production/_ext/1360937237/main.o
 .text          0x00000000        0x0 build/default/production/_ext/1171490990/initialization.o
 .data          0x00000000        0x0 build/default/production/_ext/1171490990/initialization.o
 .bss           0x00000000        0x0 build/default/production/_ext/1171490990/initialization.o
 .text          0x00000000        0x0 build/default/production/_ext/1171490990/interrupts.o
 .data          0x00000000        0x0 build/default/production/_ext/1171490990/interrupts.o
 .bss           0x00000000        0x0 build/default/production/_ext/1171490990/interrupts.o
 .text          0x00000000        0x0 build/default/production/_ext/1171490990/exceptions.o
 .data          0x00000000        0x0 build/default/production/_ext/1171490990/exceptions.o
 .bss           0x00000000        0x0 build/default/production/_ext/1171490990/exceptions.o
 .text          0x00000000        0x0 build/default/production/_ext/163028504/xc32_monitor.o
 .data          0x00000000        0x0 build/default/production/_ext/163028504/xc32_monitor.o
 .bss           0x00000000        0x0 build/default/production/_ext/163028504/xc32_monitor.o
 .text.read     0x00000000        0x6 build/default/production/_ext/163028504/xc32_monitor.o
 .text.write    0x00000000        0x6 build/default/production/_ext/163028504/xc32_monitor.o
 .debug_info    0x00000000      0x345 build/default/production/_ext/163028504/xc32_monitor.o
 .debug_abbrev  0x00000000       0x96 build/default/production/_ext/163028504/xc32_monitor.o
 .debug_loc     0x00000000       0x4a build/default/production/_ext/163028504/xc32_monitor.o
 .debug_aranges
                0x00000000       0x28 build/default/production/_ext/163028504/xc32_monitor.o
 .debug_ranges  0x00000000       0x18 build/default/production/_ext/163028504/xc32_monitor.o
 .debug_line    0x00000000       0xc7 build/default/production/_ext/163028504/xc32_monitor.o
 .debug_str     0x00000000        0x0 build/default/production/_ext/163028504/xc32_monitor.o
 .comment       0x00000000       0x2c build/default/production/_ext/163028504/xc32_monitor.o
 .debug_frame   0x00000000       0x30 build/default/production/_ext/163028504/xc32_monitor.o
 .ARM.attributes
                0x00000000       0x34 build/default/production/_ext/163028504/xc32_monitor.o
 .text          0x00000000        0x0 build/default/production/_ext/1865521619/plib_port.o
 .data          0x00000000        0x0 build/default/production/_ext/1865521619/plib_port.o
 .bss           0x00000000        0x0 build/default/production/_ext/1865521619/plib_port.o
 .text.PORT_GroupRead
                0x00000000        0x4 build/default/production/_ext/1865521619/plib_port.o
 .text.PORT_GroupWrite
                0x00000000        0xc build/default/production/_ext/1865521619/plib_port.o
 .text.PORT_GroupLatchRead
                0x00000000        0x4 build/default/production/_ext/1865521619/plib_port.o
 .text.PORT_GroupSet
                0x00000000        0x4 build/default/production/_ext/1865521619/plib_port.o
 .text.PORT_GroupClear
                0x00000000        0x4 build/default/production/_ext/1865521619/plib_port.o
 .text.PORT_GroupToggle
                0x00000000        0x4 build/default/production/_ext/1865521619/plib_port.o
 .text.PORT_GroupInputEnable
                0x00000000        0x4 build/default/production/_ext/1865521619/plib_port.o
 .text.PORT_GroupOutputEnable
                0x00000000        0x4 build/default/production/_ext/1865521619/plib_port.o
 .text.PORT_PinPeripheralFunctionConfig
                0x00000000       0x4a build/default/production/_ext/1865521619/plib_port.o
 .text.PORT_PinGPIOConfig
                0x00000000       0x20 build/default/production/_ext/1865521619/plib_port.o
 .text          0x00000000        0x0 build/default/production/_ext/1984496892/plib_clock.o
 .data          0x00000000        0x0 build/default/production/_ext/1984496892/plib_clock.o
 .bss           0x00000000        0x0 build/default/production/_ext/1984496892/plib_clock.o
 .text          0x00000000        0x0 build/default/production/_ext/1865468468/plib_nvic.o
 .data          0x00000000        0x0 build/default/production/_ext/1865468468/plib_nvic.o
 .bss           0x00000000        0x0 build/default/production/_ext/1865468468/plib_nvic.o
 .text.NVIC_INT_Enable
                0x00000000        0x8 build/default/production/_ext/1865468468/plib_nvic.o
 .text.NVIC_INT_Disable
                0x00000000       0x12 build/default/production/_ext/1865468468/plib_nvic.o
 .text.NVIC_INT_Restore
                0x00000000       0x12 build/default/production/_ext/1865468468/plib_nvic.o
 .text          0x00000000        0x0 build/default/production/_ext/1865131932/plib_cmcc.o
 .data          0x00000000        0x0 build/default/production/_ext/1865131932/plib_cmcc.o
 .bss           0x00000000        0x0 build/default/production/_ext/1865131932/plib_cmcc.o
 .text.CMCC_Disable
                0x00000000       0x18 build/default/production/_ext/1865131932/plib_cmcc.o
 .text.CMCC_EnableICache
                0x00000000       0x28 build/default/production/_ext/1865131932/plib_cmcc.o
 .text.CMCC_DisableICache
                0x00000000       0x28 build/default/production/_ext/1865131932/plib_cmcc.o
 .text.CMCC_EnableDCache
                0x00000000       0x28 build/default/production/_ext/1865131932/plib_cmcc.o
 .text.CMCC_DisableDCache
                0x00000000       0x28 build/default/production/_ext/1865131932/plib_cmcc.o
 .text.CMCC_InvalidateAll
                0x00000000       0x20 build/default/production/_ext/1865131932/plib_cmcc.o
 .debug_info    0x00000000      0x54e build/default/production/_ext/1865131932/plib_cmcc.o
 .debug_abbrev  0x00000000       0x99 build/default/production/_ext/1865131932/plib_cmcc.o
 .debug_aranges
                0x00000000       0x48 build/default/production/_ext/1865131932/plib_cmcc.o
 .debug_ranges  0x00000000       0x38 build/default/production/_ext/1865131932/plib_cmcc.o
 .debug_line    0x00000000      0x204 build/default/production/_ext/1865131932/plib_cmcc.o
 .debug_str     0x00000000        0x0 build/default/production/_ext/1865131932/plib_cmcc.o
 .comment       0x00000000       0x2c build/default/production/_ext/1865131932/plib_cmcc.o
 .debug_frame   0x00000000       0x70 build/default/production/_ext/1865131932/plib_cmcc.o
 .ARM.attributes
                0x00000000       0x34 build/default/production/_ext/1865131932/plib_cmcc.o
 .text          0x00000000        0x0 build/default/production/_ext/1171490990/startup_xc32.o
 .data          0x00000000        0x0 build/default/production/_ext/1171490990/startup_xc32.o
 .bss           0x00000000        0x0 build/default/production/_ext/1171490990/startup_xc32.o
 .text          0x00000000        0x0 build/default/production/_ext/1171490990/libc_syscalls.o
 .data          0x00000000        0x0 build/default/production/_ext/1171490990/libc_syscalls.o
 .bss           0x00000000        0x0 build/default/production/_ext/1171490990/libc_syscalls.o
 .text._exit    0x00000000        0x2 build/default/production/_ext/1171490990/libc_syscalls.o
 .debug_info    0x00000000      0x32c build/default/production/_ext/1171490990/libc_syscalls.o
 .debug_abbrev  0x00000000       0x52 build/default/production/_ext/1171490990/libc_syscalls.o
 .debug_loc     0x00000000       0x15 build/default/production/_ext/1171490990/libc_syscalls.o
 .debug_aranges
                0x00000000       0x20 build/default/production/_ext/1171490990/libc_syscalls.o
 .debug_ranges  0x00000000       0x10 build/default/production/_ext/1171490990/libc_syscalls.o
 .debug_line    0x00000000       0x5b build/default/production/_ext/1171490990/libc_syscalls.o
 .debug_str     0x00000000        0x0 build/default/production/_ext/1171490990/libc_syscalls.o
 .comment       0x00000000       0x2c build/default/production/_ext/1171490990/libc_syscalls.o
 .debug_frame   0x00000000       0x20 build/default/production/_ext/1171490990/libc_syscalls.o
 .ARM.attributes
                0x00000000       0x34 build/default/production/_ext/1171490990/libc_syscalls.o
 .text          0x00000000        0x0 build/default/production/_ext/60180175/plib_rtc_timer.o
 .data          0x00000000        0x0 build/default/production/_ext/60180175/plib_rtc_timer.o
 .bss           0x00000000        0x0 build/default/production/_ext/60180175/plib_rtc_timer.o
 .text.RTC_Timer32CountSyncEnable
                0x00000000       0x18 build/default/production/_ext/60180175/plib_rtc_timer.o
 .text.RTC_Timer32CountSyncDisable
                0x00000000       0x18 build/default/production/_ext/60180175/plib_rtc_timer.o
 .text.RTC_Timer32Start
                0x00000000       0x18 build/default/production/_ext/60180175/plib_rtc_timer.o
 .text.RTC_Timer32Stop
                0x00000000       0x1c build/default/production/_ext/60180175/plib_rtc_timer.o
 .text.RTC_Timer32CounterSet
                0x00000000       0x14 build/default/production/_ext/60180175/plib_rtc_timer.o
 .text.RTC_Timer32Compare0Set
                0x00000000       0x14 build/default/production/_ext/60180175/plib_rtc_timer.o
 .text.RTC_Timer32Compare1Set
                0x00000000       0x14 build/default/production/_ext/60180175/plib_rtc_timer.o
 .text.RTC_Timer32CounterGet
                0x00000000       0x30 build/default/production/_ext/60180175/plib_rtc_timer.o
 .text.RTC_Timer32PeriodGet
                0x00000000        0x6 build/default/production/_ext/60180175/plib_rtc_timer.o
 .text.RTC_Timer32FrequencyGet
                0x00000000        0x4 build/default/production/_ext/60180175/plib_rtc_timer.o
 .text.RTC_Timer32InterruptEnable
                0x00000000        0xc build/default/production/_ext/60180175/plib_rtc_timer.o
 .text.RTC_Timer32InterruptDisable
                0x00000000        0xc build/default/production/_ext/60180175/plib_rtc_timer.o
 .text.RTC_BackupRegisterSet
                0x00000000       0x10 build/default/production/_ext/60180175/plib_rtc_timer.o
 .text.RTC_BackupRegisterGet
                0x00000000       0x10 build/default/production/_ext/60180175/plib_rtc_timer.o
 .text.RTC_TamperSourceGet
                0x00000000        0xc build/default/production/_ext/60180175/plib_rtc_timer.o
 .text.RTC_Timer32TimeStampGet
                0x00000000        0xc build/default/production/_ext/60180175/plib_rtc_timer.o
 .text.RTC_Timer32CallbackRegister
                0x00000000        0xc build/default/production/_ext/60180175/plib_rtc_timer.o
 .text          0x00000000        0x0 /Applications/microchip/xc32/v4.10/bin/bin/../../lib/gcc/pic32c/8.3.1/../../../../pic32c/lib/thumb/v7e-m+fp/hard/libpic32c.a(data_init.o)
 .data          0x00000000        0x0 /Applications/microchip/xc32/v4.10/bin/bin/../../lib/gcc/pic32c/8.3.1/../../../../pic32c/lib/thumb/v7e-m+fp/hard/libpic32c.a(data_init.o)
 .xc_stack_usage
                0x00000000       0x2a /Applications/microchip/xc32/v4.10/bin/bin/../../lib/gcc/pic32c/8.3.1/../../../../pic32c/lib/thumb/v7e-m+fp/hard/libpic32c.a(data_init.o)
 .xc_stack_usage.hdr
                0x00000000        0xe /Applications/microchip/xc32/v4.10/bin/bin/../../lib/gcc/pic32c/8.3.1/../../../../pic32c/lib/thumb/v7e-m+fp/hard/libpic32c.a(data_init.o)
 .text          0x00000000        0x0 /Applications/microchip/xc32/v4.10/bin/bin/../../lib/gcc/pic32c/8.3.1/../../../../pic32c/lib/thumb/v7e-m+fp/hard/libc-musl.a(__libc_start_main.o)
 .data          0x00000000        0x0 /Applications/microchip/xc32/v4.10/bin/bin/../../lib/gcc/pic32c/8.3.1/../../../../pic32c/lib/thumb/v7e-m+fp/hard/libc-musl.a(__libc_start_main.o)
 .bss           0x00000000        0x0 /Applications/microchip/xc32/v4.10/bin/bin/../../lib/gcc/pic32c/8.3.1/../../../../pic32c/lib/thumb/v7e-m+fp/hard/libc-musl.a(__libc_start_main.o)
 .xc_stack_usage
                0x00000000       0x34 /Applications/microchip/xc32/v4.10/bin/bin/../../lib/gcc/pic32c/8.3.1/../../../../pic32c/lib/thumb/v7e-m+fp/hard/libc-musl.a(__libc_start_main.o)
 .xc_stack_usage.hdr
                0x00000000        0xe /Applications/microchip/xc32/v4.10/bin/bin/../../lib/gcc/pic32c/8.3.1/../../../../pic32c/lib/thumb/v7e-m+fp/hard/libc-musl.a(__libc_start_main.o)
 .text          0x00000000        0x0 /Applications/microchip/xc32/v4.10/bin/bin/../../lib/gcc/pic32c/8.3.1/../../../../pic32c/lib/thumb/v7e-m+fp/hard/libc-musl.a(libc.o)
 .data          0x00000000        0x0 /Applications/microchip/xc32/v4.10/bin/bin/../../lib/gcc/pic32c/8.3.1/../../../../pic32c/lib/thumb/v7e-m+fp/hard/libc-musl.a(libc.o)
 .xc_stack_usage.hdr
                0x00000000        0xe /Applications/microchip/xc32/v4.10/bin/bin/../../lib/gcc/pic32c/8.3.1/../../../../pic32c/lib/thumb/v7e-m+fp/hard/libc-musl.a(libc.o)
 .text          0x00000000        0x0 /Applications/microchip/xc32/v4.10/bin/bin/../../lib/gcc/pic32c/8.3.1/../../../../pic32c/lib/thumb/v7e-m+fp/hard/libc-musl.a(memcpy.o)
 .data          0x00000000        0x0 /Applications/microchip/xc32/v4.10/bin/bin/../../lib/gcc/pic32c/8.3.1/../../../../pic32c/lib/thumb/v7e-m+fp/hard/libc-musl.a(memcpy.o)
 .bss           0x00000000        0x0 /Applications/microchip/xc32/v4.10/bin/bin/../../lib/gcc/pic32c/8.3.1/../../../../pic32c/lib/thumb/v7e-m+fp/hard/libc-musl.a(memcpy.o)
 .xc_stack_usage
                0x00000000       0x14 /Applications/microchip/xc32/v4.10/bin/bin/../../lib/gcc/pic32c/8.3.1/../../../../pic32c/lib/thumb/v7e-m+fp/hard/libc-musl.a(memcpy.o)
 .text.memcpy   0x00000000       0x16 /Applications/microchip/xc32/v4.10/bin/bin/../../lib/gcc/pic32c/8.3.1/../../../../pic32c/lib/thumb/v7e-m+fp/hard/libc-musl.a(memcpy.o)
 .xc_stack_usage.hdr
                0x00000000        0xe /Applications/microchip/xc32/v4.10/bin/bin/../../lib/gcc/pic32c/8.3.1/../../../../pic32c/lib/thumb/v7e-m+fp/hard/libc-musl.a(memcpy.o)
 .debug_info    0x00000000      0x2fb /Applications/microchip/xc32/v4.10/bin/bin/../../lib/gcc/pic32c/8.3.1/../../../../pic32c/lib/thumb/v7e-m+fp/hard/libc-musl.a(memcpy.o)
 .debug_abbrev  0x00000000       0x9c /Applications/microchip/xc32/v4.10/bin/bin/../../lib/gcc/pic32c/8.3.1/../../../../pic32c/lib/thumb/v7e-m+fp/hard/libc-musl.a(memcpy.o)
 .debug_loc     0x00000000       0xba /Applications/microchip/xc32/v4.10/bin/bin/../../lib/gcc/pic32c/8.3.1/../../../../pic32c/lib/thumb/v7e-m+fp/hard/libc-musl.a(memcpy.o)
 .debug_aranges
                0x00000000       0x20 /Applications/microchip/xc32/v4.10/bin/bin/../../lib/gcc/pic32c/8.3.1/../../../../pic32c/lib/thumb/v7e-m+fp/hard/libc-musl.a(memcpy.o)
 .debug_ranges  0x00000000       0x10 /Applications/microchip/xc32/v4.10/bin/bin/../../lib/gcc/pic32c/8.3.1/../../../../pic32c/lib/thumb/v7e-m+fp/hard/libc-musl.a(memcpy.o)
 .debug_line    0x00000000       0xf4 /Applications/microchip/xc32/v4.10/bin/bin/../../lib/gcc/pic32c/8.3.1/../../../../pic32c/lib/thumb/v7e-m+fp/hard/libc-musl.a(memcpy.o)
 .debug_str     0x00000000        0x0 /Applications/microchip/xc32/v4.10/bin/bin/../../lib/gcc/pic32c/8.3.1/../../../../pic32c/lib/thumb/v7e-m+fp/hard/libc-musl.a(memcpy.o)
 .comment       0x00000000       0x2c /Applications/microchip/xc32/v4.10/bin/bin/../../lib/gcc/pic32c/8.3.1/../../../../pic32c/lib/thumb/v7e-m+fp/hard/libc-musl.a(memcpy.o)
 .note.GNU-stack
                0x00000000        0x0 /Applications/microchip/xc32/v4.10/bin/bin/../../lib/gcc/pic32c/8.3.1/../../../../pic32c/lib/thumb/v7e-m+fp/hard/libc-musl.a(memcpy.o)
 .debug_frame   0x00000000       0x28 /Applications/microchip/xc32/v4.10/bin/bin/../../lib/gcc/pic32c/8.3.1/../../../../pic32c/lib/thumb/v7e-m+fp/hard/libc-musl.a(memcpy.o)
 .ARM.attributes
                0x00000000       0x36 /Applications/microchip/xc32/v4.10/bin/bin/../../lib/gcc/pic32c/8.3.1/../../../../pic32c/lib/thumb/v7e-m+fp/hard/libc-musl.a(memcpy.o)
 .text          0x00000000        0x0 /Applications/microchip/xc32/v4.10/bin/bin/../../lib/gcc/pic32c/8.3.1/../../../../pic32c/lib/thumb/v7e-m+fp/hard/libc-musl.a(__environ.o)
 .data          0x00000000        0x0 /Applications/microchip/xc32/v4.10/bin/bin/../../lib/gcc/pic32c/8.3.1/../../../../pic32c/lib/thumb/v7e-m+fp/hard/libc-musl.a(__environ.o)
 .xc_stack_usage.hdr
                0x00000000        0xe /Applications/microchip/xc32/v4.10/bin/bin/../../lib/gcc/pic32c/8.3.1/../../../../pic32c/lib/thumb/v7e-m+fp/hard/libc-musl.a(__environ.o)
 .text          0x00000000        0x0 /Applications/microchip/xc32/v4.10/bin/bin/../../lib/gcc/pic32c/8.3.1/thumb/v7e-m+fp/hard/crtend.o
 .data          0x00000000        0x0 /Applications/microchip/xc32/v4.10/bin/bin/../../lib/gcc/pic32c/8.3.1/thumb/v7e-m+fp/hard/crtend.o
 .bss           0x00000000        0x0 /Applications/microchip/xc32/v4.10/bin/bin/../../lib/gcc/pic32c/8.3.1/thumb/v7e-m+fp/hard/crtend.o
 .eh_frame      0x00000000        0x4 /Applications/microchip/xc32/v4.10/bin/bin/../../lib/gcc/pic32c/8.3.1/thumb/v7e-m+fp/hard/crtend.o
 .xc_stack_usage.hdr
                0x00000000        0xe /Applications/microchip/xc32/v4.10/bin/bin/../../lib/gcc/pic32c/8.3.1/thumb/v7e-m+fp/hard/crtend.o
 .comment       0x00000000       0x2c /Applications/microchip/xc32/v4.10/bin/bin/../../lib/gcc/pic32c/8.3.1/thumb/v7e-m+fp/hard/crtend.o
 .ARM.attributes
                0x00000000       0x32 /Applications/microchip/xc32/v4.10/bin/bin/../../lib/gcc/pic32c/8.3.1/thumb/v7e-m+fp/hard/crtend.o
 .text          0x00000000        0x0 /Applications/microchip/xc32/v4.10/bin/bin/../../lib/gcc/pic32c/8.3.1/thumb/v7e-m+fp/hard/crtn.o
 .data          0x00000000        0x0 /Applications/microchip/xc32/v4.10/bin/bin/../../lib/gcc/pic32c/8.3.1/thumb/v7e-m+fp/hard/crtn.o
 .bss           0x00000000        0x0 /Applications/microchip/xc32/v4.10/bin/bin/../../lib/gcc/pic32c/8.3.1/thumb/v7e-m+fp/hard/crtn.o
 .xc_stack_usage.hdr
                0x00000000        0xe /Applications/microchip/xc32/v4.10/bin/bin/../../lib/gcc/pic32c/8.3.1/thumb/v7e-m+fp/hard/crtn.o

Memory Configuration

Name             Origin             Length             Attributes
rom              0x00000000         0x00100000         xrl
ram              0x20000000         0x00040000         xw !r
tcm              0x03000000         0x00000000         xw
bkupram          0x47000000         0x00002000
config_00804000  0x00804000         0x00000004
config_00804008  0x00804008         0x00000004
config_00804004  0x00804004         0x00000004
*default*        0x00000000         0xffffffff

Linker script and memory map

LOAD /Applications/microchip/xc32/v4.10/bin/bin/../../lib/gcc/pic32c/8.3.1/thumb/v7e-m+fp/hard/crti.o
LOAD /Applications/microchip/xc32/v4.10/bin/bin/../../lib/gcc/pic32c/8.3.1/thumb/v7e-m+fp/hard/crtbegin.o
LOAD build/default/production/_ext/1593096446/plib_nvmctrl.o
LOAD build/default/production/_ext/1434821282/bsp.o
LOAD build/default/production/_ext/1986646378/plib_evsys.o
LOAD build/default/production/_ext/17022449/plib_sercom6_spi_master.o
LOAD build/default/production/_ext/1360937237/main.o
LOAD build/default/production/_ext/1171490990/initialization.o
LOAD build/default/production/_ext/1171490990/interrupts.o
LOAD build/default/production/_ext/1171490990/exceptions.o
LOAD build/default/production/_ext/163028504/xc32_monitor.o
LOAD build/default/production/_ext/1865521619/plib_port.o
LOAD build/default/production/_ext/1984496892/plib_clock.o
LOAD build/default/production/_ext/1865468468/plib_nvic.o
LOAD build/default/production/_ext/1865131932/plib_cmcc.o
LOAD build/default/production/_ext/1171490990/startup_xc32.o
LOAD build/default/production/_ext/1171490990/libc_syscalls.o
LOAD build/default/production/_ext/60180175/plib_rtc_timer.o
                0x00000001                __MPLAB_BUILD = 0x1
                0x00100000                __rom_end = (ORIGIN (rom) + LENGTH (rom))
                0x20040000                __ram_end = (ORIGIN (ram) + LENGTH (ram))

.config_00804000
 *(.config_00804000)

.config_00804008
 *(.config_00804008)

.config_00804004
 *(.config_00804004)

.vectors        0x00000000      0x264
                0x00000000                . = ALIGN (0x4)
                0x00000000                _sfixed = .
 *(.vectors .vectors.* .vectors_default .vectors_default.*)
 .vectors.exception_table
                0x00000000      0x264 build/default/production/_ext/1171490990/interrupts.o
                0x00000000                exception_table
 *(.isr_vector)
 *(.reset*)
 *(.after_vectors)

.text           0x00000264       0x20
                0x00000264                . = ALIGN (0x4)
 *(.glue_7t)
 .glue_7t       0x00000264        0x0 linker stubs
 *(.glue_7)
 .glue_7        0x00000264        0x0 linker stubs
 *(.gnu.linkonce.r.*)
 *(.ARM.extab* .gnu.linkonce.armextab.*)
                0x00000264                . = ALIGN (0x4)
 *(.init)
 .init          0x00000264        0x4 /Applications/microchip/xc32/v4.10/bin/bin/../../lib/gcc/pic32c/8.3.1/thumb/v7e-m+fp/hard/crti.o
                0x00000264                _init
 .init          0x00000268        0x8 /Applications/microchip/xc32/v4.10/bin/bin/../../lib/gcc/pic32c/8.3.1/thumb/v7e-m+fp/hard/crtn.o
                0x00000270                . = ALIGN (0x4)
                0x00000270                __preinit_array_start = .
 *(.preinit_array)
                0x00000270                __preinit_array_end = .
                0x00000270                . = ALIGN (0x4)
                0x00000270                __init_array_start = .
 *(SORT_BY_NAME(.init_array.*))
 *(.init_array)
 .init_array    0x00000270        0x4 /Applications/microchip/xc32/v4.10/bin/bin/../../lib/gcc/pic32c/8.3.1/thumb/v7e-m+fp/hard/crtbegin.o
                0x00000274                __init_array_end = .
                0x00000274                . = ALIGN (0x4)
 *crtbegin.o(.ctors)
 *(EXCLUDE_FILE(*crtend.o) .ctors)
 *(SORT_BY_NAME(.ctors.*))
 *crtend.o(.ctors)
                0x00000274                . = ALIGN (0x4)
 *(.fini)
 .fini          0x00000274        0x4 /Applications/microchip/xc32/v4.10/bin/bin/../../lib/gcc/pic32c/8.3.1/thumb/v7e-m+fp/hard/crti.o
                0x00000274                _fini
 .fini          0x00000278        0x8 /Applications/microchip/xc32/v4.10/bin/bin/../../lib/gcc/pic32c/8.3.1/thumb/v7e-m+fp/hard/crtn.o
                0x00000280                . = ALIGN (0x4)
                0x00000280                __fini_array_start = .
 *(.fini_array)
 .fini_array    0x00000280        0x4 /Applications/microchip/xc32/v4.10/bin/bin/../../lib/gcc/pic32c/8.3.1/thumb/v7e-m+fp/hard/crtbegin.o
 *(SORT_BY_NAME(.fini_array.*))
                0x00000284                __fini_array_end = .
 *crtbegin.o(.dtors)
 *(EXCLUDE_FILE(*crtend.o) .dtors)
 *(SORT_BY_NAME(.dtors.*))
 *crtend.o(.dtors)
                0x00000284                . = ALIGN (0x4)
                0x00000284                _efixed = .
                [!provide]                PROVIDE (__exidx_start = .)

.ARM.exidx
 *(.ARM.exidx* .gnu.linkonce.armexidx.*)
                [!provide]                PROVIDE (__exidx_end = .)
                0x00000284                . = ALIGN (0x4)
                0x00000284                _etext = .

.bss            0x20000000        0x0
                0x20000000                . = ALIGN (0x4)
                0x20000000                __bss_start__ = .
                0x20000000                _sbss = .
                0x20000000                _szero = .
 *(COMMON)
                0x20000000                . = ALIGN (0x4)
                0x20000000                __bss_end__ = .
                0x20000000                _ebss = .
                0x20000000                _ezero = .
                0x20000000                . = ALIGN (0x4)
                0x20000000                _end = .
                0x2003ffff                _ram_end_ = ((ORIGIN (ram) + LENGTH (ram)) - 0x1)

.bkupram_bss
 *(.bkupram_bss .bkupram_bss.*)
 *(.pbss .pbss.*)
                0x00000200                _min_heap_size = 0x200
START GROUP
LOAD /Applications/microchip/xc32/v4.10/bin/bin/../../lib/gcc/pic32c/8.3.1/../../../../pic32c/lib/thumb/v7e-m+fp/hard/libpic32c.a
LOAD /Applications/microchip/xc32/v4.10/bin/bin/../../lib/gcc/pic32c/8.3.1/../../../../pic32c/lib/thumb/v7e-m+fp/hard/libm-emfloat.a
LOAD /Applications/microchip/xc32/v4.10/bin/bin/../../lib/gcc/pic32c/8.3.1/../../../../pic32c/lib/thumb/v7e-m+fp/hard/libc-musl.a
LOAD /Applications/microchip/xc32/v4.10/bin/bin/../../lib/gcc/pic32c/8.3.1/../../../../pic32c/lib/thumb/v7e-m+fp/hard/libm-emfloat.a
LOAD /Applications/microchip/xc32/v4.10/bin/bin/../../lib/gcc/pic32c/8.3.1/thumb/v7e-m+fp/hard/libgcc.a
END GROUP
LOAD /Applications/microchip/xc32/v4.10/bin/bin/../../lib/gcc/pic32c/8.3.1/thumb/v7e-m+fp/hard/crtend.o
LOAD /Applications/microchip/xc32/v4.10/bin/bin/../../lib/gcc/pic32c/8.3.1/thumb/v7e-m+fp/hard/crtn.o
OUTPUT(dist/default/production/weather-station-proto-research-same54-xplained.X.production.elf elf32-littlearm)
LOAD stack
LOAD data_init

.ARM.attributes
                0x00000000       0x34
 .ARM.attributes
                0x00000000       0x1e /Applications/microchip/xc32/v4.10/bin/bin/../../lib/gcc/pic32c/8.3.1/thumb/v7e-m+fp/hard/crti.o
 .ARM.attributes
                0x0000001e       0x34 /Applications/microchip/xc32/v4.10/bin/bin/../../lib/gcc/pic32c/8.3.1/thumb/v7e-m+fp/hard/crtbegin.o
 .ARM.attributes
                0x00000052       0x34 build/default/production/_ext/1593096446/plib_nvmctrl.o
 .ARM.attributes
                0x00000086       0x34 build/default/production/_ext/1434821282/bsp.o
 .ARM.attributes
                0x000000ba       0x34 build/default/production/_ext/1986646378/plib_evsys.o
 .ARM.attributes
                0x000000ee       0x34 build/default/production/_ext/17022449/plib_sercom6_spi_master.o
 .ARM.attributes
                0x00000122       0x34 build/default/production/_ext/1360937237/main.o
 .ARM.attributes
                0x00000156       0x34 build/default/production/_ext/1171490990/initialization.o
 .ARM.attributes
                0x0000018a       0x34 build/default/production/_ext/1171490990/interrupts.o
 .ARM.attributes
                0x000001be       0x34 build/default/production/_ext/1171490990/exceptions.o
 .ARM.attributes
                0x000001f2       0x34 build/default/production/_ext/1865521619/plib_port.o
 .ARM.attributes
                0x00000226       0x34 build/default/production/_ext/1984496892/plib_clock.o
 .ARM.attributes
                0x0000025a       0x34 build/default/production/_ext/1865468468/plib_nvic.o
 .ARM.attributes
                0x0000028e       0x34 build/default/production/_ext/1171490990/startup_xc32.o
 .ARM.attributes
                0x000002c2       0x34 build/default/production/_ext/60180175/plib_rtc_timer.o
 .ARM.attributes
                0x000002f6       0x34 /Applications/microchip/xc32/v4.10/bin/bin/../../lib/gcc/pic32c/8.3.1/../../../../pic32c/lib/thumb/v7e-m+fp/hard/libpic32c.a(data_init.o)
 .ARM.attributes
                0x0000032a       0x36 /Applications/microchip/xc32/v4.10/bin/bin/../../lib/gcc/pic32c/8.3.1/../../../../pic32c/lib/thumb/v7e-m+fp/hard/libc-musl.a(__libc_start_main.o)
 .ARM.attributes
                0x00000360       0x34 /Applications/microchip/xc32/v4.10/bin/bin/../../lib/gcc/pic32c/8.3.1/../../../../pic32c/lib/thumb/v7e-m+fp/hard/libc-musl.a(libc.o)
 .ARM.attributes
                0x00000394       0x34 /Applications/microchip/xc32/v4.10/bin/bin/../../lib/gcc/pic32c/8.3.1/../../../../pic32c/lib/thumb/v7e-m+fp/hard/libc-musl.a(__environ.o)
 .ARM.attributes
                0x000003c8       0x1e /Applications/microchip/xc32/v4.10/bin/bin/../../lib/gcc/pic32c/8.3.1/thumb/v7e-m+fp/hard/crtn.o

.comment        0x00000000       0x2b
 .comment       0x00000000       0x2b /Applications/microchip/xc32/v4.10/bin/bin/../../lib/gcc/pic32c/8.3.1/thumb/v7e-m+fp/hard/crtbegin.o
                                 0x2c (size before relaxing)
 .comment       0x0000002b       0x2c build/default/production/_ext/1593096446/plib_nvmctrl.o
 .comment       0x0000002b       0x2c build/default/production/_ext/1434821282/bsp.o
 .comment       0x0000002b       0x2c build/default/production/_ext/1986646378/plib_evsys.o
 .comment       0x0000002b       0x2c build/default/production/_ext/17022449/plib_sercom6_spi_master.o
 .comment       0x0000002b       0x2c build/default/production/_ext/1360937237/main.o
 .comment       0x0000002b       0x2c build/default/production/_ext/1171490990/initialization.o
 .comment       0x0000002b       0x2c build/default/production/_ext/1171490990/interrupts.o
 .comment       0x0000002b       0x2c build/default/production/_ext/1171490990/exceptions.o
 .comment       0x0000002b       0x2c build/default/production/_ext/1865521619/plib_port.o
 .comment       0x0000002b       0x2c build/default/production/_ext/1984496892/plib_clock.o
 .comment       0x0000002b       0x2c build/default/production/_ext/1865468468/plib_nvic.o
 .comment       0x0000002b       0x2c build/default/production/_ext/1171490990/startup_xc32.o
 .comment       0x0000002b       0x2c build/default/production/_ext/60180175/plib_rtc_timer.o
 .comment       0x0000002b       0x2c /Applications/microchip/xc32/v4.10/bin/bin/../../lib/gcc/pic32c/8.3.1/../../../../pic32c/lib/thumb/v7e-m+fp/hard/libpic32c.a(data_init.o)
 .comment       0x0000002b       0x2c /Applications/microchip/xc32/v4.10/bin/bin/../../lib/gcc/pic32c/8.3.1/../../../../pic32c/lib/thumb/v7e-m+fp/hard/libc-musl.a(__libc_start_main.o)
 .comment       0x0000002b       0x2c /Applications/microchip/xc32/v4.10/bin/bin/../../lib/gcc/pic32c/8.3.1/../../../../pic32c/lib/thumb/v7e-m+fp/hard/libc-musl.a(libc.o)
 .comment       0x0000002b       0x2c /Applications/microchip/xc32/v4.10/bin/bin/../../lib/gcc/pic32c/8.3.1/../../../../pic32c/lib/thumb/v7e-m+fp/hard/libc-musl.a(__environ.o)

.debug_info     0x00000000     0xa955
 .debug_info    0x00000000      0xe7a build/default/production/_ext/1593096446/plib_nvmctrl.o
 .debug_info    0x00000e7a      0x55d build/default/production/_ext/1434821282/bsp.o
 .debug_info    0x000013d7      0x33b build/default/production/_ext/1986646378/plib_evsys.o
 .debug_info    0x00001712     0x14c5 build/default/production/_ext/17022449/plib_sercom6_spi_master.o
 .debug_info    0x00002bd7      0x339 build/default/production/_ext/1360937237/main.o
 .debug_info    0x00002f10      0x40b build/default/production/_ext/1171490990/initialization.o
 .debug_info    0x0000331b     0x16fc build/default/production/_ext/1171490990/interrupts.o
 .debug_info    0x00004a17      0x3fd build/default/production/_ext/1171490990/exceptions.o
 .debug_info    0x00004e14     0x10e2 build/default/production/_ext/1865521619/plib_port.o
 .debug_info    0x00005ef6      0xb7f build/default/production/_ext/1984496892/plib_clock.o
 .debug_info    0x00006a75     0x1577 build/default/production/_ext/1865468468/plib_nvic.o
 .debug_info    0x00007fec      0x8b6 build/default/production/_ext/1171490990/startup_xc32.o
 .debug_info    0x000088a2      0xff2 build/default/production/_ext/60180175/plib_rtc_timer.o
 .debug_info    0x00009894      0x2ae /Applications/microchip/xc32/v4.10/bin/bin/../../lib/gcc/pic32c/8.3.1/../../../../pic32c/lib/thumb/v7e-m+fp/hard/libpic32c.a(data_init.o)
 .debug_info    0x00009b42      0x627 /Applications/microchip/xc32/v4.10/bin/bin/../../lib/gcc/pic32c/8.3.1/../../../../pic32c/lib/thumb/v7e-m+fp/hard/libc-musl.a(__libc_start_main.o)
 .debug_info    0x0000a169      0x539 /Applications/microchip/xc32/v4.10/bin/bin/../../lib/gcc/pic32c/8.3.1/../../../../pic32c/lib/thumb/v7e-m+fp/hard/libc-musl.a(libc.o)
 .debug_info    0x0000a6a2      0x2b3 /Applications/microchip/xc32/v4.10/bin/bin/../../lib/gcc/pic32c/8.3.1/../../../../pic32c/lib/thumb/v7e-m+fp/hard/libc-musl.a(__environ.o)

.debug_abbrev   0x00000000     0x12ac
 .debug_abbrev  0x00000000      0x245 build/default/production/_ext/1593096446/plib_nvmctrl.o
 .debug_abbrev  0x00000245       0xa8 build/default/production/_ext/1434821282/bsp.o
 .debug_abbrev  0x000002ed       0x3b build/default/production/_ext/1986646378/plib_evsys.o
 .debug_abbrev  0x00000328      0x29a build/default/production/_ext/17022449/plib_sercom6_spi_master.o
 .debug_abbrev  0x000005c2       0x6a build/default/production/_ext/1360937237/main.o
 .debug_abbrev  0x0000062c       0x8b build/default/production/_ext/1171490990/initialization.o
 .debug_abbrev  0x000006b7       0xb5 build/default/production/_ext/1171490990/interrupts.o
 .debug_abbrev  0x0000076c       0x3e build/default/production/_ext/1171490990/exceptions.o
 .debug_abbrev  0x000007aa      0x1d6 build/default/production/_ext/1865521619/plib_port.o
 .debug_abbrev  0x00000980      0x122 build/default/production/_ext/1984496892/plib_clock.o
 .debug_abbrev  0x00000aa2      0x1f3 build/default/production/_ext/1865468468/plib_nvic.o
 .debug_abbrev  0x00000c95      0x1db build/default/production/_ext/1171490990/startup_xc32.o
 .debug_abbrev  0x00000e70      0x1e8 build/default/production/_ext/60180175/plib_rtc_timer.o
 .debug_abbrev  0x00001058       0x2e /Applications/microchip/xc32/v4.10/bin/bin/../../lib/gcc/pic32c/8.3.1/../../../../pic32c/lib/thumb/v7e-m+fp/hard/libpic32c.a(data_init.o)
 .debug_abbrev  0x00001086      0x117 /Applications/microchip/xc32/v4.10/bin/bin/../../lib/gcc/pic32c/8.3.1/../../../../pic32c/lib/thumb/v7e-m+fp/hard/libc-musl.a(__libc_start_main.o)
 .debug_abbrev  0x0000119d       0xb8 /Applications/microchip/xc32/v4.10/bin/bin/../../lib/gcc/pic32c/8.3.1/../../../../pic32c/lib/thumb/v7e-m+fp/hard/libc-musl.a(libc.o)
 .debug_abbrev  0x00001255       0x57 /Applications/microchip/xc32/v4.10/bin/bin/../../lib/gcc/pic32c/8.3.1/../../../../pic32c/lib/thumb/v7e-m+fp/hard/libc-musl.a(__environ.o)

.debug_loc      0x00000000     0x13ae
 .debug_loc     0x00000000      0x868 build/default/production/_ext/1593096446/plib_nvmctrl.o
 .debug_loc     0x00000868      0x5fd build/default/production/_ext/17022449/plib_sercom6_spi_master.o
 .debug_loc     0x00000e65       0x20 build/default/production/_ext/1360937237/main.o
 .debug_loc     0x00000e85       0x45 build/default/production/_ext/1171490990/initialization.o
 .debug_loc     0x00000eca      0x1bc build/default/production/_ext/1865521619/plib_port.o
 .debug_loc     0x00001086      0x1c5 build/default/production/_ext/1865468468/plib_nvic.o
 .debug_loc     0x0000124b       0x4a build/default/production/_ext/1171490990/startup_xc32.o
 .debug_loc     0x00001295       0xb4 build/default/production/_ext/60180175/plib_rtc_timer.o
 .debug_loc     0x00001349       0x14 /Applications/microchip/xc32/v4.10/bin/bin/../../lib/gcc/pic32c/8.3.1/../../../../pic32c/lib/thumb/v7e-m+fp/hard/libpic32c.a(data_init.o)
 .debug_loc     0x0000135d       0x51 /Applications/microchip/xc32/v4.10/bin/bin/../../lib/gcc/pic32c/8.3.1/../../../../pic32c/lib/thumb/v7e-m+fp/hard/libc-musl.a(__libc_start_main.o)

.debug_aranges  0x00000000      0x438
 .debug_aranges
                0x00000000       0xd8 build/default/production/_ext/1593096446/plib_nvmctrl.o
 .debug_aranges
                0x000000d8       0x20 build/default/production/_ext/1434821282/bsp.o
 .debug_aranges
                0x000000f8       0x20 build/default/production/_ext/1986646378/plib_evsys.o
 .debug_aranges
                0x00000118       0x60 build/default/production/_ext/17022449/plib_sercom6_spi_master.o
 .debug_aranges
                0x00000178       0x20 build/default/production/_ext/1360937237/main.o
 .debug_aranges
                0x00000198       0x20 build/default/production/_ext/1171490990/initialization.o
 .debug_aranges
                0x000001b8       0x20 build/default/production/_ext/1171490990/interrupts.o
 .debug_aranges
                0x000001d8       0x48 build/default/production/_ext/1171490990/exceptions.o
 .debug_aranges
                0x00000220       0x70 build/default/production/_ext/1865521619/plib_port.o
 .debug_aranges
                0x00000290       0x20 build/default/production/_ext/1984496892/plib_clock.o
 .debug_aranges
                0x000002b0       0x38 build/default/production/_ext/1865468468/plib_nvic.o
 .debug_aranges
                0x000002e8       0x28 build/default/production/_ext/1171490990/startup_xc32.o
 .debug_aranges
                0x00000310       0xb0 build/default/production/_ext/60180175/plib_rtc_timer.o
 .debug_aranges
                0x000003c0       0x20 /Applications/microchip/xc32/v4.10/bin/bin/../../lib/gcc/pic32c/8.3.1/../../../../pic32c/lib/thumb/v7e-m+fp/hard/libpic32c.a(data_init.o)
 .debug_aranges
                0x000003e0       0x28 /Applications/microchip/xc32/v4.10/bin/bin/../../lib/gcc/pic32c/8.3.1/../../../../pic32c/lib/thumb/v7e-m+fp/hard/libc-musl.a(__libc_start_main.o)
 .debug_aranges
                0x00000408       0x18 /Applications/microchip/xc32/v4.10/bin/bin/../../lib/gcc/pic32c/8.3.1/../../../../pic32c/lib/thumb/v7e-m+fp/hard/libc-musl.a(libc.o)
 .debug_aranges
                0x00000420       0x18 /Applications/microchip/xc32/v4.10/bin/bin/../../lib/gcc/pic32c/8.3.1/../../../../pic32c/lib/thumb/v7e-m+fp/hard/libc-musl.a(__environ.o)

.debug_ranges   0x00000000      0x340
 .debug_ranges  0x00000000       0xc8 build/default/production/_ext/1593096446/plib_nvmctrl.o
 .debug_ranges  0x000000c8       0x10 build/default/production/_ext/1434821282/bsp.o
 .debug_ranges  0x000000d8       0x10 build/default/production/_ext/1986646378/plib_evsys.o
 .debug_ranges  0x000000e8       0x50 build/default/production/_ext/17022449/plib_sercom6_spi_master.o
 .debug_ranges  0x00000138       0x10 build/default/production/_ext/1360937237/main.o
 .debug_ranges  0x00000148       0x10 build/default/production/_ext/1171490990/initialization.o
 .debug_ranges  0x00000158       0x10 build/default/production/_ext/1171490990/interrupts.o
 .debug_ranges  0x00000168       0x38 build/default/production/_ext/1171490990/exceptions.o
 .debug_ranges  0x000001a0       0x60 build/default/production/_ext/1865521619/plib_port.o
 .debug_ranges  0x00000200       0x10 build/default/production/_ext/1984496892/plib_clock.o
 .debug_ranges  0x00000210       0x28 build/default/production/_ext/1865468468/plib_nvic.o
 .debug_ranges  0x00000238       0x18 build/default/production/_ext/1171490990/startup_xc32.o
 .debug_ranges  0x00000250       0xa0 build/default/production/_ext/60180175/plib_rtc_timer.o
 .debug_ranges  0x000002f0       0x10 /Applications/microchip/xc32/v4.10/bin/bin/../../lib/gcc/pic32c/8.3.1/../../../../pic32c/lib/thumb/v7e-m+fp/hard/libpic32c.a(data_init.o)
 .debug_ranges  0x00000300       0x40 /Applications/microchip/xc32/v4.10/bin/bin/../../lib/gcc/pic32c/8.3.1/../../../../pic32c/lib/thumb/v7e-m+fp/hard/libc-musl.a(__libc_start_main.o)

.debug_line     0x00000000     0x2614
 .debug_line    0x00000000      0x5bf build/default/production/_ext/1593096446/plib_nvmctrl.o
 .debug_line    0x000005bf       0xd5 build/default/production/_ext/1434821282/bsp.o
 .debug_line    0x00000694       0x66 build/default/production/_ext/1986646378/plib_evsys.o
 .debug_line    0x000006fa      0x6cd build/default/production/_ext/17022449/plib_sercom6_spi_master.o
 .debug_line    0x00000dc7       0x6d build/default/production/_ext/1360937237/main.o
 .debug_line    0x00000e34      0x227 build/default/production/_ext/1171490990/initialization.o
 .debug_line    0x0000105b       0xb7 build/default/production/_ext/1171490990/interrupts.o
 .debug_line    0x00001112       0xc6 build/default/production/_ext/1171490990/exceptions.o
 .debug_line    0x000011d8      0x31e build/default/production/_ext/1865521619/plib_port.o
 .debug_line    0x000014f6      0x254 build/default/production/_ext/1984496892/plib_clock.o
 .debug_line    0x0000174a      0x3bd build/default/production/_ext/1865468468/plib_nvic.o
 .debug_line    0x00001b07      0x240 build/default/production/_ext/1171490990/startup_xc32.o
 .debug_line    0x00001d47      0x412 build/default/production/_ext/60180175/plib_rtc_timer.o
 .debug_line    0x00002159      0x112 /Applications/microchip/xc32/v4.10/bin/bin/../../lib/gcc/pic32c/8.3.1/../../../../pic32c/lib/thumb/v7e-m+fp/hard/libpic32c.a(data_init.o)
 .debug_line    0x0000226b      0x1db /Applications/microchip/xc32/v4.10/bin/bin/../../lib/gcc/pic32c/8.3.1/../../../../pic32c/lib/thumb/v7e-m+fp/hard/libc-musl.a(__libc_start_main.o)
 .debug_line    0x00002446       0xbf /Applications/microchip/xc32/v4.10/bin/bin/../../lib/gcc/pic32c/8.3.1/../../../../pic32c/lib/thumb/v7e-m+fp/hard/libc-musl.a(libc.o)
 .debug_line    0x00002505      0x10f /Applications/microchip/xc32/v4.10/bin/bin/../../lib/gcc/pic32c/8.3.1/../../../../pic32c/lib/thumb/v7e-m+fp/hard/libc-musl.a(__environ.o)

.debug_str      0x00000000      0x379
 .debug_str     0x00000000       0x20 build/default/production/_ext/1593096446/plib_nvmctrl.o
 .debug_str     0x00000020        0x0 build/default/production/_ext/1434821282/bsp.o
 .debug_str     0x00000020        0x0 build/default/production/_ext/1986646378/plib_evsys.o
 .debug_str     0x00000020      0x149 build/default/production/_ext/17022449/plib_sercom6_spi_master.o
 .debug_str     0x00000169        0xf build/default/production/_ext/1360937237/main.o
 .debug_str     0x00000178       0x8a build/default/production/_ext/1171490990/initialization.o
 .debug_str     0x00000202        0x0 build/default/production/_ext/1171490990/interrupts.o
 .debug_str     0x00000202        0x0 build/default/production/_ext/1171490990/exceptions.o
 .debug_str     0x00000202        0xb build/default/production/_ext/1865521619/plib_port.o
 .debug_str     0x0000020d       0x1e build/default/production/_ext/1984496892/plib_clock.o
 .debug_str     0x0000022b        0xa build/default/production/_ext/1865468468/plib_nvic.o
 .debug_str     0x00000235       0x2f build/default/production/_ext/1171490990/startup_xc32.o
 .debug_str     0x00000264      0x115 build/default/production/_ext/60180175/plib_rtc_timer.o
 .debug_str     0x00000379        0x0 /Applications/microchip/xc32/v4.10/bin/bin/../../lib/gcc/pic32c/8.3.1/../../../../pic32c/lib/thumb/v7e-m+fp/hard/libpic32c.a(data_init.o)
 .debug_str     0x00000379        0x0 /Applications/microchip/xc32/v4.10/bin/bin/../../lib/gcc/pic32c/8.3.1/../../../../pic32c/lib/thumb/v7e-m+fp/hard/libc-musl.a(__libc_start_main.o)
 .debug_str     0x00000379        0x0 /Applications/microchip/xc32/v4.10/bin/bin/../../lib/gcc/pic32c/8.3.1/../../../../pic32c/lib/thumb/v7e-m+fp/hard/libc-musl.a(libc.o)
 .debug_str     0x00000379        0x0 /Applications/microchip/xc32/v4.10/bin/bin/../../lib/gcc/pic32c/8.3.1/../../../../pic32c/lib/thumb/v7e-m+fp/hard/libc-musl.a(__environ.o)

.debug_frame    0x00000000      0x700
 .debug_frame   0x00000000      0x1dc build/default/production/_ext/1593096446/plib_nvmctrl.o
 .debug_frame   0x000001dc       0x20 build/default/production/_ext/1434821282/bsp.o
 .debug_frame   0x000001fc       0x20 build/default/production/_ext/1986646378/plib_evsys.o
 .debug_frame   0x0000021c       0xd4 build/default/production/_ext/17022449/plib_sercom6_spi_master.o
 .debug_frame   0x000002f0       0x28 build/default/production/_ext/1360937237/main.o
 .debug_frame   0x00000318       0x28 build/default/production/_ext/1171490990/initialization.o
 .debug_frame   0x00000340       0x20 build/default/production/_ext/1171490990/interrupts.o
 .debug_frame   0x00000360       0x70 build/default/production/_ext/1171490990/exceptions.o
 .debug_frame   0x000003d0       0xcc build/default/production/_ext/1865521619/plib_port.o
 .debug_frame   0x0000049c       0x20 build/default/production/_ext/1984496892/plib_clock.o
 .debug_frame   0x000004bc       0x50 build/default/production/_ext/1865468468/plib_nvic.o
 .debug_frame   0x0000050c       0x38 build/default/production/_ext/1171490990/startup_xc32.o
 .debug_frame   0x00000544      0x148 build/default/production/_ext/60180175/plib_rtc_timer.o
 .debug_frame   0x0000068c       0x38 /Applications/microchip/xc32/v4.10/bin/bin/../../lib/gcc/pic32c/8.3.1/../../../../pic32c/lib/thumb/v7e-m+fp/hard/libpic32c.a(data_init.o)
 .debug_frame   0x000006c4       0x3c /Applications/microchip/xc32/v4.10/bin/bin/../../lib/gcc/pic32c/8.3.1/../../../../pic32c/lib/thumb/v7e-m+fp/hard/libc-musl.a(__libc_start_main.o)

.note.GNU-stack
                0x00000000        0x0
 .note.GNU-stack
                0x00000000        0x0 /Applications/microchip/xc32/v4.10/bin/bin/../../lib/gcc/pic32c/8.3.1/../../../../pic32c/lib/thumb/v7e-m+fp/hard/libc-musl.a(__libc_start_main.o)
 .note.GNU-stack
                0x00000000        0x0 /Applications/microchip/xc32/v4.10/bin/bin/../../lib/gcc/pic32c/8.3.1/../../../../pic32c/lib/thumb/v7e-m+fp/hard/libc-musl.a(libc.o)
 .note.GNU-stack
                0x00000000        0x0 /Applications/microchip/xc32/v4.10/bin/bin/../../lib/gcc/pic32c/8.3.1/../../../../pic32c/lib/thumb/v7e-m+fp/hard/libc-musl.a(__environ.o)

.stack          0x200002c8      0x100
 .stack         0x200002c8      0x100 stack

.bss%1          0x20000000       0x50
 .bss           0x20000000       0x50 /Applications/microchip/xc32/v4.10/bin/bin/../../lib/gcc/pic32c/8.3.1/../../../../pic32c/lib/thumb/v7e-m+fp/hard/libc-musl.a(libc.o)
                0x20000000                program_invocation_name
                0x20000000                __progname_full
                0x20000004                __progname
                0x20000004                program_invocation_short_name
                0x20000008                __sysinfo
                0x2000000c                __hwcap
                0x20000010                __libc

.bss.sercom6SPIObj%2
                0x20000050       0x2c
 .bss.sercom6SPIObj
                0x20000050       0x2c build/default/production/_ext/17022449/plib_sercom6_spi_master.o

.bss%3          0x2000007c       0x1c
 .bss           0x2000007c       0x1c /Applications/microchip/xc32/v4.10/bin/bin/../../lib/gcc/pic32c/8.3.1/thumb/v7e-m+fp/hard/crtbegin.o

.bss.rtcObj%4   0x20000098        0xc
 .bss.rtcObj    0x20000098        0xc build/default/production/_ext/60180175/plib_rtc_timer.o

.bss%5          0x200000a4        0x8
 .bss           0x200000a4        0x4 /Applications/microchip/xc32/v4.10/bin/bin/../../lib/gcc/pic32c/8.3.1/../../../../pic32c/lib/thumb/v7e-m+fp/hard/libpic32c.a(data_init.o)
 .bss           0x200000a8        0x4 /Applications/microchip/xc32/v4.10/bin/bin/../../lib/gcc/pic32c/8.3.1/../../../../pic32c/lib/thumb/v7e-m+fp/hard/libc-musl.a(__environ.o)
                0x200000a8                _environ
                0x200000a8                __environ
                0x200000a8                environ
                0x200000a8                ___environ

.bss.isLastByteTransferInProgress.8206%7
                0x200000ac        0x1
 .bss.isLastByteTransferInProgress.8206
                0x200000ac        0x1 build/default/production/_ext/17022449/plib_sercom6_spi_master.o

.eh_frame%z1    0x00000000        0x0
 .eh_frame      0x00000000        0x0 /Applications/microchip/xc32/v4.10/bin/bin/../../lib/gcc/pic32c/8.3.1/thumb/v7e-m+fp/hard/crtbegin.o

.config_00804000.__config_00804000%8
                0x00804000        0x4
 .config_00804000.__config_00804000
                0x00804000        0x4 build/default/production/_ext/1171490990/initialization.o
                0x00804000                __config_00804000

.config_00804004.__config_00804004%9
                0x00804004        0x4
 .config_00804004.__config_00804004
                0x00804004        0x4 build/default/production/_ext/1171490990/initialization.o
                0x00804004                __config_00804004

.config_00804008.__config_00804008%10
                0x00804008        0x4
 .config_00804008.__config_00804008
                0x00804008        0x4 build/default/production/_ext/1171490990/initialization.o
                0x00804008                __config_00804008

.text.SERCOM6_SPI_InterruptHandler%11
                0x00000284      0x16c
 .text.SERCOM6_SPI_InterruptHandler
                0x00000284      0x16c build/default/production/_ext/17022449/plib_sercom6_spi_master.o
                0x00000284                SERCOM6_SPI_InterruptHandler

.text.CLOCK_Initialize%12
                0x000003f0       0xd4
 .text.CLOCK_Initialize
                0x000003f0       0xd4 build/default/production/_ext/1984496892/plib_clock.o
                0x000003f0                CLOCK_Initialize

.text.Reset_Handler%13
                0x000004c4       0x88
 .text.Reset_Handler
                0x000004c4       0x88 build/default/production/_ext/1171490990/startup_xc32.o
                0x000004c4                Reset_Handler

.text.__pic32c_data_initialization%14
                0x0000054c       0x88
 .text.__pic32c_data_initialization
                0x0000054c       0x88 /Applications/microchip/xc32/v4.10/bin/bin/../../lib/gcc/pic32c/8.3.1/../../../../pic32c/lib/thumb/v7e-m+fp/hard/libpic32c.a(data_init.o)
                0x0000054c                __pic32c_data_initialization

.text.PORT_Initialize%15
                0x000005d4       0x78
 .text.PORT_Initialize
                0x000005d4       0x78 build/default/production/_ext/1865521619/plib_port.o
                0x000005d4                PORT_Initialize

.text.NVIC_Initialize%16
                0x0000064c       0x70
 .text.NVIC_Initialize
                0x0000064c       0x70 build/default/production/_ext/1865468468/plib_nvic.o
                0x0000064c                NVIC_Initialize

.dinit%17       0x000006bc       0x60
 .dinit         0x000006bc       0x60 data_init

.text.__libc_start_init%18
                0x0000071c       0x5c
 .text.__libc_start_init
                0x0000071c       0x5c /Applications/microchip/xc32/v4.10/bin/bin/../../lib/gcc/pic32c/8.3.1/../../../../pic32c/lib/thumb/v7e-m+fp/hard/libc-musl.a(__libc_start_main.o)
                0x0000071c                __libc_init_array

.text.RTC_Initialize%19
                0x00000778       0x48
 .text.RTC_Initialize
                0x00000778       0x48 build/default/production/_ext/60180175/plib_rtc_timer.o
                0x00000778                RTC_Initialize

.text%20        0x000007c0       0x40
 .text          0x000007c0       0x40 /Applications/microchip/xc32/v4.10/bin/bin/../../lib/gcc/pic32c/8.3.1/thumb/v7e-m+fp/hard/crtbegin.o

.text.SERCOM6_SPI_Initialize%21
                0x00000800       0x3c
 .text.SERCOM6_SPI_Initialize
                0x00000800       0x3c build/default/production/_ext/17022449/plib_sercom6_spi_master.o
                0x00000800                SERCOM6_SPI_Initialize

.text.RTC_InterruptHandler%22
                0x0000083c       0x28
 .text.RTC_InterruptHandler
                0x0000083c       0x28 build/default/production/_ext/60180175/plib_rtc_timer.o
                0x0000083c                RTC_InterruptHandler

.text.SYS_Initialize%23
                0x00000864       0x24
 .text.SYS_Initialize
                0x00000864       0x24 build/default/production/_ext/1171490990/initialization.o
                0x00000864                SYS_Initialize

.text.NVMCTRL_Initialize%24
                0x00000888       0x10
 .text.NVMCTRL_Initialize
                0x00000888       0x10 build/default/production/_ext/1593096446/plib_nvmctrl.o
                0x00000888                NVMCTRL_Initialize

.text.BSP_Initialize%25
                0x00000898       0x10
 .text.BSP_Initialize
                0x00000898       0x10 build/default/production/_ext/1434821282/bsp.o
                0x00000898                BSP_Initialize

.text.main%26   0x000008a8        0xa
 .text.main     0x000008a8        0xa build/default/production/_ext/1360937237/main.o
                0x000008a8                main

.text.EVSYS_Initialize%27
                0x000008b2        0x2
 .text.EVSYS_Initialize
                0x000008b2        0x2 build/default/production/_ext/1986646378/plib_evsys.o
                0x000008b2                EVSYS_Initialize

.text.Dummy_Handler%28
                0x000008b4        0x2
 .text.Dummy_Handler
                0x000008b4        0x2 build/default/production/_ext/1171490990/interrupts.o
                0x000008b4                TCC0_MC2_Handler
                0x000008b4                TCC0_MC5_Handler
                0x000008b4                SVCall_Handler
                0x000008b4                SERCOM0_2_Handler
                0x000008b4                USB_SOF_HSOF_Handler
                0x000008b4                TCC4_OTHER_Handler
                0x000008b4                TCC2_MC2_Handler
                0x000008b4                EVSYS_0_Handler
                0x000008b4                TRNG_Handler
                0x000008b4                TC2_Handler
                0x000008b4                USB_TRCPT0_Handler
                0x000008b4                DAC_OTHER_Handler
                0x000008b4                AC_Handler
                0x000008b4                DAC_EMPTY_0_Handler
                0x000008b4                DMAC_OTHER_Handler
                0x000008b4                EIC_EXTINT_5_Handler
                0x000008b4                SERCOM3_1_Handler
                0x000008b4                SysTick_Handler
                0x000008b4                SERCOM4_OTHER_Handler
                0x000008b4                SERCOM3_2_Handler
                0x000008b4                EIC_EXTINT_6_Handler
                0x000008b4                PendSV_Handler
                0x000008b4                TC7_Handler
                0x000008b4                TCC4_MC0_Handler
                0x000008b4                EVSYS_3_Handler
                0x000008b4                QSPI_Handler
                0x000008b4                TCC2_MC0_Handler
                0x000008b4                PDEC_OTHER_Handler
                0x000008b4                TCC3_MC0_Handler
                0x000008b4                PDEC_MC1_Handler
                0x000008b4                TCC2_MC1_Handler
                0x000008b4                OSCCTRL_XOSC1_Handler
                0x000008b4                PDEC_MC0_Handler
                0x000008b4                EIC_EXTINT_4_Handler
                0x000008b4                EIC_EXTINT_7_Handler
                0x000008b4                SERCOM0_OTHER_Handler
                0x000008b4                EVSYS_OTHER_Handler
                0x000008b4                SERCOM0_0_Handler
                0x000008b4                SERCOM4_0_Handler
                0x000008b4                TCC1_MC0_Handler
                0x000008b4                SERCOM1_OTHER_Handler
                0x000008b4                TCC2_OTHER_Handler
                0x000008b4                EIC_EXTINT_11_Handler
                0x000008b4                SUPC_BODDET_Handler
                0x000008b4                EIC_EXTINT_14_Handler
                0x000008b4                OSC32KCTRL_Handler
                0x000008b4                EVSYS_1_Handler
                0x000008b4                TC6_Handler
                0x000008b4                TCC4_MC1_Handler
                0x000008b4                DMAC_0_Handler
                0x000008b4                SUPC_OTHER_Handler
                0x000008b4                WDT_Handler
                0x000008b4                CAN0_Handler
                0x000008b4                EIC_EXTINT_15_Handler
                0x000008b4                EIC_EXTINT_1_Handler
                0x000008b4                TCC3_MC1_Handler
                0x000008b4                SERCOM5_0_Handler
                0x000008b4                TC4_Handler
                0x000008b4                TC1_Handler
                0x000008b4                TCC1_MC1_Handler
                0x000008b4                EIC_EXTINT_0_Handler
                0x000008b4                TCC1_OTHER_Handler
                0x000008b4                PAC_Handler
                0x000008b4                SERCOM4_1_Handler
                0x000008b4                TC3_Handler
                0x000008b4                Dummy_Handler
                0x000008b4                DAC_RESRDY_0_Handler
                0x000008b4                SERCOM5_1_Handler
                0x000008b4                DMAC_2_Handler
                0x000008b4                TCC0_MC4_Handler
                0x000008b4                USB_TRCPT1_Handler
                0x000008b4                SERCOM0_1_Handler
                0x000008b4                TCC0_MC3_Handler
                0x000008b4                EIC_EXTINT_12_Handler
                0x000008b4                OSCCTRL_DPLL0_Handler
                0x000008b4                SERCOM7_1_Handler
                0x000008b4                SERCOM5_OTHER_Handler
                0x000008b4                PM_Handler
                0x000008b4                OSCCTRL_DFLL_Handler
                0x000008b4                SERCOM7_0_Handler
                0x000008b4                DAC_RESRDY_1_Handler
                0x000008b4                DMAC_1_Handler
                0x000008b4                USB_OTHER_Handler
                0x000008b4                GMAC_Handler
                0x000008b4                SDHC1_Handler
                0x000008b4                SERCOM7_2_Handler
                0x000008b4                CAN1_Handler
                0x000008b4                TCC0_OTHER_Handler
                0x000008b4                EIC_EXTINT_10_Handler
                0x000008b4                TCC1_MC3_Handler
                0x000008b4                OSCCTRL_XOSC0_Handler
                0x000008b4                TCC0_MC0_Handler
                0x000008b4                EIC_EXTINT_2_Handler
                0x000008b4                SDHC0_Handler
                0x000008b4                SERCOM1_1_Handler
                0x000008b4                I2S_Handler
                0x000008b4                PCC_Handler
                0x000008b4                TCC3_OTHER_Handler
                0x000008b4                EIC_EXTINT_13_Handler
                0x000008b4                SERCOM1_0_Handler
                0x000008b4                PUKCC_Handler
                0x000008b4                SERCOM2_1_Handler
                0x000008b4                SERCOM1_2_Handler
                0x000008b4                SERCOM3_0_Handler
                0x000008b4                SERCOM4_2_Handler
                0x000008b4                TCC1_MC2_Handler
                0x000008b4                ADC1_RESRDY_Handler
                0x000008b4                NVMCTRL_1_Handler
                0x000008b4                SERCOM5_2_Handler
                0x000008b4                SERCOM2_2_Handler
                0x000008b4                DAC_EMPTY_1_Handler
                0x000008b4                ADC1_OTHER_Handler
                0x000008b4                OSCCTRL_DPLL1_Handler
                0x000008b4                EIC_EXTINT_3_Handler
                0x000008b4                SERCOM3_OTHER_Handler
                0x000008b4                EIC_EXTINT_8_Handler
                0x000008b4                NVMCTRL_0_Handler
                0x000008b4                ADC0_RESRDY_Handler
                0x000008b4                ADC0_OTHER_Handler
                0x000008b4                MCLK_Handler
                0x000008b4                SERCOM7_OTHER_Handler
                0x000008b4                EVSYS_2_Handler
                0x000008b4                SERCOM2_OTHER_Handler
                0x000008b4                FREQM_Handler
                0x000008b4                TC0_Handler
                0x000008b4                TCC0_MC1_Handler
                0x000008b4                DMAC_3_Handler
                0x000008b4                RAMECC_Handler
                0x000008b4                TC5_Handler
                0x000008b4                SERCOM2_0_Handler
                0x000008b4                AES_Handler
                0x000008b4                ICM_Handler
                0x000008b4                EIC_EXTINT_9_Handler

.text.NonMaskableInt_Handler%29
                0x000008b6        0x2
 .text.NonMaskableInt_Handler
                0x000008b6        0x2 build/default/production/_ext/1171490990/exceptions.o
                0x000008b6                NonMaskableInt_Handler

.text.HardFault_Handler%30
                0x000008b8        0x2
 .text.HardFault_Handler
                0x000008b8        0x2 build/default/production/_ext/1171490990/exceptions.o
                0x000008b8                HardFault_Handler

.text.DebugMonitor_Handler%31
                0x000008ba        0x2
 .text.DebugMonitor_Handler
                0x000008ba        0x2 build/default/production/_ext/1171490990/exceptions.o
                0x000008ba                DebugMonitor_Handler

.text.MemoryManagement_Handler%32
                0x000008bc        0x2
 .text.MemoryManagement_Handler
                0x000008bc        0x2 build/default/production/_ext/1171490990/exceptions.o
                0x000008bc                MemoryManagement_Handler

.text.BusFault_Handler%33
                0x000008be        0x2
 .text.BusFault_Handler
                0x000008be        0x2 build/default/production/_ext/1171490990/exceptions.o
                0x000008be                BusFault_Handler

.text.UsageFault_Handler%34
                0x000008c0        0x2
 .text.UsageFault_Handler
                0x000008c0        0x2 build/default/production/_ext/1171490990/exceptions.o
                0x000008c0                UsageFault_Handler

.text.Dummy_App_Func%35
                0x000008c2        0x2
 .text.Dummy_App_Func
                0x000008c2        0x2 build/default/production/_ext/1171490990/startup_xc32.o
                0x000008c2                __xc32_on_bootstrap
                0x000008c2                _on_reset
                0x000008c2                _on_bootstrap
                0x000008c2                __xc32_on_reset
                0x000008c2                Dummy_App_Func

.text.__dummy%36
                0x000008c4        0x2
 .text.__dummy  0x000008c4        0x2 /Applications/microchip/xc32/v4.10/bin/bin/../../lib/gcc/pic32c/8.3.1/../../../../pic32c/lib/thumb/v7e-m+fp/hard/libc-musl.a(__libc_start_main.o)
                0x000008c4                __init_host
                0x000008c4                __init_stdio
